<?xml version="1.0" encoding="ISO-8859-1" ?>
<link_info>
   <banner>TI ARM Clang Linker Unix v3.2.1.LTS</banner>
   <copyright>Copyright (c) 1996-2018 Texas Instruments Incorporated</copyright>
   <link_time>0x6811cbd9</link_time>
   <link_errors>0x0</link_errors>
   <output_file>/Users/krisztiancsuta/Documents/FRT/i2c_controller_LP_MSPM0G3507_freertos_ticlang/Debug/i2c_controller_LP_MSPM0G3507_freertos_ticlang.out</output_file>
   <entry_point>
      <name>_c_int00_noargs</name>
      <address>0x70fd</address>
   </entry_point>
   <input_file_list>
      <input_file id="fl-1">
         <path>/Users/krisztiancsuta/Documents/FRT/i2c_controller_LP_MSPM0G3507_freertos_ticlang/Debug/./</path>
         <kind>object</kind>
         <file>i2ccontroller.o</file>
         <name>i2ccontroller.o</name>
      </input_file>
      <input_file id="fl-2">
         <path>/Users/krisztiancsuta/Documents/FRT/i2c_controller_LP_MSPM0G3507_freertos_ticlang/Debug/./</path>
         <kind>object</kind>
         <file>main_freertos.o</file>
         <name>main_freertos.o</name>
      </input_file>
      <input_file id="fl-3">
         <path>/Users/krisztiancsuta/Documents/FRT/i2c_controller_LP_MSPM0G3507_freertos_ticlang/Debug/./</path>
         <kind>object</kind>
         <file>ti_drivers_config.o</file>
         <name>ti_drivers_config.o</name>
      </input_file>
      <input_file id="fl-4">
         <path>/Users/krisztiancsuta/Documents/FRT/i2c_controller_LP_MSPM0G3507_freertos_ticlang/Debug/./</path>
         <kind>object</kind>
         <file>ti_msp_dl_config.o</file>
         <name>ti_msp_dl_config.o</name>
      </input_file>
      <input_file id="fl-5">
         <path>/Users/krisztiancsuta/Documents/FRT/i2c_controller_LP_MSPM0G3507_freertos_ticlang/Debug/./freertos/ticlang/</path>
         <kind>object</kind>
         <file>startup_mspm0g350x_ticlang.o</file>
         <name>startup_mspm0g350x_ticlang.o</name>
      </input_file>
      <input_file id="fl-6">
         <path>/Users/krisztiancsuta/Documents/FRT/i2c_controller_LP_MSPM0G3507_freertos_ticlang/Debug/./ti/display/</path>
         <kind>object</kind>
         <file>Display.o</file>
         <name>Display.o</name>
      </input_file>
      <input_file id="fl-7">
         <path>/Users/krisztiancsuta/Documents/FRT/i2c_controller_LP_MSPM0G3507_freertos_ticlang/Debug/./ti/display/</path>
         <kind>object</kind>
         <file>DisplayUart.o</file>
         <name>DisplayUart.o</name>
      </input_file>
      <input_file id="fl-15">
         <path>/Users/krisztiancsuta/Documents/FRT/i2c_controller_LP_MSPM0G3507_freertos_ticlang/Debug/</path>
         <kind>object</kind>
         <file>&lt;internal&gt;</file>
         <name>&lt;internal&gt;</name>
      </input_file>
      <input_file id="fl-16">
         <path>/Applications/ti/mspm0_sdk_2_04_00_06/source/ti/drivers/lib/ticlang/m0p/</path>
         <kind>archive</kind>
         <file>drivers_mspm0g1x0x_g3x0x.a</file>
         <name>I2C.o</name>
      </input_file>
      <input_file id="fl-17">
         <path>/Applications/ti/mspm0_sdk_2_04_00_06/source/ti/drivers/lib/ticlang/m0p/</path>
         <kind>archive</kind>
         <file>drivers_mspm0g1x0x_g3x0x.a</file>
         <name>UART.o</name>
      </input_file>
      <input_file id="fl-18">
         <path>/Applications/ti/mspm0_sdk_2_04_00_06/source/ti/drivers/lib/ticlang/m0p/</path>
         <kind>archive</kind>
         <file>drivers_mspm0g1x0x_g3x0x.a</file>
         <name>GPIOMSPM0.o</name>
      </input_file>
      <input_file id="fl-19">
         <path>/Applications/ti/mspm0_sdk_2_04_00_06/source/ti/drivers/lib/ticlang/m0p/</path>
         <kind>archive</kind>
         <file>drivers_mspm0g1x0x_g3x0x.a</file>
         <name>I2CMSPM0.o</name>
      </input_file>
      <input_file id="fl-1a">
         <path>/Applications/ti/mspm0_sdk_2_04_00_06/source/ti/drivers/lib/ticlang/m0p/</path>
         <kind>archive</kind>
         <file>drivers_mspm0g1x0x_g3x0x.a</file>
         <name>UARTMSPM0.o</name>
      </input_file>
      <input_file id="fl-1b">
         <path>/Applications/ti/mspm0_sdk_2_04_00_06/source/ti/drivers/lib/ticlang/m0p/</path>
         <kind>archive</kind>
         <file>drivers_mspm0g1x0x_g3x0x.a</file>
         <name>DMAMSPM0.o</name>
      </input_file>
      <input_file id="fl-1c">
         <path>/Applications/ti/mspm0_sdk_2_04_00_06/source/ti/drivers/lib/ticlang/m0p/</path>
         <kind>archive</kind>
         <file>drivers_mspm0g1x0x_g3x0x.a</file>
         <name>RingBuf.o</name>
      </input_file>
      <input_file id="fl-1d">
         <path>/Applications/ti/mspm0_sdk_2_04_00_06/source/ti/drivers/lib/ticlang/m0p/</path>
         <kind>archive</kind>
         <file>drivers_mspm0g1x0x_g3x0x.a</file>
         <name>GPIO.o</name>
      </input_file>
      <input_file id="fl-1e">
         <path>/Users/krisztiancsuta/Documents/FRT/freertos_builds_LP_MSPM0G3507_release_ticlang/Debug/</path>
         <kind>archive</kind>
         <file>freertos_builds_LP_MSPM0G3507_release_ticlang.lib</file>
         <name>HwiPMSPM0_freertos.o</name>
      </input_file>
      <input_file id="fl-1f">
         <path>/Users/krisztiancsuta/Documents/FRT/freertos_builds_LP_MSPM0G3507_release_ticlang/Debug/</path>
         <kind>archive</kind>
         <file>freertos_builds_LP_MSPM0G3507_release_ticlang.lib</file>
         <name>SemaphoreP_freertos.o</name>
      </input_file>
      <input_file id="fl-20">
         <path>/Users/krisztiancsuta/Documents/FRT/freertos_builds_LP_MSPM0G3507_release_ticlang/Debug/</path>
         <kind>archive</kind>
         <file>freertos_builds_LP_MSPM0G3507_release_ticlang.lib</file>
         <name>SystemP_freertos.o</name>
      </input_file>
      <input_file id="fl-21">
         <path>/Users/krisztiancsuta/Documents/FRT/freertos_builds_LP_MSPM0G3507_release_ticlang/Debug/</path>
         <kind>archive</kind>
         <file>freertos_builds_LP_MSPM0G3507_release_ticlang.lib</file>
         <name>queue.o</name>
      </input_file>
      <input_file id="fl-22">
         <path>/Users/krisztiancsuta/Documents/FRT/freertos_builds_LP_MSPM0G3507_release_ticlang/Debug/</path>
         <kind>archive</kind>
         <file>freertos_builds_LP_MSPM0G3507_release_ticlang.lib</file>
         <name>tasks.o</name>
      </input_file>
      <input_file id="fl-23">
         <path>/Users/krisztiancsuta/Documents/FRT/freertos_builds_LP_MSPM0G3507_release_ticlang/Debug/</path>
         <kind>archive</kind>
         <file>freertos_builds_LP_MSPM0G3507_release_ticlang.lib</file>
         <name>timers.o</name>
      </input_file>
      <input_file id="fl-24">
         <path>/Users/krisztiancsuta/Documents/FRT/freertos_builds_LP_MSPM0G3507_release_ticlang/Debug/</path>
         <kind>archive</kind>
         <file>freertos_builds_LP_MSPM0G3507_release_ticlang.lib</file>
         <name>port.o</name>
      </input_file>
      <input_file id="fl-25">
         <path>/Users/krisztiancsuta/Documents/FRT/freertos_builds_LP_MSPM0G3507_release_ticlang/Debug/</path>
         <kind>archive</kind>
         <file>freertos_builds_LP_MSPM0G3507_release_ticlang.lib</file>
         <name>PTLS.o</name>
      </input_file>
      <input_file id="fl-26">
         <path>/Users/krisztiancsuta/Documents/FRT/freertos_builds_LP_MSPM0G3507_release_ticlang/Debug/</path>
         <kind>archive</kind>
         <file>freertos_builds_LP_MSPM0G3507_release_ticlang.lib</file>
         <name>memory.o</name>
      </input_file>
      <input_file id="fl-27">
         <path>/Users/krisztiancsuta/Documents/FRT/freertos_builds_LP_MSPM0G3507_release_ticlang/Debug/</path>
         <kind>archive</kind>
         <file>freertos_builds_LP_MSPM0G3507_release_ticlang.lib</file>
         <name>pthread.o</name>
      </input_file>
      <input_file id="fl-28">
         <path>/Users/krisztiancsuta/Documents/FRT/freertos_builds_LP_MSPM0G3507_release_ticlang/Debug/</path>
         <kind>archive</kind>
         <file>freertos_builds_LP_MSPM0G3507_release_ticlang.lib</file>
         <name>sleep.o</name>
      </input_file>
      <input_file id="fl-29">
         <path>/Users/krisztiancsuta/Documents/FRT/freertos_builds_LP_MSPM0G3507_release_ticlang/Debug/</path>
         <kind>archive</kind>
         <file>freertos_builds_LP_MSPM0G3507_release_ticlang.lib</file>
         <name>ClockP_freertos.o</name>
      </input_file>
      <input_file id="fl-2a">
         <path>/Users/krisztiancsuta/Documents/FRT/freertos_builds_LP_MSPM0G3507_release_ticlang/Debug/</path>
         <kind>archive</kind>
         <file>freertos_builds_LP_MSPM0G3507_release_ticlang.lib</file>
         <name>StaticAllocs_freertos.o</name>
      </input_file>
      <input_file id="fl-2b">
         <path>/Users/krisztiancsuta/Documents/FRT/freertos_builds_LP_MSPM0G3507_release_ticlang/Debug/</path>
         <kind>archive</kind>
         <file>freertos_builds_LP_MSPM0G3507_release_ticlang.lib</file>
         <name>heap_4.o</name>
      </input_file>
      <input_file id="fl-2c">
         <path>/Users/krisztiancsuta/Documents/FRT/freertos_builds_LP_MSPM0G3507_release_ticlang/Debug/</path>
         <kind>archive</kind>
         <file>freertos_builds_LP_MSPM0G3507_release_ticlang.lib</file>
         <name>list.o</name>
      </input_file>
      <input_file id="fl-2d">
         <path>/Users/krisztiancsuta/Documents/FRT/freertos_builds_LP_MSPM0G3507_release_ticlang/Debug/</path>
         <kind>archive</kind>
         <file>freertos_builds_LP_MSPM0G3507_release_ticlang.lib</file>
         <name>aeabi_portable.o</name>
      </input_file>
      <input_file id="fl-2e">
         <path>/Applications/ti/mspm0_sdk_2_04_00_06/source/ti/driverlib/lib/ticlang/m0p/mspm0g1x0x_g3x0x/</path>
         <kind>archive</kind>
         <file>driverlib.a</file>
         <name>dl_common.o</name>
      </input_file>
      <input_file id="fl-2f">
         <path>/Applications/ti/mspm0_sdk_2_04_00_06/source/ti/driverlib/lib/ticlang/m0p/mspm0g1x0x_g3x0x/</path>
         <kind>archive</kind>
         <file>driverlib.a</file>
         <name>dl_dma.o</name>
      </input_file>
      <input_file id="fl-30">
         <path>/Applications/ti/mspm0_sdk_2_04_00_06/source/ti/driverlib/lib/ticlang/m0p/mspm0g1x0x_g3x0x/</path>
         <kind>archive</kind>
         <file>driverlib.a</file>
         <name>dl_i2c.o</name>
      </input_file>
      <input_file id="fl-31">
         <path>/Applications/ti/mspm0_sdk_2_04_00_06/source/ti/driverlib/lib/ticlang/m0p/mspm0g1x0x_g3x0x/</path>
         <kind>archive</kind>
         <file>driverlib.a</file>
         <name>dl_uart.o</name>
      </input_file>
      <input_file id="fl-32">
         <path>/Applications/ti/mspm0_sdk_2_04_00_06/source/ti/driverlib/lib/ticlang/m0p/mspm0g1x0x_g3x0x/</path>
         <kind>archive</kind>
         <file>driverlib.a</file>
         <name>dl_interrupt.o</name>
      </input_file>
      <input_file id="fl-33">
         <path>/Applications/ti/mspm0_sdk_2_04_00_06/source/ti/driverlib/lib/ticlang/m0p/mspm0g1x0x_g3x0x/</path>
         <kind>archive</kind>
         <file>driverlib.a</file>
         <name>dl_sysctl_mspm0g1x0x_g3x0x.o</name>
      </input_file>
      <input_file id="fl-42">
         <path>/Applications/ti/ccs1281/ccs/tools/compiler/ti-cgt-armllvm_3.2.1.LTS/lib/armv6m-ti-none-eabi/c/</path>
         <kind>archive</kind>
         <file>libc.a</file>
         <name>strlen.c.obj</name>
      </input_file>
      <input_file id="fl-43">
         <path>/Applications/ti/ccs1281/ccs/tools/compiler/ti-cgt-armllvm_3.2.1.LTS/lib/armv6m-ti-none-eabi/c/</path>
         <kind>archive</kind>
         <file>libc.a</file>
         <name>boot_cortex_m.c.obj</name>
      </input_file>
      <input_file id="fl-44">
         <path>/Applications/ti/ccs1281/ccs/tools/compiler/ti-cgt-armllvm_3.2.1.LTS/lib/armv6m-ti-none-eabi/c/</path>
         <kind>archive</kind>
         <file>libc.a</file>
         <name>mathacl_init.c.obj</name>
      </input_file>
      <input_file id="fl-45">
         <path>/Applications/ti/ccs1281/ccs/tools/compiler/ti-cgt-armllvm_3.2.1.LTS/lib/armv6m-ti-none-eabi/c/</path>
         <kind>archive</kind>
         <file>libc.a</file>
         <name>autoinit.c.obj</name>
      </input_file>
      <input_file id="fl-46">
         <path>/Applications/ti/ccs1281/ccs/tools/compiler/ti-cgt-armllvm_3.2.1.LTS/lib/armv6m-ti-none-eabi/c/</path>
         <kind>archive</kind>
         <file>libc.a</file>
         <name>pre_init.c.obj</name>
      </input_file>
      <input_file id="fl-47">
         <path>/Applications/ti/ccs1281/ccs/tools/compiler/ti-cgt-armllvm_3.2.1.LTS/lib/armv6m-ti-none-eabi/c/</path>
         <kind>archive</kind>
         <file>libc.a</file>
         <name>cpy_tbl.c.obj</name>
      </input_file>
      <input_file id="fl-48">
         <path>/Applications/ti/ccs1281/ccs/tools/compiler/ti-cgt-armllvm_3.2.1.LTS/lib/armv6m-ti-none-eabi/c/</path>
         <kind>archive</kind>
         <file>libc.a</file>
         <name>copy_zero_init.c.obj</name>
      </input_file>
      <input_file id="fl-49">
         <path>/Applications/ti/ccs1281/ccs/tools/compiler/ti-cgt-armllvm_3.2.1.LTS/lib/armv6m-ti-none-eabi/c/</path>
         <kind>archive</kind>
         <file>libc.a</file>
         <name>copy_decompress_none.c.obj</name>
      </input_file>
      <input_file id="fl-4a">
         <path>/Applications/ti/ccs1281/ccs/tools/compiler/ti-cgt-armllvm_3.2.1.LTS/lib/armv6m-ti-none-eabi/c/</path>
         <kind>archive</kind>
         <file>libc.a</file>
         <name>copy_decompress_lzss.c.obj</name>
      </input_file>
      <input_file id="fl-4b">
         <path>/Applications/ti/ccs1281/ccs/tools/compiler/ti-cgt-armllvm_3.2.1.LTS/lib/armv6m-ti-none-eabi/c/</path>
         <kind>archive</kind>
         <file>libc.a</file>
         <name>exit.c.obj</name>
      </input_file>
      <input_file id="fl-4c">
         <path>/Applications/ti/ccs1281/ccs/tools/compiler/ti-cgt-armllvm_3.2.1.LTS/lib/armv6m-ti-none-eabi/c/</path>
         <kind>archive</kind>
         <file>libc.a</file>
         <name>_lock.c.obj</name>
      </input_file>
      <input_file id="fl-4d">
         <path>/Applications/ti/ccs1281/ccs/tools/compiler/ti-cgt-armllvm_3.2.1.LTS/lib/armv6m-ti-none-eabi/c/</path>
         <kind>archive</kind>
         <file>libc.a</file>
         <name>args_main.c.obj</name>
      </input_file>
      <input_file id="fl-b3">
         <path>/Applications/ti/ccs1281/ccs/tools/compiler/ti-cgt-armllvm_3.2.1.LTS/lib/clang/15.0.7/lib/armv6m-ti-none-eabi/</path>
         <kind>archive</kind>
         <file>libclang_rt.builtins.a</file>
         <name>adddf3.S.obj</name>
      </input_file>
      <input_file id="fl-b4">
         <path>/Applications/ti/ccs1281/ccs/tools/compiler/ti-cgt-armllvm_3.2.1.LTS/lib/clang/15.0.7/lib/armv6m-ti-none-eabi/</path>
         <kind>archive</kind>
         <file>libclang_rt.builtins.a</file>
         <name>muldf3.S.obj</name>
      </input_file>
      <input_file id="fl-b5">
         <path>/Applications/ti/ccs1281/ccs/tools/compiler/ti-cgt-armllvm_3.2.1.LTS/lib/clang/15.0.7/lib/armv6m-ti-none-eabi/</path>
         <kind>archive</kind>
         <file>libclang_rt.builtins.a</file>
         <name>muldsi3.S.obj</name>
      </input_file>
      <input_file id="fl-b6">
         <path>/Applications/ti/ccs1281/ccs/tools/compiler/ti-cgt-armllvm_3.2.1.LTS/lib/clang/15.0.7/lib/armv6m-ti-none-eabi/</path>
         <kind>archive</kind>
         <file>libclang_rt.builtins.a</file>
         <name>fixdfsi.S.obj</name>
      </input_file>
      <input_file id="fl-b7">
         <path>/Applications/ti/ccs1281/ccs/tools/compiler/ti-cgt-armllvm_3.2.1.LTS/lib/clang/15.0.7/lib/armv6m-ti-none-eabi/</path>
         <kind>archive</kind>
         <file>libclang_rt.builtins.a</file>
         <name>fixunsdfsi.S.obj</name>
      </input_file>
      <input_file id="fl-b8">
         <path>/Applications/ti/ccs1281/ccs/tools/compiler/ti-cgt-armllvm_3.2.1.LTS/lib/clang/15.0.7/lib/armv6m-ti-none-eabi/</path>
         <kind>archive</kind>
         <file>libclang_rt.builtins.a</file>
         <name>floatsidf.S.obj</name>
      </input_file>
      <input_file id="fl-b9">
         <path>/Applications/ti/ccs1281/ccs/tools/compiler/ti-cgt-armllvm_3.2.1.LTS/lib/clang/15.0.7/lib/armv6m-ti-none-eabi/</path>
         <kind>archive</kind>
         <file>libclang_rt.builtins.a</file>
         <name>muldi3.S.obj</name>
      </input_file>
      <input_file id="fl-ba">
         <path>/Applications/ti/ccs1281/ccs/tools/compiler/ti-cgt-armllvm_3.2.1.LTS/lib/clang/15.0.7/lib/armv6m-ti-none-eabi/</path>
         <kind>archive</kind>
         <file>libclang_rt.builtins.a</file>
         <name>clzsi2.c.obj</name>
      </input_file>
      <input_file id="fl-bb">
         <path>/Applications/ti/ccs1281/ccs/tools/compiler/ti-cgt-armllvm_3.2.1.LTS/lib/clang/15.0.7/lib/armv6m-ti-none-eabi/</path>
         <kind>archive</kind>
         <file>libclang_rt.builtins.a</file>
         <name>aeabi_dcmp.S.obj</name>
      </input_file>
      <input_file id="fl-bc">
         <path>/Applications/ti/ccs1281/ccs/tools/compiler/ti-cgt-armllvm_3.2.1.LTS/lib/clang/15.0.7/lib/armv6m-ti-none-eabi/</path>
         <kind>archive</kind>
         <file>libclang_rt.builtins.a</file>
         <name>aeabi_memcpy.S.obj</name>
      </input_file>
      <input_file id="fl-bd">
         <path>/Applications/ti/ccs1281/ccs/tools/compiler/ti-cgt-armllvm_3.2.1.LTS/lib/clang/15.0.7/lib/armv6m-ti-none-eabi/</path>
         <kind>archive</kind>
         <file>libclang_rt.builtins.a</file>
         <name>aeabi_memset.S.obj</name>
      </input_file>
      <input_file id="fl-be">
         <path>/Applications/ti/ccs1281/ccs/tools/compiler/ti-cgt-armllvm_3.2.1.LTS/lib/clang/15.0.7/lib/armv6m-ti-none-eabi/</path>
         <kind>archive</kind>
         <file>libclang_rt.builtins.a</file>
         <name>aeabi_uidivmod.S.obj</name>
      </input_file>
      <input_file id="fl-bf">
         <path>/Applications/ti/ccs1281/ccs/tools/compiler/ti-cgt-armllvm_3.2.1.LTS/lib/clang/15.0.7/lib/armv6m-ti-none-eabi/</path>
         <kind>archive</kind>
         <file>libclang_rt.builtins.a</file>
         <name>aeabi_uldivmod.S.obj</name>
      </input_file>
      <input_file id="fl-c0">
         <path>/Applications/ti/ccs1281/ccs/tools/compiler/ti-cgt-armllvm_3.2.1.LTS/lib/clang/15.0.7/lib/armv6m-ti-none-eabi/</path>
         <kind>archive</kind>
         <file>libclang_rt.builtins.a</file>
         <name>udivmoddi4.S.obj</name>
      </input_file>
      <input_file id="fl-c1">
         <path>/Applications/ti/ccs1281/ccs/tools/compiler/ti-cgt-armllvm_3.2.1.LTS/lib/clang/15.0.7/lib/armv6m-ti-none-eabi/</path>
         <kind>archive</kind>
         <file>libclang_rt.builtins.a</file>
         <name>ashldi3.S.obj</name>
      </input_file>
      <input_file id="fl-c2">
         <path>/Applications/ti/ccs1281/ccs/tools/compiler/ti-cgt-armllvm_3.2.1.LTS/lib/clang/15.0.7/lib/armv6m-ti-none-eabi/</path>
         <kind>archive</kind>
         <file>libclang_rt.builtins.a</file>
         <name>comparedf2.c.obj</name>
      </input_file>
      <input_file id="fl-c3">
         <path>/Applications/ti/ccs1281/ccs/tools/compiler/ti-cgt-armllvm_3.2.1.LTS/lib/clang/15.0.7/lib/armv6m-ti-none-eabi/</path>
         <kind>archive</kind>
         <file>libclang_rt.builtins.a</file>
         <name>aeabi_div0.c.obj</name>
      </input_file>
      <input_file id="fl-c4">
         <path>/Applications/ti/ccs1281/ccs/tools/compiler/ti-cgt-armllvm_3.2.1.LTS/lib/armv6m-ti-none-eabi/c/</path>
         <kind>archive</kind>
         <file>libc.a</file>
         <name>memcpy16.S.obj</name>
      </input_file>
      <input_file id="fl-c5">
         <path>/Applications/ti/ccs1281/ccs/tools/compiler/ti-cgt-armllvm_3.2.1.LTS/lib/armv6m-ti-none-eabi/c/</path>
         <kind>archive</kind>
         <file>libc.a</file>
         <name>memset16.S.obj</name>
      </input_file>
   </input_file_list>
   <object_component_list>
      <object_component id="oc-18">
         <name>.intvecs</name>
         <load_address>0x0</load_address>
         <readonly>true</readonly>
         <run_address>0x0</run_address>
         <size>0xc0</size>
         <alignment>0x4</alignment>
         <input_file_ref idref="fl-5"/>
      </object_component>
      <object_component id="oc-324">
         <name>.text.doPrint</name>
         <load_address>0xc0</load_address>
         <readonly>true</readonly>
         <executable>true</executable>
         <run_address>0xc0</run_address>
         <size>0x50c</size>
         <alignment>0x4</alignment>
         <input_file_ref idref="fl-20"/>
      </object_component>
      <object_component id="oc-9a">
         <name>.text.UARTMSP_interruptHandler</name>
         <load_address>0x5cc</load_address>
         <readonly>true</readonly>
         <executable>true</executable>
         <run_address>0x5cc</run_address>
         <size>0x4f8</size>
         <alignment>0x4</alignment>
         <input_file_ref idref="fl-1a"/>
      </object_component>
      <object_component id="oc-131">
         <name>.text.mainThread</name>
         <load_address>0xac4</load_address>
         <readonly>true</readonly>
         <executable>true</executable>
         <run_address>0xac4</run_address>
         <size>0x264</size>
         <alignment>0x4</alignment>
         <input_file_ref idref="fl-1"/>
      </object_component>
      <object_component id="oc-211">
         <name>.text.GPIO_setConfigAndMux</name>
         <load_address>0xd28</load_address>
         <readonly>true</readonly>
         <executable>true</executable>
         <run_address>0xd28</run_address>
         <size>0x210</size>
         <alignment>0x4</alignment>
         <input_file_ref idref="fl-18"/>
      </object_component>
      <object_component id="oc-1a7">
         <name>.text.I2C_open</name>
         <load_address>0xf38</load_address>
         <readonly>true</readonly>
         <executable>true</executable>
         <run_address>0xf38</run_address>
         <size>0x1f4</size>
         <alignment>0x4</alignment>
         <input_file_ref idref="fl-19"/>
      </object_component>
      <object_component id="oc-29f">
         <name>.text.xQueueSemaphoreTake</name>
         <load_address>0x112c</load_address>
         <readonly>true</readonly>
         <executable>true</executable>
         <run_address>0x112c</run_address>
         <size>0x1ec</size>
         <alignment>0x2</alignment>
         <input_file_ref idref="fl-21"/>
      </object_component>
      <object_component id="oc-231">
         <name>.text.I2CMSPM0_hwiFxn</name>
         <load_address>0x1318</load_address>
         <readonly>true</readonly>
         <executable>true</executable>
         <run_address>0x1318</run_address>
         <size>0x1dc</size>
         <alignment>0x4</alignment>
         <input_file_ref idref="fl-19"/>
      </object_component>
      <object_component id="oc-163">
         <name>.text.xQueueGenericSend</name>
         <load_address>0x14f4</load_address>
         <readonly>true</readonly>
         <executable>true</executable>
         <run_address>0x14f4</run_address>
         <size>0x1d2</size>
         <alignment>0x2</alignment>
         <input_file_ref idref="fl-21"/>
      </object_component>
      <object_component id="oc-42">
         <name>.text.Default_Handler</name>
         <load_address>0x16c6</load_address>
         <readonly>true</readonly>
         <executable>true</executable>
         <run_address>0x16c6</run_address>
         <size>0x2</size>
         <alignment>0x2</alignment>
         <input_file_ref idref="fl-5"/>
      </object_component>
      <object_component id="oc-63">
         <name>.text.pvPortMalloc</name>
         <load_address>0x16c8</load_address>
         <readonly>true</readonly>
         <executable>true</executable>
         <run_address>0x16c8</run_address>
         <size>0x1c0</size>
         <alignment>0x4</alignment>
         <input_file_ref idref="fl-2b"/>
      </object_component>
      <object_component id="oc-1e1">
         <name>.text.UARTMSP_enable</name>
         <load_address>0x1888</load_address>
         <readonly>true</readonly>
         <executable>true</executable>
         <run_address>0x1888</run_address>
         <size>0x1a8</size>
         <alignment>0x4</alignment>
         <input_file_ref idref="fl-1a"/>
      </object_component>
      <object_component id="oc-2d9">
         <name>.text.xQueueReceive</name>
         <load_address>0x1a30</load_address>
         <readonly>true</readonly>
         <executable>true</executable>
         <run_address>0x1a30</run_address>
         <size>0x1a4</size>
         <alignment>0x2</alignment>
         <input_file_ref idref="fl-21"/>
      </object_component>
      <object_component id="oc-33b">
         <name>.text.adddf3_subdf3</name>
         <load_address>0x1bd4</load_address>
         <readonly>true</readonly>
         <executable>true</executable>
         <run_address>0x1bd4</run_address>
         <size>0x192</size>
         <alignment>0x4</alignment>
         <input_file_ref idref="fl-b3"/>
      </object_component>
      <object_component id="oc-2e2">
         <name>.text.DisplayUartMin_clear</name>
         <load_address>0x1d66</load_address>
         <readonly>true</readonly>
         <executable>true</executable>
         <run_address>0x1d66</run_address>
         <size>0x2</size>
         <alignment>0x2</alignment>
         <input_file_ref idref="fl-7"/>
      </object_component>
      <object_component id="oc-209">
         <name>.text.vPortSuppressTicksAndSleep</name>
         <load_address>0x1d68</load_address>
         <readonly>true</readonly>
         <executable>true</executable>
         <run_address>0x1d68</run_address>
         <size>0x188</size>
         <alignment>0x4</alignment>
         <input_file_ref idref="fl-24"/>
      </object_component>
      <object_component id="oc-305">
         <name>.text.DMAMSPM0_hwiFxn</name>
         <load_address>0x1ef0</load_address>
         <readonly>true</readonly>
         <executable>true</executable>
         <run_address>0x1ef0</run_address>
         <size>0x180</size>
         <alignment>0x4</alignment>
         <input_file_ref idref="fl-1b"/>
      </object_component>
      <object_component id="oc-197">
         <name>.text.GPIO_init</name>
         <load_address>0x2070</load_address>
         <readonly>true</readonly>
         <executable>true</executable>
         <run_address>0x2070</run_address>
         <size>0x164</size>
         <alignment>0x4</alignment>
         <input_file_ref idref="fl-18"/>
      </object_component>
      <object_component id="oc-98">
         <name>.text.xTaskIncrementTick</name>
         <load_address>0x21d4</load_address>
         <readonly>true</readonly>
         <executable>true</executable>
         <run_address>0x21d4</run_address>
         <size>0x158</size>
         <alignment>0x4</alignment>
         <input_file_ref idref="fl-22"/>
      </object_component>
      <object_component id="oc-284">
         <name>.text.prvProcessReceivedCommands</name>
         <load_address>0x232c</load_address>
         <readonly>true</readonly>
         <executable>true</executable>
         <run_address>0x232c</run_address>
         <size>0x154</size>
         <alignment>0x4</alignment>
         <input_file_ref idref="fl-23"/>
      </object_component>
      <object_component id="oc-12f">
         <name>.text.pthread_create</name>
         <load_address>0x2480</load_address>
         <readonly>true</readonly>
         <executable>true</executable>
         <run_address>0x2480</run_address>
         <size>0x14c</size>
         <alignment>0x4</alignment>
         <input_file_ref idref="fl-27"/>
      </object_component>
      <object_component id="oc-b3">
         <name>.text.xTaskResumeAll</name>
         <load_address>0x25cc</load_address>
         <readonly>true</readonly>
         <executable>true</executable>
         <run_address>0x25cc</run_address>
         <size>0x134</size>
         <alignment>0x4</alignment>
         <input_file_ref idref="fl-22"/>
      </object_component>
      <object_component id="oc-235">
         <name>.text.I2C_transferTimeout</name>
         <load_address>0x2700</load_address>
         <readonly>true</readonly>
         <executable>true</executable>
         <run_address>0x2700</run_address>
         <size>0x12c</size>
         <alignment>0x2</alignment>
         <input_file_ref idref="fl-16"/>
      </object_component>
      <object_component id="oc-30d">
         <name>.text.xQueueGenericSendFromISR</name>
         <load_address>0x282c</load_address>
         <readonly>true</readonly>
         <executable>true</executable>
         <run_address>0x282c</run_address>
         <size>0x120</size>
         <alignment>0x2</alignment>
         <input_file_ref idref="fl-21"/>
      </object_component>
      <object_component id="oc-1f5">
         <name>.text.prvInitialiseNewTask</name>
         <load_address>0x294c</load_address>
         <readonly>true</readonly>
         <executable>true</executable>
         <run_address>0x294c</run_address>
         <size>0x11c</size>
         <alignment>0x2</alignment>
         <input_file_ref idref="fl-22"/>
      </object_component>
      <object_component id="oc-260">
         <name>.text.RingBuf_getn</name>
         <load_address>0x2a68</load_address>
         <readonly>true</readonly>
         <executable>true</executable>
         <run_address>0x2a68</run_address>
         <size>0x11a</size>
         <alignment>0x2</alignment>
         <input_file_ref idref="fl-1c"/>
      </object_component>
      <object_component id="oc-2d0">
         <name>.text.RingBuf_putn</name>
         <load_address>0x2b82</load_address>
         <readonly>true</readonly>
         <executable>true</executable>
         <run_address>0x2b82</run_address>
         <size>0x116</size>
         <alignment>0x2</alignment>
         <input_file_ref idref="fl-1c"/>
      </object_component>
      <object_component id="oc-276">
         <name>.text.vTaskSuspend</name>
         <load_address>0x2c98</load_address>
         <readonly>true</readonly>
         <executable>true</executable>
         <run_address>0x2c98</run_address>
         <size>0x110</size>
         <alignment>0x4</alignment>
         <input_file_ref idref="fl-22"/>
      </object_component>
      <object_component id="oc-2bb">
         <name>.text.I2CMSPM0_primeWriteBurst</name>
         <load_address>0x2da8</load_address>
         <readonly>true</readonly>
         <executable>true</executable>
         <run_address>0x2da8</run_address>
         <size>0x108</size>
         <alignment>0x4</alignment>
         <input_file_ref idref="fl-19"/>
      </object_component>
      <object_component id="oc-2fc">
         <name>.text.vTaskPriorityDisinheritAfterTimeout</name>
         <load_address>0x2eb0</load_address>
         <readonly>true</readonly>
         <executable>true</executable>
         <run_address>0x2eb0</run_address>
         <size>0x100</size>
         <alignment>0x4</alignment>
         <input_file_ref idref="fl-22"/>
      </object_component>
      <object_component id="oc-f3">
         <name>.text.UARTMSP_dmaRx</name>
         <load_address>0x2fb0</load_address>
         <readonly>true</readonly>
         <executable>true</executable>
         <run_address>0x2fb0</run_address>
         <size>0xfc</size>
         <alignment>0x4</alignment>
         <input_file_ref idref="fl-1a"/>
      </object_component>
      <object_component id="oc-2a3">
         <name>.text.GPIO_hwiIntFxn</name>
         <load_address>0x30ac</load_address>
         <readonly>true</readonly>
         <executable>true</executable>
         <run_address>0x30ac</run_address>
         <size>0xf8</size>
         <alignment>0x4</alignment>
         <input_file_ref idref="fl-18"/>
      </object_component>
      <object_component id="oc-1e4">
         <name>.text.UART_readFullFeatured</name>
         <load_address>0x31a4</load_address>
         <readonly>true</readonly>
         <executable>true</executable>
         <run_address>0x31a4</run_address>
         <size>0xf6</size>
         <alignment>0x2</alignment>
         <input_file_ref idref="fl-17"/>
      </object_component>
      <object_component id="oc-168">
         <name>.text.xQueueGiveFromISR</name>
         <load_address>0x329a</load_address>
         <readonly>true</readonly>
         <executable>true</executable>
         <run_address>0x329a</run_address>
         <size>0xf4</size>
         <alignment>0x2</alignment>
         <input_file_ref idref="fl-21"/>
      </object_component>
      <object_component id="oc-2e3">
         <name>.text.DisplayUartMin_clearLines</name>
         <load_address>0x338e</load_address>
         <readonly>true</readonly>
         <executable>true</executable>
         <run_address>0x338e</run_address>
         <size>0x2</size>
         <alignment>0x2</alignment>
         <input_file_ref idref="fl-7"/>
      </object_component>
      <object_component id="oc-2b9">
         <name>.text.I2CMSPM0_primeReadBurst</name>
         <load_address>0x3390</load_address>
         <readonly>true</readonly>
         <executable>true</executable>
         <run_address>0x3390</run_address>
         <size>0xec</size>
         <alignment>0x4</alignment>
         <input_file_ref idref="fl-19"/>
      </object_component>
      <object_component id="oc-1a">
         <name>.text.vTaskSwitchContext</name>
         <load_address>0x347c</load_address>
         <readonly>true</readonly>
         <executable>true</executable>
         <run_address>0x347c</run_address>
         <size>0xec</size>
         <alignment>0x4</alignment>
         <input_file_ref idref="fl-22"/>
      </object_component>
      <object_component id="oc-291">
         <name>.text.xQueueReceiveFromISR</name>
         <load_address>0x3568</load_address>
         <readonly>true</readonly>
         <executable>true</executable>
         <run_address>0x3568</run_address>
         <size>0xec</size>
         <alignment>0x2</alignment>
         <input_file_ref idref="fl-21"/>
      </object_component>
      <object_component id="oc-277">
         <name>.text.vTaskDelete</name>
         <load_address>0x3654</load_address>
         <readonly>true</readonly>
         <executable>true</executable>
         <run_address>0x3654</run_address>
         <size>0xe8</size>
         <alignment>0x4</alignment>
         <input_file_ref idref="fl-22"/>
      </object_component>
      <object_component id="oc-33f">
         <name>.text.__muldf3</name>
         <load_address>0x373c</load_address>
         <readonly>true</readonly>
         <executable>true</executable>
         <run_address>0x373c</run_address>
         <size>0xe4</size>
         <alignment>0x4</alignment>
         <input_file_ref idref="fl-b4"/>
      </object_component>
      <object_component id="oc-2fa">
         <name>.text.xTaskPriorityInherit</name>
         <load_address>0x3820</load_address>
         <readonly>true</readonly>
         <executable>true</executable>
         <run_address>0x3820</run_address>
         <size>0xe4</size>
         <alignment>0x4</alignment>
         <input_file_ref idref="fl-22"/>
      </object_component>
      <object_component id="oc-1f6">
         <name>.text.prvAddNewTaskToReadyList</name>
         <load_address>0x3904</load_address>
         <readonly>true</readonly>
         <executable>true</executable>
         <run_address>0x3904</run_address>
         <size>0xe0</size>
         <alignment>0x4</alignment>
         <input_file_ref idref="fl-22"/>
      </object_component>
      <object_component id="oc-2c4">
         <name>.text.DMAMSPM0_init</name>
         <load_address>0x39e4</load_address>
         <readonly>true</readonly>
         <executable>true</executable>
         <run_address>0x39e4</run_address>
         <size>0xdc</size>
         <alignment>0x4</alignment>
         <input_file_ref idref="fl-1b"/>
      </object_component>
      <object_component id="oc-30f">
         <name>.text.UART_open</name>
         <load_address>0x3ac0</load_address>
         <readonly>true</readonly>
         <executable>true</executable>
         <run_address>0x3ac0</run_address>
         <size>0xd4</size>
         <alignment>0x4</alignment>
         <input_file_ref idref="fl-17"/>
      </object_component>
      <object_component id="oc-1d8">
         <name>.text.prvCopyDataToQueue</name>
         <load_address>0x3b94</load_address>
         <readonly>true</readonly>
         <executable>true</executable>
         <run_address>0x3b94</run_address>
         <size>0xd4</size>
         <alignment>0x2</alignment>
         <input_file_ref idref="fl-21"/>
      </object_component>
      <object_component id="oc-24d">
         <name>.text.xTaskPriorityDisinherit</name>
         <load_address>0x3c68</load_address>
         <readonly>true</readonly>
         <executable>true</executable>
         <run_address>0x3c68</run_address>
         <size>0xc4</size>
         <alignment>0x4</alignment>
         <input_file_ref idref="fl-22"/>
      </object_component>
      <object_component id="oc-2c5">
         <name>.text.DMAMSPM0_open</name>
         <load_address>0x3d2c</load_address>
         <readonly>true</readonly>
         <executable>true</executable>
         <run_address>0x3d2c</run_address>
         <size>0xc0</size>
         <alignment>0x4</alignment>
         <input_file_ref idref="fl-1b"/>
      </object_component>
      <object_component id="oc-279">
         <name>.text.xQueueGenericCreateStatic</name>
         <load_address>0x3dec</load_address>
         <readonly>true</readonly>
         <executable>true</executable>
         <run_address>0x3dec</run_address>
         <size>0xc0</size>
         <alignment>0x2</alignment>
         <input_file_ref idref="fl-21"/>
      </object_component>
      <object_component id="oc-224">
         <name>.text.HwiP_construct</name>
         <load_address>0x3eac</load_address>
         <readonly>true</readonly>
         <executable>true</executable>
         <run_address>0x3eac</run_address>
         <size>0xbc</size>
         <alignment>0x4</alignment>
         <input_file_ref idref="fl-1e"/>
      </object_component>
      <object_component id="oc-b2">
         <name>.text.prvInsertBlockIntoFreeList</name>
         <load_address>0x3f68</load_address>
         <readonly>true</readonly>
         <executable>true</executable>
         <run_address>0x3f68</run_address>
         <size>0xbc</size>
         <alignment>0x4</alignment>
         <input_file_ref idref="fl-2b"/>
      </object_component>
      <object_component id="oc-130">
         <name>.text.vTaskStartScheduler</name>
         <load_address>0x4024</load_address>
         <readonly>true</readonly>
         <executable>true</executable>
         <run_address>0x4024</run_address>
         <size>0xbc</size>
         <alignment>0x4</alignment>
         <input_file_ref idref="fl-22"/>
      </object_component>
      <object_component id="oc-1de">
         <name>.text.prvUnlockQueue</name>
         <load_address>0x40e0</load_address>
         <readonly>true</readonly>
         <executable>true</executable>
         <run_address>0x40e0</run_address>
         <size>0xb6</size>
         <alignment>0x2</alignment>
         <input_file_ref idref="fl-21"/>
      </object_component>
      <object_component id="oc-2dc">
         <name>.text.DisplayUartMin_init</name>
         <load_address>0x4196</load_address>
         <readonly>true</readonly>
         <executable>true</executable>
         <run_address>0x4196</run_address>
         <size>0x2</size>
         <alignment>0x2</alignment>
         <input_file_ref idref="fl-7"/>
      </object_component>
      <object_component id="oc-265">
         <name>.text.UART_writeCallback</name>
         <load_address>0x4198</load_address>
         <readonly>true</readonly>
         <executable>true</executable>
         <run_address>0x4198</run_address>
         <size>0xb4</size>
         <alignment>0x4</alignment>
         <input_file_ref idref="fl-17"/>
      </object_component>
      <object_component id="oc-32a">
         <name>.text.formatNum</name>
         <load_address>0x424c</load_address>
         <readonly>true</readonly>
         <executable>true</executable>
         <run_address>0x424c</run_address>
         <size>0xb4</size>
         <alignment>0x4</alignment>
         <input_file_ref idref="fl-20"/>
      </object_component>
      <object_component id="oc-1db">
         <name>.text.xTaskCheckForTimeOut</name>
         <load_address>0x4300</load_address>
         <readonly>true</readonly>
         <executable>true</executable>
         <run_address>0x4300</run_address>
         <size>0xb4</size>
         <alignment>0x4</alignment>
         <input_file_ref idref="fl-22"/>
      </object_component>
      <object_component id="oc-24f">
         <name>.text.prvAddCurrentTaskToDelayedList</name>
         <load_address>0x43b4</load_address>
         <readonly>true</readonly>
         <executable>true</executable>
         <run_address>0x43b4</run_address>
         <size>0xb0</size>
         <alignment>0x4</alignment>
         <input_file_ref idref="fl-22"/>
      </object_component>
      <object_component id="oc-b1">
         <name>.text.prvHeapInit</name>
         <load_address>0x4464</load_address>
         <readonly>true</readonly>
         <executable>true</executable>
         <run_address>0x4464</run_address>
         <size>0xb0</size>
         <alignment>0x4</alignment>
         <input_file_ref idref="fl-2b"/>
      </object_component>
      <object_component id="oc-30a">
         <name>.text.prvSwitchTimerLists</name>
         <load_address>0x4514</load_address>
         <readonly>true</readonly>
         <executable>true</executable>
         <run_address>0x4514</run_address>
         <size>0xb0</size>
         <alignment>0x4</alignment>
         <input_file_ref idref="fl-23"/>
      </object_component>
      <object_component id="oc-1d9">
         <name>.text.xTaskRemoveFromEventList</name>
         <load_address>0x45c4</load_address>
         <readonly>true</readonly>
         <executable>true</executable>
         <run_address>0x45c4</run_address>
         <size>0xb0</size>
         <alignment>0x4</alignment>
         <input_file_ref idref="fl-22"/>
      </object_component>
      <object_component id="oc-2a1">
         <name>.text.GPIO_setInterruptConfig</name>
         <load_address>0x4674</load_address>
         <readonly>true</readonly>
         <executable>true</executable>
         <run_address>0x4674</run_address>
         <size>0xac</size>
         <alignment>0x4</alignment>
         <input_file_ref idref="fl-18"/>
      </object_component>
      <object_component id="oc-17b">
         <name>.text.xQueueGenericCreate</name>
         <load_address>0x4720</load_address>
         <readonly>true</readonly>
         <executable>true</executable>
         <run_address>0x4720</run_address>
         <size>0xaa</size>
         <alignment>0x2</alignment>
         <input_file_ref idref="fl-21"/>
      </object_component>
      <object_component id="oc-2bf">
         <name>.text.I2CSupport_powerRelConstraint</name>
         <load_address>0x47ca</load_address>
         <readonly>true</readonly>
         <executable>true</executable>
         <run_address>0x47ca</run_address>
         <size>0x2</size>
         <alignment>0x2</alignment>
         <input_file_ref idref="fl-19"/>
      </object_component>
      <object_component id="oc-25a">
         <name>.text.DMA_Init</name>
         <load_address>0x47cc</load_address>
         <readonly>true</readonly>
         <executable>true</executable>
         <run_address>0x47cc</run_address>
         <size>0xa8</size>
         <alignment>0x4</alignment>
         <input_file_ref idref="fl-1b"/>
      </object_component>
      <object_component id="oc-1b5">
         <name>.text.i2cErrorHandler</name>
         <load_address>0x4874</load_address>
         <readonly>true</readonly>
         <executable>true</executable>
         <run_address>0x4874</run_address>
         <size>0xa8</size>
         <alignment>0x4</alignment>
         <input_file_ref idref="fl-1"/>
      </object_component>
      <object_component id="oc-191">
         <name>.text.Display_doInit</name>
         <load_address>0x491c</load_address>
         <readonly>true</readonly>
         <executable>true</executable>
         <run_address>0x491c</run_address>
         <size>0xa4</size>
         <alignment>0x4</alignment>
         <input_file_ref idref="fl-6"/>
      </object_component>
      <object_component id="oc-1e3">
         <name>.text.UARTMSP_txChar</name>
         <load_address>0x49c0</load_address>
         <readonly>true</readonly>
         <executable>true</executable>
         <run_address>0x49c0</run_address>
         <size>0xa4</size>
         <alignment>0x4</alignment>
         <input_file_ref idref="fl-1a"/>
      </object_component>
      <object_component id="oc-2f3">
         <name>.text</name>
         <load_address>0x4a64</load_address>
         <readonly>true</readonly>
         <executable>true</executable>
         <run_address>0x4a64</run_address>
         <size>0xa2</size>
         <alignment>0x4</alignment>
         <input_file_ref idref="fl-c0"/>
      </object_component>
      <object_component id="oc-2bd">
         <name>.text.I2CSupport_powerSetConstraint</name>
         <load_address>0x4b06</load_address>
         <readonly>true</readonly>
         <executable>true</executable>
         <run_address>0x4b06</run_address>
         <size>0x2</size>
         <alignment>0x2</alignment>
         <input_file_ref idref="fl-19"/>
      </object_component>
      <object_component id="oc-73">
         <name>.text.vPortFree</name>
         <load_address>0x4b08</load_address>
         <readonly>true</readonly>
         <executable>true</executable>
         <run_address>0x4b08</run_address>
         <size>0xa0</size>
         <alignment>0x4</alignment>
         <input_file_ref idref="fl-2b"/>
      </object_component>
      <object_component id="oc-26c">
         <name>.text.xQueueGenericReset</name>
         <load_address>0x4ba8</load_address>
         <readonly>true</readonly>
         <executable>true</executable>
         <run_address>0x4ba8</run_address>
         <size>0xa0</size>
         <alignment>0x2</alignment>
         <input_file_ref idref="fl-21"/>
      </object_component>
      <object_component id="oc-2ba">
         <name>.text.I2CMSPM0_completeTransfer</name>
         <load_address>0x4c48</load_address>
         <readonly>true</readonly>
         <executable>true</executable>
         <run_address>0x4c48</run_address>
         <size>0x9c</size>
         <alignment>0x4</alignment>
         <input_file_ref idref="fl-19"/>
      </object_component>
      <object_component id="oc-11f">
         <name>.text:memcpy</name>
         <load_address>0x4ce4</load_address>
         <readonly>true</readonly>
         <executable>true</executable>
         <run_address>0x4ce4</run_address>
         <size>0x9a</size>
         <alignment>0x1</alignment>
         <input_file_ref idref="fl-c4"/>
      </object_component>
      <object_component id="oc-264">
         <name>.text.UART_writeBuffered</name>
         <load_address>0x4d7e</load_address>
         <readonly>true</readonly>
         <executable>true</executable>
         <run_address>0x4d7e</run_address>
         <size>0x98</size>
         <alignment>0x2</alignment>
         <input_file_ref idref="fl-17"/>
      </object_component>
      <object_component id="oc-186">
         <name>.text.xTaskCreateStatic</name>
         <load_address>0x4e16</load_address>
         <readonly>true</readonly>
         <executable>true</executable>
         <run_address>0x4e16</run_address>
         <size>0x94</size>
         <alignment>0x2</alignment>
         <input_file_ref idref="fl-22"/>
      </object_component>
      <object_component id="oc-17c">
         <name>.text.xTaskCreate</name>
         <load_address>0x4eaa</load_address>
         <readonly>true</readonly>
         <executable>true</executable>
         <run_address>0x4eaa</run_address>
         <size>0x92</size>
         <alignment>0x2</alignment>
         <input_file_ref idref="fl-22"/>
      </object_component>
      <object_component id="oc-2a9">
         <name>.text.DL_Interrupt_registerInterrupt</name>
         <load_address>0x4f3c</load_address>
         <readonly>true</readonly>
         <executable>true</executable>
         <run_address>0x4f3c</run_address>
         <size>0x90</size>
         <alignment>0x4</alignment>
         <input_file_ref idref="fl-32"/>
      </object_component>
      <object_component id="oc-f7">
         <name>.text.DMAMSPM0_setupTransfer</name>
         <load_address>0x4fcc</load_address>
         <readonly>true</readonly>
         <executable>true</executable>
         <run_address>0x4fcc</run_address>
         <size>0x90</size>
         <alignment>0x4</alignment>
         <input_file_ref idref="fl-1b"/>
      </object_component>
      <object_component id="oc-2db">
         <name>.text.xTimerGenericCommand</name>
         <load_address>0x505c</load_address>
         <readonly>true</readonly>
         <executable>true</executable>
         <run_address>0x505c</run_address>
         <size>0x90</size>
         <alignment>0x4</alignment>
         <input_file_ref idref="fl-23"/>
      </object_component>
      <object_component id="oc-283">
         <name>.text.prvProcessTimerOrBlockTask</name>
         <load_address>0x50ec</load_address>
         <readonly>true</readonly>
         <executable>true</executable>
         <run_address>0x50ec</run_address>
         <size>0x8c</size>
         <alignment>0x4</alignment>
         <input_file_ref idref="fl-23"/>
      </object_component>
      <object_component id="oc-275">
         <name>.text.removeThreadKeys</name>
         <load_address>0x5178</load_address>
         <readonly>true</readonly>
         <executable>true</executable>
         <run_address>0x5178</run_address>
         <size>0x8c</size>
         <alignment>0x2</alignment>
         <input_file_ref idref="fl-27"/>
      </object_component>
      <object_component id="oc-210">
         <name>.text.SemaphoreP_pend</name>
         <load_address>0x5204</load_address>
         <readonly>true</readonly>
         <executable>true</executable>
         <run_address>0x5204</run_address>
         <size>0x8a</size>
         <alignment>0x2</alignment>
         <input_file_ref idref="fl-1f"/>
      </object_component>
      <object_component id="oc-19d">
         <name>.text.I2C_init</name>
         <load_address>0x528e</load_address>
         <readonly>true</readonly>
         <executable>true</executable>
         <run_address>0x528e</run_address>
         <size>0x2</size>
         <alignment>0x2</alignment>
         <input_file_ref idref="fl-16"/>
      </object_component>
      <object_component id="oc-25f">
         <name>.text.DMAMSPM0_close</name>
         <load_address>0x5290</load_address>
         <readonly>true</readonly>
         <executable>true</executable>
         <run_address>0x5290</run_address>
         <size>0x88</size>
         <alignment>0x4</alignment>
         <input_file_ref idref="fl-1b"/>
      </object_component>
      <object_component id="oc-2af">
         <name>.text.__NVIC_SetPriority</name>
         <load_address>0x5318</load_address>
         <readonly>true</readonly>
         <executable>true</executable>
         <run_address>0x5318</run_address>
         <size>0x84</size>
         <alignment>0x4</alignment>
         <input_file_ref idref="fl-1e"/>
      </object_component>
      <object_component id="oc-2da">
         <name>.text.prvInsertTimerInActiveList</name>
         <load_address>0x539c</load_address>
         <readonly>true</readonly>
         <executable>true</executable>
         <run_address>0x539c</run_address>
         <size>0x84</size>
         <alignment>0x4</alignment>
         <input_file_ref idref="fl-23"/>
      </object_component>
      <object_component id="oc-259">
         <name>.text.DL_UART_configBaudRate</name>
         <load_address>0x5420</load_address>
         <readonly>true</readonly>
         <executable>true</executable>
         <run_address>0x5420</run_address>
         <size>0x80</size>
         <alignment>0x4</alignment>
         <input_file_ref idref="fl-31"/>
      </object_component>
      <object_component id="oc-24">
         <name>.text.calloc</name>
         <load_address>0x54a0</load_address>
         <readonly>true</readonly>
         <executable>true</executable>
         <run_address>0x54a0</run_address>
         <size>0x7c</size>
         <alignment>0x2</alignment>
         <input_file_ref idref="fl-26"/>
      </object_component>
      <object_component id="oc-28b">
         <name>.text.eTaskConfirmSleepModeStatus</name>
         <load_address>0x551c</load_address>
         <readonly>true</readonly>
         <executable>true</executable>
         <run_address>0x551c</run_address>
         <size>0x7c</size>
         <alignment>0x4</alignment>
         <input_file_ref idref="fl-22"/>
      </object_component>
      <object_component id="oc-270">
         <name>.text.prvInitialiseTaskLists</name>
         <load_address>0x5598</load_address>
         <readonly>true</readonly>
         <executable>true</executable>
         <run_address>0x5598</run_address>
         <size>0x7c</size>
         <alignment>0x4</alignment>
         <input_file_ref idref="fl-22"/>
      </object_component>
      <object_component id="oc-2d7">
         <name>.text.prvProcessExpiredTimer</name>
         <load_address>0x5614</load_address>
         <readonly>true</readonly>
         <executable>true</executable>
         <run_address>0x5614</run_address>
         <size>0x7c</size>
         <alignment>0x4</alignment>
         <input_file_ref idref="fl-23"/>
      </object_component>
      <object_component id="oc-187">
         <name>.text.xTimerCreateTimerTask</name>
         <load_address>0x5690</load_address>
         <readonly>true</readonly>
         <executable>true</executable>
         <run_address>0x5690</run_address>
         <size>0x7c</size>
         <alignment>0x4</alignment>
         <input_file_ref idref="fl-23"/>
      </object_component>
      <object_component id="oc-261">
         <name>.text.UARTMSP_enableInts</name>
         <load_address>0x570c</load_address>
         <readonly>true</readonly>
         <executable>true</executable>
         <run_address>0x570c</run_address>
         <size>0x78</size>
         <alignment>0x4</alignment>
         <input_file_ref idref="fl-1a"/>
      </object_component>
      <object_component id="oc-2b">
         <name>.text:decompress:lzss</name>
         <load_address>0x5784</load_address>
         <readonly>true</readonly>
         <executable>true</executable>
         <run_address>0x5784</run_address>
         <size>0x78</size>
         <alignment>0x4</alignment>
         <input_file_ref idref="fl-4a"/>
      </object_component>
      <object_component id="oc-2be">
         <name>.text.I2CSupport_primeTransfer</name>
         <load_address>0x57fc</load_address>
         <readonly>true</readonly>
         <executable>true</executable>
         <run_address>0x57fc</run_address>
         <size>0x74</size>
         <alignment>0x4</alignment>
         <input_file_ref idref="fl-19"/>
      </object_component>
      <object_component id="oc-208">
         <name>.text.prvGetExpectedIdleTime</name>
         <load_address>0x5870</load_address>
         <readonly>true</readonly>
         <executable>true</executable>
         <run_address>0x5870</run_address>
         <size>0x74</size>
         <alignment>0x4</alignment>
         <input_file_ref idref="fl-22"/>
      </object_component>
      <object_component id="oc-352">
         <name>.text.__gedf2</name>
         <load_address>0x58e4</load_address>
         <readonly>true</readonly>
         <executable>true</executable>
         <run_address>0x58e4</run_address>
         <size>0x70</size>
         <alignment>0x4</alignment>
         <input_file_ref idref="fl-c2"/>
      </object_component>
      <object_component id="oc-1f7">
         <name>.text.pthread_exit</name>
         <load_address>0x5954</load_address>
         <readonly>true</readonly>
         <executable>true</executable>
         <run_address>0x5954</run_address>
         <size>0x6e</size>
         <alignment>0x2</alignment>
         <input_file_ref idref="fl-27"/>
      </object_component>
      <object_component id="oc-44">
         <name>.text.SVC_Handler</name>
         <load_address>0x59c2</load_address>
         <readonly>true</readonly>
         <executable>true</executable>
         <run_address>0x59c2</run_address>
         <size>0x2</size>
         <alignment>0x2</alignment>
         <input_file_ref idref="fl-24"/>
      </object_component>
      <object_component id="oc-1a4">
         <name>.text.GPIO_write</name>
         <load_address>0x59c4</load_address>
         <readonly>true</readonly>
         <executable>true</executable>
         <run_address>0x59c4</run_address>
         <size>0x6c</size>
         <alignment>0x4</alignment>
         <input_file_ref idref="fl-18"/>
      </object_component>
      <object_component id="oc-34c">
         <name>.text.__ledf2</name>
         <load_address>0x5a30</load_address>
         <readonly>true</readonly>
         <executable>true</executable>
         <run_address>0x5a30</run_address>
         <size>0x6c</size>
         <alignment>0x4</alignment>
         <input_file_ref idref="fl-c2"/>
      </object_component>
      <object_component id="oc-1fc">
         <name>.text.prvCheckForValidListAndQueue</name>
         <load_address>0x5a9c</load_address>
         <readonly>true</readonly>
         <executable>true</executable>
         <run_address>0x5a9c</run_address>
         <size>0x6c</size>
         <alignment>0x4</alignment>
         <input_file_ref idref="fl-23"/>
      </object_component>
      <object_component id="oc-24e">
         <name>.text.vListInsert</name>
         <load_address>0x5b08</load_address>
         <readonly>true</readonly>
         <executable>true</executable>
         <run_address>0x5b08</run_address>
         <size>0x6c</size>
         <alignment>0x2</alignment>
         <input_file_ref idref="fl-2c"/>
      </object_component>
      <object_component id="oc-2d8">
         <name>.text.vQueueWaitForMessageRestricted</name>
         <load_address>0x5b74</load_address>
         <readonly>true</readonly>
         <executable>true</executable>
         <run_address>0x5b74</run_address>
         <size>0x6a</size>
         <alignment>0x2</alignment>
         <input_file_ref idref="fl-21"/>
      </object_component>
      <object_component id="oc-172">
         <name>.text.SYSCFG_DL_GPIO_init</name>
         <load_address>0x5bde</load_address>
         <readonly>true</readonly>
         <executable>true</executable>
         <run_address>0x5bde</run_address>
         <size>0x2</size>
         <alignment>0x2</alignment>
         <input_file_ref idref="fl-4"/>
      </object_component>
      <object_component id="oc-1e2">
         <name>.text.UARTMSP_disable</name>
         <load_address>0x5be0</load_address>
         <readonly>true</readonly>
         <executable>true</executable>
         <run_address>0x5be0</run_address>
         <size>0x68</size>
         <alignment>0x4</alignment>
         <input_file_ref idref="fl-1a"/>
      </object_component>
      <object_component id="oc-327">
         <name>.text.UART_readCancel</name>
         <load_address>0x5c48</load_address>
         <readonly>true</readonly>
         <executable>true</executable>
         <run_address>0x5c48</run_address>
         <size>0x68</size>
         <alignment>0x2</alignment>
         <input_file_ref idref="fl-17"/>
      </object_component>
      <object_component id="oc-32f">
         <name>.text.__aeabi_dcmp</name>
         <load_address>0x5cb0</load_address>
         <readonly>true</readonly>
         <executable>true</executable>
         <run_address>0x5cb0</run_address>
         <size>0x62</size>
         <alignment>0x4</alignment>
         <input_file_ref idref="fl-bb"/>
      </object_component>
      <object_component id="oc-119">
         <name>.text:memset</name>
         <load_address>0x5d12</load_address>
         <readonly>true</readonly>
         <executable>true</executable>
         <run_address>0x5d12</run_address>
         <size>0x62</size>
         <alignment>0x1</alignment>
         <input_file_ref idref="fl-c5"/>
      </object_component>
      <object_component id="oc-2b8">
         <name>.text.DL_I2C_fillControllerTXFIFO</name>
         <load_address>0x5d74</load_address>
         <readonly>true</readonly>
         <executable>true</executable>
         <run_address>0x5d74</run_address>
         <size>0x5e</size>
         <alignment>0x2</alignment>
         <input_file_ref idref="fl-30"/>
      </object_component>
      <object_component id="oc-25c">
         <name>.text.UARTMSP_eventCallback</name>
         <load_address>0x5dd2</load_address>
         <readonly>true</readonly>
         <executable>true</executable>
         <run_address>0x5dd2</run_address>
         <size>0x2</size>
         <alignment>0x2</alignment>
         <input_file_ref idref="fl-3"/>
      </object_component>
      <object_component id="oc-1a3">
         <name>.text.Display_doOpen</name>
         <load_address>0x5dd4</load_address>
         <readonly>true</readonly>
         <executable>true</executable>
         <run_address>0x5dd4</run_address>
         <size>0x5c</size>
         <alignment>0x4</alignment>
         <input_file_ref idref="fl-6"/>
      </object_component>
      <object_component id="oc-18d">
         <name>.text.prvIdleTask</name>
         <load_address>0x5e30</load_address>
         <readonly>true</readonly>
         <executable>true</executable>
         <run_address>0x5e30</run_address>
         <size>0x5c</size>
         <alignment>0x4</alignment>
         <input_file_ref idref="fl-22"/>
      </object_component>
      <object_component id="oc-273">
         <name>.text.pthread_setcancelstate</name>
         <load_address>0x5e8c</load_address>
         <readonly>true</readonly>
         <executable>true</executable>
         <run_address>0x5e8c</run_address>
         <size>0x5a</size>
         <alignment>0x2</alignment>
         <input_file_ref idref="fl-27"/>
      </object_component>
      <object_component id="oc-2fd">
         <name>.text.__clzsi2</name>
         <load_address>0x5ee6</load_address>
         <readonly>true</readonly>
         <executable>true</executable>
         <run_address>0x5ee6</run_address>
         <size>0x58</size>
         <alignment>0x2</alignment>
         <input_file_ref idref="fl-ba"/>
      </object_component>
      <object_component id="oc-bc">
         <name>.text.__aeabi_idiv0</name>
         <load_address>0x5f3e</load_address>
         <readonly>true</readonly>
         <executable>true</executable>
         <run_address>0x5f3e</run_address>
         <size>0x2</size>
         <alignment>0x2</alignment>
         <input_file_ref idref="fl-c3"/>
      </object_component>
      <object_component id="oc-cd">
         <name>.text.main</name>
         <load_address>0x5f40</load_address>
         <readonly>true</readonly>
         <executable>true</executable>
         <run_address>0x5f40</run_address>
         <size>0x58</size>
         <alignment>0x4</alignment>
         <input_file_ref idref="fl-2"/>
      </object_component>
      <object_component id="oc-173">
         <name>.text.SYSCFG_DL_SYSCTL_init</name>
         <load_address>0x5f98</load_address>
         <readonly>true</readonly>
         <executable>true</executable>
         <run_address>0x5f98</run_address>
         <size>0x54</size>
         <alignment>0x4</alignment>
         <input_file_ref idref="fl-4"/>
      </object_component>
      <object_component id="oc-5f">
         <name>.text.__aeabi_errno_addr</name>
         <load_address>0x5fec</load_address>
         <readonly>true</readonly>
         <executable>true</executable>
         <run_address>0x5fec</run_address>
         <size>0x54</size>
         <alignment>0x4</alignment>
         <input_file_ref idref="fl-2d"/>
      </object_component>
      <object_component id="oc-204">
         <name>.text.vPortSetupTimerInterrupt</name>
         <load_address>0x6040</load_address>
         <readonly>true</readonly>
         <executable>true</executable>
         <run_address>0x6040</run_address>
         <size>0x54</size>
         <alignment>0x4</alignment>
         <input_file_ref idref="fl-24"/>
      </object_component>
      <object_component id="oc-2e4">
         <name>.text.DisplayUartMin_vprintf</name>
         <load_address>0x6094</load_address>
         <readonly>true</readonly>
         <executable>true</executable>
         <run_address>0x6094</run_address>
         <size>0x52</size>
         <alignment>0x2</alignment>
         <input_file_ref idref="fl-7"/>
      </object_component>
      <object_component id="oc-318">
         <name>.text.__aeabi_ldiv0</name>
         <load_address>0x60e6</load_address>
         <readonly>true</readonly>
         <executable>true</executable>
         <run_address>0x60e6</run_address>
         <size>0x2</size>
         <alignment>0x2</alignment>
         <input_file_ref idref="fl-c3"/>
      </object_component>
      <object_component id="oc-2bc">
         <name>.text.I2CMSPM0_readReceiveFifo</name>
         <load_address>0x60e8</load_address>
         <readonly>true</readonly>
         <executable>true</executable>
         <run_address>0x60e8</run_address>
         <size>0x50</size>
         <alignment>0x4</alignment>
         <input_file_ref idref="fl-19"/>
      </object_component>
      <object_component id="oc-207">
         <name>.text.prvCheckTasksWaitingTermination</name>
         <load_address>0x6138</load_address>
         <readonly>true</readonly>
         <executable>true</executable>
         <run_address>0x6138</run_address>
         <size>0x50</size>
         <alignment>0x4</alignment>
         <input_file_ref idref="fl-22"/>
      </object_component>
      <object_component id="oc-288">
         <name>.text.prvDeleteTCB</name>
         <load_address>0x6188</load_address>
         <readonly>true</readonly>
         <executable>true</executable>
         <run_address>0x6188</run_address>
         <size>0x50</size>
         <alignment>0x2</alignment>
         <input_file_ref idref="fl-22"/>
      </object_component>
      <object_component id="oc-236">
         <name>.text.vTaskDelay</name>
         <load_address>0x61d8</load_address>
         <readonly>true</readonly>
         <executable>true</executable>
         <run_address>0x61d8</run_address>
         <size>0x50</size>
         <alignment>0x4</alignment>
         <input_file_ref idref="fl-22"/>
      </object_component>
      <object_component id="oc-10a">
         <name>.text.vTaskSetThreadLocalStoragePointer</name>
         <load_address>0x6228</load_address>
         <readonly>true</readonly>
         <executable>true</executable>
         <run_address>0x6228</run_address>
         <size>0x50</size>
         <alignment>0x4</alignment>
         <input_file_ref idref="fl-22"/>
      </object_component>
      <object_component id="oc-15d">
         <name>.text.DL_DMA_initChannel</name>
         <load_address>0x6278</load_address>
         <readonly>true</readonly>
         <executable>true</executable>
         <run_address>0x6278</run_address>
         <size>0x4c</size>
         <alignment>0x4</alignment>
         <input_file_ref idref="fl-2f"/>
      </object_component>
      <object_component id="oc-1b4">
         <name>.text.GPIO_toggle</name>
         <load_address>0x62c4</load_address>
         <readonly>true</readonly>
         <executable>true</executable>
         <run_address>0x62c4</run_address>
         <size>0x4c</size>
         <alignment>0x4</alignment>
         <input_file_ref idref="fl-18"/>
      </object_component>
      <object_component id="oc-107">
         <name>.text.pvTaskGetThreadLocalStoragePointer</name>
         <load_address>0x6310</load_address>
         <readonly>true</readonly>
         <executable>true</executable>
         <run_address>0x6310</run_address>
         <size>0x4c</size>
         <alignment>0x4</alignment>
         <input_file_ref idref="fl-22"/>
      </object_component>
      <object_component id="oc-26f">
         <name>.text.pxPortInitialiseStack</name>
         <load_address>0x635c</load_address>
         <readonly>true</readonly>
         <executable>true</executable>
         <run_address>0x635c</run_address>
         <size>0x4c</size>
         <alignment>0x4</alignment>
         <input_file_ref idref="fl-24"/>
      </object_component>
      <object_component id="oc-333">
         <name>.text.__fixdfsi</name>
         <load_address>0x63a8</load_address>
         <readonly>true</readonly>
         <executable>true</executable>
         <run_address>0x63a8</run_address>
         <size>0x4a</size>
         <alignment>0x4</alignment>
         <input_file_ref idref="fl-b6"/>
      </object_component>
      <object_component id="oc-1f">
         <name>.text.malloc</name>
         <load_address>0x63f2</load_address>
         <readonly>true</readonly>
         <executable>true</executable>
         <run_address>0x63f2</run_address>
         <size>0x4a</size>
         <alignment>0x2</alignment>
         <input_file_ref idref="fl-26"/>
      </object_component>
      <object_component id="oc-258">
         <name>.text.DL_UART_init</name>
         <load_address>0x643c</load_address>
         <readonly>true</readonly>
         <executable>true</executable>
         <run_address>0x643c</run_address>
         <size>0x48</size>
         <alignment>0x4</alignment>
         <input_file_ref idref="fl-31"/>
      </object_component>
      <object_component id="oc-1af">
         <name>.text.sleep</name>
         <load_address>0x6484</load_address>
         <readonly>true</readonly>
         <executable>true</executable>
         <run_address>0x6484</run_address>
         <size>0x48</size>
         <alignment>0x4</alignment>
         <input_file_ref idref="fl-28"/>
      </object_component>
      <object_component id="oc-d9">
         <name>.text.uxListRemove</name>
         <load_address>0x64cc</load_address>
         <readonly>true</readonly>
         <executable>true</executable>
         <run_address>0x64cc</run_address>
         <size>0x48</size>
         <alignment>0x2</alignment>
         <input_file_ref idref="fl-2c"/>
      </object_component>
      <object_component id="oc-e5">
         <name>.text.RingBuf_put</name>
         <load_address>0x6514</load_address>
         <readonly>true</readonly>
         <executable>true</executable>
         <run_address>0x6514</run_address>
         <size>0x46</size>
         <alignment>0x2</alignment>
         <input_file_ref idref="fl-1c"/>
      </object_component>
      <object_component id="oc-1f4">
         <name>.text.prvInitialiseNewQueue</name>
         <load_address>0x655a</load_address>
         <readonly>true</readonly>
         <executable>true</executable>
         <run_address>0x655a</run_address>
         <size>0x46</size>
         <alignment>0x2</alignment>
         <input_file_ref idref="fl-21"/>
      </object_component>
      <object_component id="oc-2a0">
         <name>.text.HwiP_create</name>
         <load_address>0x65a0</load_address>
         <readonly>true</readonly>
         <executable>true</executable>
         <run_address>0x65a0</run_address>
         <size>0x44</size>
         <alignment>0x2</alignment>
         <input_file_ref idref="fl-1e"/>
      </object_component>
      <object_component id="oc-232">
         <name>.text.I2CMSPM0_blockingCallback</name>
         <load_address>0x65e4</load_address>
         <readonly>true</readonly>
         <executable>true</executable>
         <run_address>0x65e4</run_address>
         <size>0xc</size>
         <alignment>0x2</alignment>
         <input_file_ref idref="fl-19"/>
      </object_component>
      <object_component id="oc-49">
         <name>.text.PendSV_Handler</name>
         <load_address>0x65f0</load_address>
         <readonly>true</readonly>
         <executable>true</executable>
         <run_address>0x65f0</run_address>
         <size>0x44</size>
         <alignment>0x10</alignment>
         <input_file_ref idref="fl-24"/>
      </object_component>
      <object_component id="oc-2eb">
         <name>.text.prvCopyDataFromQueue</name>
         <load_address>0x6634</load_address>
         <readonly>true</readonly>
         <executable>true</executable>
         <run_address>0x6634</run_address>
         <size>0x44</size>
         <alignment>0x2</alignment>
         <input_file_ref idref="fl-21"/>
      </object_component>
      <object_component id="oc-30c">
         <name>.text.vTaskPlaceOnEventListRestricted</name>
         <load_address>0x6678</load_address>
         <readonly>true</readonly>
         <executable>true</executable>
         <run_address>0x6678</run_address>
         <size>0x44</size>
         <alignment>0x4</alignment>
         <input_file_ref idref="fl-22"/>
      </object_component>
      <object_component id="oc-2e0">
         <name>.text.DisplayUartMin_open</name>
         <load_address>0x66bc</load_address>
         <readonly>true</readonly>
         <executable>true</executable>
         <run_address>0x66bc</run_address>
         <size>0x42</size>
         <alignment>0x2</alignment>
         <input_file_ref idref="fl-7"/>
      </object_component>
      <object_component id="oc-f8">
         <name>.text.RingBuf_get</name>
         <load_address>0x66fe</load_address>
         <readonly>true</readonly>
         <executable>true</executable>
         <run_address>0x66fe</run_address>
         <size>0x42</size>
         <alignment>0x2</alignment>
         <input_file_ref idref="fl-1c"/>
      </object_component>
      <object_component id="oc-343">
         <name>.text.__fixunsdfsi</name>
         <load_address>0x6740</load_address>
         <readonly>true</readonly>
         <executable>true</executable>
         <run_address>0x6740</run_address>
         <size>0x42</size>
         <alignment>0x4</alignment>
         <input_file_ref idref="fl-b7"/>
      </object_component>
      <object_component id="oc-171">
         <name>.text.SYSCFG_DL_initPower</name>
         <load_address>0x6784</load_address>
         <readonly>true</readonly>
         <executable>true</executable>
         <run_address>0x6784</run_address>
         <size>0x40</size>
         <alignment>0x4</alignment>
         <input_file_ref idref="fl-4"/>
      </object_component>
      <object_component id="oc-225">
         <name>.text.SemaphoreP_constructBinary</name>
         <load_address>0x67c4</load_address>
         <readonly>true</readonly>
         <executable>true</executable>
         <run_address>0x67c4</run_address>
         <size>0x40</size>
         <alignment>0x2</alignment>
         <input_file_ref idref="fl-1f"/>
      </object_component>
      <object_component id="oc-6a">
         <name>.text.__aeabi_uidivmod</name>
         <load_address>0x6804</load_address>
         <readonly>true</readonly>
         <executable>true</executable>
         <run_address>0x6804</run_address>
         <size>0x40</size>
         <alignment>0x4</alignment>
         <input_file_ref idref="fl-be"/>
      </object_component>
      <object_component id="oc-18c">
         <name>.text.xPortStartScheduler</name>
         <load_address>0x6844</load_address>
         <readonly>true</readonly>
         <executable>true</executable>
         <run_address>0x6844</run_address>
         <size>0x40</size>
         <alignment>0x4</alignment>
         <input_file_ref idref="fl-24"/>
      </object_component>
      <object_component id="oc-f2">
         <name>.text.RingBuf_putAdvance</name>
         <load_address>0x6884</load_address>
         <readonly>true</readonly>
         <executable>true</executable>
         <run_address>0x6884</run_address>
         <size>0x3e</size>
         <alignment>0x2</alignment>
         <input_file_ref idref="fl-1c"/>
      </object_component>
      <object_component id="oc-1ea">
         <name>.text.UART_writeFullFeatured</name>
         <load_address>0x68c2</load_address>
         <readonly>true</readonly>
         <executable>true</executable>
         <run_address>0x68c2</run_address>
         <size>0x3e</size>
         <alignment>0x2</alignment>
         <input_file_ref idref="fl-17"/>
      </object_component>
      <object_component id="oc-22c">
         <name>.text.DL_I2C_flushControllerTXFIFO</name>
         <load_address>0x6900</load_address>
         <readonly>true</readonly>
         <executable>true</executable>
         <run_address>0x6900</run_address>
         <size>0x3c</size>
         <alignment>0x4</alignment>
         <input_file_ref idref="fl-30"/>
      </object_component>
      <object_component id="oc-2d6">
         <name>.text.prvSampleTimeNow</name>
         <load_address>0x693c</load_address>
         <readonly>true</readonly>
         <executable>true</executable>
         <run_address>0x693c</run_address>
         <size>0x3c</size>
         <alignment>0x4</alignment>
         <input_file_ref idref="fl-23"/>
      </object_component>
      <object_component id="oc-13e">
         <name>.text:__TI_auto_init_nobinit_nopinit</name>
         <load_address>0x6978</load_address>
         <readonly>true</readonly>
         <executable>true</executable>
         <run_address>0x6978</run_address>
         <size>0x3c</size>
         <alignment>0x4</alignment>
         <input_file_ref idref="fl-45"/>
      </object_component>
      <object_component id="oc-2ee">
         <name>.text.__muldsi3</name>
         <load_address>0x69b4</load_address>
         <readonly>true</readonly>
         <executable>true</executable>
         <run_address>0x69b4</run_address>
         <size>0x3a</size>
         <alignment>0x4</alignment>
         <input_file_ref idref="fl-b5"/>
      </object_component>
      <object_component id="oc-de">
         <name>.text.vListInsertEnd</name>
         <load_address>0x69ee</load_address>
         <readonly>true</readonly>
         <executable>true</executable>
         <run_address>0x69ee</run_address>
         <size>0x3a</size>
         <alignment>0x2</alignment>
         <input_file_ref idref="fl-2c"/>
      </object_component>
      <object_component id="oc-1ef">
         <name>.text.DL_SYSCTL_switchMCLKfromLFCLKtoSYSOSC</name>
         <load_address>0x6a28</load_address>
         <readonly>true</readonly>
         <executable>true</executable>
         <run_address>0x6a28</run_address>
         <size>0x38</size>
         <alignment>0x4</alignment>
         <input_file_ref idref="fl-33"/>
      </object_component>
      <object_component id="oc-2b3">
         <name>.text.HwiP_dispatch</name>
         <load_address>0x6a60</load_address>
         <readonly>true</readonly>
         <executable>true</executable>
         <run_address>0x6a60</run_address>
         <size>0x38</size>
         <alignment>0x4</alignment>
         <input_file_ref idref="fl-1e"/>
      </object_component>
      <object_component id="oc-f6">
         <name>.text.RingBuf_putPointer</name>
         <load_address>0x6a98</load_address>
         <readonly>true</readonly>
         <executable>true</executable>
         <run_address>0x6a98</run_address>
         <size>0x38</size>
         <alignment>0x2</alignment>
         <input_file_ref idref="fl-1c"/>
      </object_component>
      <object_component id="oc-20e">
[...]
         <name>eTaskConfirmSleepModeStatus</name>
         <value>0x551d</value>
         <object_component_ref idref="oc-28b"/>
      </symbol>
      <symbol id="sm-3a9">
         <name>vTaskSetThreadLocalStoragePointer</name>
         <value>0x6229</value>
         <object_component_ref idref="oc-10a"/>
      </symbol>
      <symbol id="sm-3aa">
         <name>pvTaskGetThreadLocalStoragePointer</name>
         <value>0x6311</value>
         <object_component_ref idref="oc-107"/>
      </symbol>
      <symbol id="sm-3ab">
         <name>xTaskGetCurrentTaskHandle</name>
         <value>0x751d</value>
         <object_component_ref idref="oc-106"/>
      </symbol>
      <symbol id="sm-3ac">
         <name>xTaskGetSchedulerState</name>
         <value>0x6b79</value>
         <object_component_ref idref="oc-a6"/>
      </symbol>
      <symbol id="sm-3ad">
         <name>xTaskPriorityInherit</name>
         <value>0x3821</value>
         <object_component_ref idref="oc-2fa"/>
      </symbol>
      <symbol id="sm-3ae">
         <name>xTaskPriorityDisinherit</name>
         <value>0x3c69</value>
         <object_component_ref idref="oc-24d"/>
      </symbol>
      <symbol id="sm-3af">
         <name>vTaskPriorityDisinheritAfterTimeout</name>
         <value>0x2eb1</value>
         <object_component_ref idref="oc-2fc"/>
      </symbol>
      <symbol id="sm-3b0">
         <name>pvTaskIncrementMutexHeldCount</name>
         <value>0x72cd</value>
         <object_component_ref idref="oc-2f8"/>
      </symbol>
      <symbol id="sm-3f5">
         <name>xTimerCreateTimerTask</name>
         <value>0x5691</value>
         <object_component_ref idref="oc-187"/>
      </symbol>
      <symbol id="sm-3f6">
         <name>xTimerGenericCommand</name>
         <value>0x505d</value>
         <object_component_ref idref="oc-2db"/>
      </symbol>
      <symbol id="sm-430">
         <name>pxPortInitialiseStack</name>
         <value>0x635d</value>
         <object_component_ref idref="oc-26f"/>
      </symbol>
      <symbol id="sm-431">
         <name>SVC_Handler</name>
         <value>0x59c3</value>
         <object_component_ref idref="oc-44"/>
      </symbol>
      <symbol id="sm-432">
         <name>xPortStartScheduler</name>
         <value>0x6845</value>
         <object_component_ref idref="oc-18c"/>
      </symbol>
      <symbol id="sm-433">
         <name>vPortSetupTimerInterrupt</name>
         <value>0x6041</value>
         <object_component_ref idref="oc-204"/>
      </symbol>
      <symbol id="sm-434">
         <name>vPortYield</name>
         <value>0x744d</value>
         <object_component_ref idref="oc-10d"/>
      </symbol>
      <symbol id="sm-435">
         <name>vPortEnterCritical</name>
         <value>0x7435</value>
         <object_component_ref idref="oc-10c"/>
      </symbol>
      <symbol id="sm-436">
         <name>vPortExitCritical</name>
         <value>0x7005</value>
         <object_component_ref idref="oc-10e"/>
      </symbol>
      <symbol id="sm-437">
         <name>ulSetInterruptMaskFromISR</name>
         <value>0x7681</value>
         <object_component_ref idref="oc-97"/>
      </symbol>
      <symbol id="sm-438">
         <name>vClearInterruptMaskFromISR</name>
         <value>0x769b</value>
         <object_component_ref idref="oc-99"/>
      </symbol>
      <symbol id="sm-439">
         <name>PendSV_Handler</name>
         <value>0x65f1</value>
         <object_component_ref idref="oc-49"/>
      </symbol>
      <symbol id="sm-43a">
         <name>SysTick_Handler</name>
         <value>0x6f29</value>
         <object_component_ref idref="oc-4a"/>
      </symbol>
      <symbol id="sm-43b">
         <name>vPortSuppressTicksAndSleep</name>
         <value>0x1d69</value>
         <object_component_ref idref="oc-209"/>
      </symbol>
      <symbol id="sm-448">
         <name>PTLS_getBuf</name>
         <value>0x73a1</value>
         <object_component_ref idref="oc-a7"/>
      </symbol>
      <symbol id="sm-449">
         <name>PTLS_setBuf</name>
         <value>0x73bb</value>
         <object_component_ref idref="oc-ac"/>
      </symbol>
      <symbol id="sm-44a">
         <name>PTLS_taskDeleteHook</name>
         <value>0x71e1</value>
         <object_component_ref idref="oc-2d5"/>
      </symbol>
      <symbol id="sm-45d">
         <name>malloc</name>
         <value>0x63f3</value>
         <object_component_ref idref="oc-1f"/>
      </symbol>
      <symbol id="sm-45e">
         <name>calloc</name>
         <value>0x54a1</value>
         <object_component_ref idref="oc-24"/>
      </symbol>
      <symbol id="sm-45f">
         <name>realloc</name>
         <value>0x764d</value>
         <object_component_ref idref="oc-25"/>
      </symbol>
      <symbol id="sm-460">
         <name>free</name>
         <value>0x75bd</value>
         <object_component_ref idref="oc-26"/>
      </symbol>
      <symbol id="sm-461">
         <name>memalign</name>
         <value>0x7641</value>
         <object_component_ref idref="oc-27"/>
      </symbol>
      <symbol id="sm-462">
         <name>aligned_alloc</name>
         <value>0x7509</value>
         <object_component_ref idref="oc-28"/>
      </symbol>
      <symbol id="sm-486">
         <name>pthread_attr_init</name>
         <value>0x7385</value>
         <object_component_ref idref="oc-127"/>
      </symbol>
      <symbol id="sm-487">
         <name>pthread_attr_setdetachstate</name>
         <value>0x6ea3</value>
         <object_component_ref idref="oc-12d"/>
      </symbol>
      <symbol id="sm-488">
         <name>pthread_attr_setschedparam</name>
         <value>0x6c4d</value>
         <object_component_ref idref="oc-12c"/>
      </symbol>
      <symbol id="sm-489">
         <name>pthread_attr_setstacksize</name>
         <value>0x7557</value>
         <object_component_ref idref="oc-12e"/>
      </symbol>
      <symbol id="sm-48a">
         <name>_pthread_cleanup_pop</name>
         <value>0x6fad</value>
         <object_component_ref idref="oc-274"/>
      </symbol>
      <symbol id="sm-48b">
         <name>pthread_create</name>
         <value>0x2481</value>
         <object_component_ref idref="oc-12f"/>
      </symbol>
      <symbol id="sm-48c">
         <name>pthread_exit</name>
         <value>0x5955</value>
         <object_component_ref idref="oc-1f7"/>
      </symbol>
      <symbol id="sm-48d">
         <name>pthread_self</name>
         <value>0x741d</value>
         <object_component_ref idref="oc-272"/>
      </symbol>
      <symbol id="sm-48e">
         <name>pthread_setcancelstate</name>
         <value>0x5e8d</value>
         <object_component_ref idref="oc-273"/>
      </symbol>
      <symbol id="sm-498">
         <name>sleep</name>
         <value>0x6485</value>
         <object_component_ref idref="oc-1af"/>
      </symbol>
      <symbol id="sm-4a1">
         <name>ClockP_getSystemTickPeriod</name>
         <value>0x7689</value>
         <object_component_ref idref="oc-292"/>
      </symbol>
      <symbol id="sm-4b6">
         <name>vApplicationGetIdleTaskMemory</name>
         <value>0x70ad</value>
         <object_component_ref idref="oc-181"/>
      </symbol>
      <symbol id="sm-4b7">
         <name>vApplicationGetTimerTaskMemory</name>
         <value>0x70d5</value>
         <object_component_ref idref="oc-1fd"/>
      </symbol>
      <symbol id="sm-4dc">
         <name>pvPortMalloc</name>
         <value>0x16c9</value>
         <object_component_ref idref="oc-63"/>
      </symbol>
      <symbol id="sm-4dd">
         <name>vPortFree</name>
         <value>0x4b09</value>
         <object_component_ref idref="oc-73"/>
      </symbol>
      <symbol id="sm-4ee">
         <name>vListInitialise</name>
         <value>0x6fd9</value>
         <object_component_ref idref="oc-278"/>
      </symbol>
      <symbol id="sm-4ef">
         <name>vListInitialiseItem</name>
         <value>0x7619</value>
         <object_component_ref idref="oc-26e"/>
      </symbol>
      <symbol id="sm-4f0">
         <name>vListInsertEnd</name>
         <value>0x69ef</value>
         <object_component_ref idref="oc-de"/>
      </symbol>
      <symbol id="sm-4f1">
         <name>vListInsert</name>
         <value>0x5b09</value>
         <object_component_ref idref="oc-24e"/>
      </symbol>
      <symbol id="sm-4f2">
         <name>uxListRemove</name>
         <value>0x64cd</value>
         <object_component_ref idref="oc-d9"/>
      </symbol>
      <symbol id="sm-4fd">
         <name>__aeabi_errno_addr</name>
         <value>0x5fed</value>
         <object_component_ref idref="oc-5f"/>
      </symbol>
      <symbol id="sm-506">
         <name>DL_Common_delayCycles</name>
         <value>0x7665</value>
         <object_component_ref idref="oc-1eb"/>
      </symbol>
      <symbol id="sm-510">
         <name>DL_DMA_initChannel</name>
         <value>0x6279</value>
         <object_component_ref idref="oc-15d"/>
      </symbol>
      <symbol id="sm-522">
         <name>DL_I2C_setClockConfig</name>
         <value>0x7125</value>
         <object_component_ref idref="oc-226"/>
      </symbol>
      <symbol id="sm-523">
         <name>DL_I2C_fillControllerTXFIFO</name>
         <value>0x5d75</value>
         <object_component_ref idref="oc-2b8"/>
      </symbol>
      <symbol id="sm-524">
         <name>DL_I2C_flushControllerTXFIFO</name>
         <value>0x6901</value>
         <object_component_ref idref="oc-22c"/>
      </symbol>
      <symbol id="sm-525">
         <name>DL_I2C_flushControllerRXFIFO</name>
         <value>0x6d85</value>
         <object_component_ref idref="oc-22d"/>
      </symbol>
      <symbol id="sm-535">
         <name>DL_UART_init</name>
         <value>0x643d</value>
         <object_component_ref idref="oc-258"/>
      </symbol>
      <symbol id="sm-536">
         <name>DL_UART_setClockConfig</name>
         <value>0x7545</value>
         <object_component_ref idref="oc-252"/>
      </symbol>
      <symbol id="sm-537">
         <name>DL_UART_configBaudRate</name>
         <value>0x5421</value>
         <object_component_ref idref="oc-259"/>
      </symbol>
      <symbol id="sm-547">
         <name>DL_Interrupt_registerInterrupt</name>
         <value>0x4f3d</value>
         <object_component_ref idref="oc-2a9"/>
      </symbol>
      <symbol id="sm-548">
         <name>DL_Interrupt_unregisterInterrupt</name>
         <value>0x7491</value>
         <object_component_ref idref="oc-321"/>
      </symbol>
      <symbol id="sm-553">
         <name>DL_SYSCTL_switchMCLKfromLFCLKtoSYSOSC</name>
         <value>0x6a29</value>
         <object_component_ref idref="oc-1ef"/>
      </symbol>
      <symbol id="sm-55c">
         <name>strlen</name>
         <value>0x760b</value>
         <object_component_ref idref="oc-32b"/>
      </symbol>
      <symbol id="sm-567">
         <name>_c_int00_noargs</name>
         <value>0x70fd</value>
         <object_component_ref idref="oc-8d"/>
      </symbol>
      <symbol id="sm-568">
         <name>__stack</name>
         <value>0x20207e00</value>
         <object_component_ref idref="oc-29"/>
      </symbol>
      <symbol id="sm-574">
         <name>__TI_auto_init_nobinit_nopinit</name>
         <value>0x6979</value>
         <object_component_ref idref="oc-13e"/>
      </symbol>
      <symbol id="sm-57c">
         <name>_system_pre_init</name>
         <value>0x76a5</value>
         <object_component_ref idref="oc-c9"/>
      </symbol>
      <symbol id="sm-587">
         <name>__TI_zero_init</name>
         <value>0x75dd</value>
         <object_component_ref idref="oc-8a"/>
      </symbol>
      <symbol id="sm-590">
         <name>__TI_decompress_none</name>
         <value>0x7569</value>
         <object_component_ref idref="oc-2f"/>
      </symbol>
      <symbol id="sm-59b">
         <name>__TI_decompress_lzss</name>
         <value>0x5785</value>
         <object_component_ref idref="oc-2b"/>
      </symbol>
      <symbol id="sm-5a5">
         <name>abort</name>
         <value>0x76ad</value>
         <object_component_ref idref="oc-137"/>
      </symbol>
      <symbol id="sm-5a6">
         <name>C$$EXIT</name>
         <value>0x76ac</value>
         <object_component_ref idref="oc-137"/>
      </symbol>
      <symbol id="sm-5ae">
         <name>__aeabi_dadd</name>
         <value>0x1bdf</value>
         <object_component_ref idref="oc-33b"/>
      </symbol>
      <symbol id="sm-5af">
         <name>__adddf3</name>
         <value>0x1bdf</value>
         <object_component_ref idref="oc-33b"/>
      </symbol>
      <symbol id="sm-5b0">
         <name>__aeabi_dsub</name>
         <value>0x1bd5</value>
         <object_component_ref idref="oc-33b"/>
      </symbol>
      <symbol id="sm-5b1">
         <name>__subdf3</name>
         <value>0x1bd5</value>
         <object_component_ref idref="oc-33b"/>
      </symbol>
      <symbol id="sm-5b7">
         <name>__aeabi_dmul</name>
         <value>0x373d</value>
         <object_component_ref idref="oc-33f"/>
      </symbol>
      <symbol id="sm-5b8">
         <name>__muldf3</name>
         <value>0x373d</value>
         <object_component_ref idref="oc-33f"/>
      </symbol>
      <symbol id="sm-5be">
         <name>__muldsi3</name>
         <value>0x69b5</value>
         <object_component_ref idref="oc-2ee"/>
      </symbol>
      <symbol id="sm-5c4">
         <name>__aeabi_d2iz</name>
         <value>0x63a9</value>
         <object_component_ref idref="oc-333"/>
      </symbol>
      <symbol id="sm-5c5">
         <name>__fixdfsi</name>
         <value>0x63a9</value>
         <object_component_ref idref="oc-333"/>
      </symbol>
      <symbol id="sm-5cb">
         <name>__aeabi_d2uiz</name>
         <value>0x6741</value>
         <object_component_ref idref="oc-343"/>
      </symbol>
      <symbol id="sm-5cc">
         <name>__fixunsdfsi</name>
         <value>0x6741</value>
         <object_component_ref idref="oc-343"/>
      </symbol>
      <symbol id="sm-5d2">
         <name>__aeabi_i2d</name>
         <value>0x6f81</value>
         <object_component_ref idref="oc-337"/>
      </symbol>
      <symbol id="sm-5d3">
         <name>__floatsidf</name>
         <value>0x6f81</value>
         <object_component_ref idref="oc-337"/>
      </symbol>
      <symbol id="sm-5d9">
         <name>__aeabi_lmul</name>
         <value>0x7229</value>
         <object_component_ref idref="oc-297"/>
      </symbol>
      <symbol id="sm-5da">
         <name>__muldi3</name>
         <value>0x7229</value>
         <object_component_ref idref="oc-297"/>
      </symbol>
      <symbol id="sm-5e3">
         <name>__clzsi2</name>
         <value>0x5ee7</value>
         <object_component_ref idref="oc-2fd"/>
      </symbol>
      <symbol id="sm-5e9">
         <name>__aeabi_dcmpeq</name>
         <value>0x5cb1</value>
         <object_component_ref idref="oc-32f"/>
      </symbol>
      <symbol id="sm-5ea">
         <name>__aeabi_dcmplt</name>
         <value>0x5cc5</value>
         <object_component_ref idref="oc-32f"/>
      </symbol>
      <symbol id="sm-5eb">
         <name>__aeabi_dcmple</name>
         <value>0x5cd9</value>
         <object_component_ref idref="oc-32f"/>
      </symbol>
      <symbol id="sm-5ec">
         <name>__aeabi_dcmpge</name>
         <value>0x5ced</value>
         <object_component_ref idref="oc-32f"/>
      </symbol>
      <symbol id="sm-5ed">
         <name>__aeabi_dcmpgt</name>
         <value>0x5d01</value>
         <object_component_ref idref="oc-32f"/>
      </symbol>
      <symbol id="sm-5f3">
         <name>__aeabi_memcpy</name>
         <value>0x7679</value>
         <object_component_ref idref="oc-7d"/>
      </symbol>
      <symbol id="sm-5f4">
         <name>__aeabi_memcpy4</name>
         <value>0x7679</value>
         <object_component_ref idref="oc-7d"/>
      </symbol>
      <symbol id="sm-5f5">
         <name>__aeabi_memcpy8</name>
         <value>0x7679</value>
         <object_component_ref idref="oc-7d"/>
      </symbol>
      <symbol id="sm-5fe">
         <name>__aeabi_memset</name>
         <value>0x75fd</value>
         <object_component_ref idref="oc-26d"/>
      </symbol>
      <symbol id="sm-5ff">
         <name>__aeabi_memset4</name>
         <value>0x75fd</value>
         <object_component_ref idref="oc-26d"/>
      </symbol>
      <symbol id="sm-600">
         <name>__aeabi_memset8</name>
         <value>0x75fd</value>
         <object_component_ref idref="oc-26d"/>
      </symbol>
      <symbol id="sm-601">
         <name>__aeabi_memclr</name>
         <value>0x7635</value>
         <object_component_ref idref="oc-6e"/>
      </symbol>
      <symbol id="sm-602">
         <name>__aeabi_memclr4</name>
         <value>0x7635</value>
         <object_component_ref idref="oc-6e"/>
      </symbol>
      <symbol id="sm-603">
         <name>__aeabi_memclr8</name>
         <value>0x7635</value>
         <object_component_ref idref="oc-6e"/>
      </symbol>
      <symbol id="sm-609">
         <name>__aeabi_uidiv</name>
         <value>0x6805</value>
         <object_component_ref idref="oc-6a"/>
      </symbol>
      <symbol id="sm-60a">
         <name>__aeabi_uidivmod</name>
         <value>0x6805</value>
         <object_component_ref idref="oc-6a"/>
      </symbol>
      <symbol id="sm-610">
         <name>__aeabi_uldivmod</name>
         <value>0x74f5</value>
         <object_component_ref idref="oc-29b"/>
      </symbol>
      <symbol id="sm-616">
         <name>__udivmoddi4</name>
         <value>0x4a65</value>
         <object_component_ref idref="oc-2f3"/>
      </symbol>
      <symbol id="sm-61c">
         <name>__aeabi_llsl</name>
         <value>0x730d</value>
         <object_component_ref idref="oc-319"/>
      </symbol>
      <symbol id="sm-61d">
         <name>__ashldi3</name>
         <value>0x730d</value>
         <object_component_ref idref="oc-319"/>
      </symbol>
      <symbol id="sm-62b">
         <name>__ledf2</name>
         <value>0x5a31</value>
         <object_component_ref idref="oc-34c"/>
      </symbol>
      <symbol id="sm-62c">
         <name>__gedf2</name>
         <value>0x58e5</value>
         <object_component_ref idref="oc-352"/>
      </symbol>
      <symbol id="sm-62d">
         <name>__cmpdf2</name>
         <value>0x5a31</value>
         <object_component_ref idref="oc-34c"/>
      </symbol>
      <symbol id="sm-62e">
         <name>__eqdf2</name>
         <value>0x5a31</value>
         <object_component_ref idref="oc-34c"/>
      </symbol>
      <symbol id="sm-62f">
         <name>__ltdf2</name>
         <value>0x5a31</value>
         <object_component_ref idref="oc-34c"/>
      </symbol>
      <symbol id="sm-630">
         <name>__nedf2</name>
         <value>0x5a31</value>
         <object_component_ref idref="oc-34c"/>
      </symbol>
      <symbol id="sm-631">
         <name>__gtdf2</name>
         <value>0x58e5</value>
         <object_component_ref idref="oc-352"/>
      </symbol>
      <symbol id="sm-63d">
         <name>__aeabi_idiv0</name>
         <value>0x5f3f</value>
         <object_component_ref idref="oc-bc"/>
      </symbol>
      <symbol id="sm-63e">
         <name>__aeabi_ldiv0</name>
         <value>0x60e7</value>
         <object_component_ref idref="oc-318"/>
      </symbol>
      <symbol id="sm-657">
         <name>memcpy</name>
         <value>0x4ce5</value>
         <object_component_ref idref="oc-11f"/>
      </symbol>
      <symbol id="sm-666">
         <name>memset</name>
         <value>0x5d13</value>
         <object_component_ref idref="oc-119"/>
      </symbol>
      <symbol id="sm-667">
         <name>__TI_static_base__</name>
         <value>0x0</value>
      </symbol>
      <symbol id="sm-66a">
         <name>__mpu_init</name>
         <value>0x0</value>
      </symbol>
      <symbol id="sm-66b">
         <name>_system_post_cinit</name>
         <value>0x0</value>
      </symbol>
   </symbol_table>
   <title>Link successful</title>
</link_info>
