******************************************************************************
            TI ARM Clang Linker Unix v3.2.1                    
******************************************************************************
>> Linked Wed Apr 30 09:06:01 2025

OUTPUT FILE NAME:   <i2c_controller_LP_MSPM0G3507_freertos_ticlang.out>
ENTRY POINT SYMBOL: "_c_int00_noargs"  address: 000070fd


MEMORY CONFIGURATION

         name            origin    length      used     unused   attr    fill
----------------------  --------  ---------  --------  --------  ----  --------
  FLASH                 00000000   00020000  00007b48  000184b8  R  X
  SRAM                  20200000   00008000  00001d2f  000062d1  RW X
  BCR_CONFIG            41c00000   000000ff  00000000  000000ff  R   
  BSL_CONFIG            41c00100   00000080  00000000  00000080  R   


SEGMENT ALLOCATION MAP

run origin  load origin   length   init length attrs members
----------  ----------- ---------- ----------- ----- -------
00000000    00000000    00007b48   00007b48    r-x
  00000000    00000000    000000c0   000000c0    r-- .intvecs
  000000c0    000000c0    000075f0   000075f0    r-x .text
  000076b0    000076b0    00000420   00000420    r-- .rodata
  00007ad0    00007ad0    00000078   00000078    r-- .cinit
20200000    20200000    00001a6f   00000000    rw-
  20200000    20200000    00001764   00000000    rw- .bss
  20201764    20201764    0000030b   00000000    rw- .data
20201b00    20201b00    000000c0   00000000    rw-
  20201b00    20201b00    000000c0   00000000    rw- .vtable
20207e00    20207e00    00000200   00000000    rw-
  20207e00    20207e00    00000200   00000000    rw- .stack


SECTION ALLOCATION MAP

 output                                  attributes/
section   page    origin      length       input sections
--------  ----  ----------  ----------   ----------------
.intvecs   0    00000000    000000c0     
                  00000000    000000c0     startup_mspm0g350x_ticlang.o (.intvecs)

.text      0    000000c0    000075f0     
                  000000c0    0000050c     freertos_builds_LP_MSPM0G3507_release_ticlang.lib : SystemP_freertos.o (.text.doPrint)
                  000005cc    000004f8     drivers_mspm0g1x0x_g3x0x.a : UARTMSPM0.o (.text.UARTMSP_interruptHandler)
                  00000ac4    00000264     i2ccontroller.o (.text.mainThread)
                  00000d28    00000210     drivers_mspm0g1x0x_g3x0x.a : GPIOMSPM0.o (.text.GPIO_setConfigAndMux)
                  00000f38    000001f4                                : I2CMSPM0.o (.text.I2C_open)
                  0000112c    000001ec     freertos_builds_LP_MSPM0G3507_release_ticlang.lib : queue.o (.text.xQueueSemaphoreTake)
                  00001318    000001dc     drivers_mspm0g1x0x_g3x0x.a : I2CMSPM0.o (.text.I2CMSPM0_hwiFxn)
                  000014f4    000001d2     freertos_builds_LP_MSPM0G3507_release_ticlang.lib : queue.o (.text.xQueueGenericSend)
                  000016c6    00000002     startup_mspm0g350x_ticlang.o (.text.Default_Handler)
                  000016c8    000001c0     freertos_builds_LP_MSPM0G3507_release_ticlang.lib : heap_4.o (.text.pvPortMalloc)
                  00001888    000001a8     drivers_mspm0g1x0x_g3x0x.a : UARTMSPM0.o (.text.UARTMSP_enable)
                  00001a30    000001a4     freertos_builds_LP_MSPM0G3507_release_ticlang.lib : queue.o (.text.xQueueReceive)
                  00001bd4    00000192     libclang_rt.builtins.a : adddf3.S.obj (.text.adddf3_subdf3)
                  00001d66    00000002     DisplayUart.o (.text.DisplayUartMin_clear)
                  00001d68    00000188     freertos_builds_LP_MSPM0G3507_release_ticlang.lib : port.o (.text.vPortSuppressTicksAndSleep)
                  00001ef0    00000180     drivers_mspm0g1x0x_g3x0x.a : DMAMSPM0.o (.text.DMAMSPM0_hwiFxn)
                  00002070    00000164                                : GPIOMSPM0.o (.text.GPIO_init)
                  000021d4    00000158     freertos_builds_LP_MSPM0G3507_release_ticlang.lib : tasks.o (.text.xTaskIncrementTick)
                  0000232c    00000154                                                       : timers.o (.text.prvProcessReceivedCommands)
                  00002480    0000014c                                                       : pthread.o (.text.pthread_create)
                  000025cc    00000134                                                       : tasks.o (.text.xTaskResumeAll)
                  00002700    0000012c     drivers_mspm0g1x0x_g3x0x.a : I2C.o (.text.I2C_transferTimeout)
                  0000282c    00000120     freertos_builds_LP_MSPM0G3507_release_ticlang.lib : queue.o (.text.xQueueGenericSendFromISR)
                  0000294c    0000011c                                                       : tasks.o (.text.prvInitialiseNewTask)
                  00002a68    0000011a     drivers_mspm0g1x0x_g3x0x.a : RingBuf.o (.text.RingBuf_getn)
                  00002b82    00000116                                : RingBuf.o (.text.RingBuf_putn)
                  00002c98    00000110     freertos_builds_LP_MSPM0G3507_release_ticlang.lib : tasks.o (.text.vTaskSuspend)
                  00002da8    00000108     drivers_mspm0g1x0x_g3x0x.a : I2CMSPM0.o (.text.I2CMSPM0_primeWriteBurst)
                  00002eb0    00000100     freertos_builds_LP_MSPM0G3507_release_ticlang.lib : tasks.o (.text.vTaskPriorityDisinheritAfterTimeout)
                  00002fb0    000000fc     drivers_mspm0g1x0x_g3x0x.a : UARTMSPM0.o (.text.UARTMSP_dmaRx)
                  000030ac    000000f8                                : GPIOMSPM0.o (.text.GPIO_hwiIntFxn)
                  000031a4    000000f6                                : UART.o (.text.UART_readFullFeatured)
                  0000329a    000000f4     freertos_builds_LP_MSPM0G3507_release_ticlang.lib : queue.o (.text.xQueueGiveFromISR)
                  0000338e    00000002     DisplayUart.o (.text.DisplayUartMin_clearLines)
                  00003390    000000ec     drivers_mspm0g1x0x_g3x0x.a : I2CMSPM0.o (.text.I2CMSPM0_primeReadBurst)
                  0000347c    000000ec     freertos_builds_LP_MSPM0G3507_release_ticlang.lib : tasks.o (.text.vTaskSwitchContext)
                  00003568    000000ec                                                       : queue.o (.text.xQueueReceiveFromISR)
                  00003654    000000e8                                                       : tasks.o (.text.vTaskDelete)
                  0000373c    000000e4     libclang_rt.builtins.a : muldf3.S.obj (.text.__muldf3)
                  00003820    000000e4     freertos_builds_LP_MSPM0G3507_release_ticlang.lib : tasks.o (.text.xTaskPriorityInherit)
                  00003904    000000e0                                                       : tasks.o (.text.prvAddNewTaskToReadyList)
                  000039e4    000000dc     drivers_mspm0g1x0x_g3x0x.a : DMAMSPM0.o (.text.DMAMSPM0_init)
                  00003ac0    000000d4                                : UART.o (.text.UART_open)
                  00003b94    000000d4     freertos_builds_LP_MSPM0G3507_release_ticlang.lib : queue.o (.text.prvCopyDataToQueue)
                  00003c68    000000c4                                                       : tasks.o (.text.xTaskPriorityDisinherit)
                  00003d2c    000000c0     drivers_mspm0g1x0x_g3x0x.a : DMAMSPM0.o (.text.DMAMSPM0_open)
                  00003dec    000000c0     freertos_builds_LP_MSPM0G3507_release_ticlang.lib : queue.o (.text.xQueueGenericCreateStatic)
                  00003eac    000000bc                                                       : HwiPMSPM0_freertos.o (.text.HwiP_construct)
                  00003f68    000000bc                                                       : heap_4.o (.text.prvInsertBlockIntoFreeList)
                  00004024    000000bc                                                       : tasks.o (.text.vTaskStartScheduler)
                  000040e0    000000b6                                                       : queue.o (.text.prvUnlockQueue)
                  00004196    00000002     DisplayUart.o (.text.DisplayUartMin_init)
                  00004198    000000b4     drivers_mspm0g1x0x_g3x0x.a : UART.o (.text.UART_writeCallback)
                  0000424c    000000b4     freertos_builds_LP_MSPM0G3507_release_ticlang.lib : SystemP_freertos.o (.text.formatNum)
                  00004300    000000b4                                                       : tasks.o (.text.xTaskCheckForTimeOut)
                  000043b4    000000b0                                                       : tasks.o (.text.prvAddCurrentTaskToDelayedList)
                  00004464    000000b0                                                       : heap_4.o (.text.prvHeapInit)
                  00004514    000000b0                                                       : timers.o (.text.prvSwitchTimerLists)
                  000045c4    000000b0                                                       : tasks.o (.text.xTaskRemoveFromEventList)
                  00004674    000000ac     drivers_mspm0g1x0x_g3x0x.a : GPIOMSPM0.o (.text.GPIO_setInterruptConfig)
                  00004720    000000aa     freertos_builds_LP_MSPM0G3507_release_ticlang.lib : queue.o (.text.xQueueGenericCreate)
                  000047ca    00000002     drivers_mspm0g1x0x_g3x0x.a : I2CMSPM0.o (.text.I2CSupport_powerRelConstraint)
                  000047cc    000000a8                                : DMAMSPM0.o (.text.DMA_Init)
                  00004874    000000a8     i2ccontroller.o (.text.i2cErrorHandler)
                  0000491c    000000a4     Display.o (.text.Display_doInit)
                  000049c0    000000a4     drivers_mspm0g1x0x_g3x0x.a : UARTMSPM0.o (.text.UARTMSP_txChar)
                  00004a64    000000a2     libclang_rt.builtins.a : udivmoddi4.S.obj (.text)
                  00004b06    00000002     drivers_mspm0g1x0x_g3x0x.a : I2CMSPM0.o (.text.I2CSupport_powerSetConstraint)
                  00004b08    000000a0     freertos_builds_LP_MSPM0G3507_release_ticlang.lib : heap_4.o (.text.vPortFree)
                  00004ba8    000000a0                                                       : queue.o (.text.xQueueGenericReset)
                  00004c48    0000009c     drivers_mspm0g1x0x_g3x0x.a : I2CMSPM0.o (.text.I2CMSPM0_completeTransfer)
                  00004ce4    0000009a     libc.a : memcpy16.S.obj (.text:memcpy)
                  00004d7e    00000098     drivers_mspm0g1x0x_g3x0x.a : UART.o (.text.UART_writeBuffered)
                  00004e16    00000094     freertos_builds_LP_MSPM0G3507_release_ticlang.lib : tasks.o (.text.xTaskCreateStatic)
                  00004eaa    00000092                                                       : tasks.o (.text.xTaskCreate)
                  00004f3c    00000090     driverlib.a : dl_interrupt.o (.text.DL_Interrupt_registerInterrupt)
                  00004fcc    00000090     drivers_mspm0g1x0x_g3x0x.a : DMAMSPM0.o (.text.DMAMSPM0_setupTransfer)
                  0000505c    00000090     freertos_builds_LP_MSPM0G3507_release_ticlang.lib : timers.o (.text.xTimerGenericCommand)
                  000050ec    0000008c                                                       : timers.o (.text.prvProcessTimerOrBlockTask)
                  00005178    0000008c                                                       : pthread.o (.text.removeThreadKeys)
                  00005204    0000008a                                                       : SemaphoreP_freertos.o (.text.SemaphoreP_pend)
                  0000528e    00000002     drivers_mspm0g1x0x_g3x0x.a : I2C.o (.text.I2C_init)
                  00005290    00000088                                : DMAMSPM0.o (.text.DMAMSPM0_close)
                  00005318    00000084     freertos_builds_LP_MSPM0G3507_release_ticlang.lib : HwiPMSPM0_freertos.o (.text.__NVIC_SetPriority)
                  0000539c    00000084                                                       : timers.o (.text.prvInsertTimerInActiveList)
                  00005420    00000080     driverlib.a : dl_uart.o (.text.DL_UART_configBaudRate)
                  000054a0    0000007c     freertos_builds_LP_MSPM0G3507_release_ticlang.lib : memory.o (.text.calloc)
                  0000551c    0000007c                                                       : tasks.o (.text.eTaskConfirmSleepModeStatus)
                  00005598    0000007c                                                       : tasks.o (.text.prvInitialiseTaskLists)
                  00005614    0000007c                                                       : timers.o (.text.prvProcessExpiredTimer)
                  00005690    0000007c                                                       : timers.o (.text.xTimerCreateTimerTask)
                  0000570c    00000078     drivers_mspm0g1x0x_g3x0x.a : UARTMSPM0.o (.text.UARTMSP_enableInts)
                  00005784    00000078     libc.a : copy_decompress_lzss.c.obj (.text:decompress:lzss)
                  000057fc    00000074     drivers_mspm0g1x0x_g3x0x.a : I2CMSPM0.o (.text.I2CSupport_primeTransfer)
                  00005870    00000074     freertos_builds_LP_MSPM0G3507_release_ticlang.lib : tasks.o (.text.prvGetExpectedIdleTime)
                  000058e4    00000070     libclang_rt.builtins.a : comparedf2.c.obj (.text.__gedf2)
                  00005954    0000006e     freertos_builds_LP_MSPM0G3507_release_ticlang.lib : pthread.o (.text.pthread_exit)
                  000059c2    00000002                                                       : port.o (.text.SVC_Handler)
                  000059c4    0000006c     drivers_mspm0g1x0x_g3x0x.a : GPIOMSPM0.o (.text.GPIO_write)
                  00005a30    0000006c     libclang_rt.builtins.a : comparedf2.c.obj (.text.__ledf2)
                  00005a9c    0000006c     freertos_builds_LP_MSPM0G3507_release_ticlang.lib : timers.o (.text.prvCheckForValidListAndQueue)
                  00005b08    0000006c                                                       : list.o (.text.vListInsert)
                  00005b74    0000006a                                                       : queue.o (.text.vQueueWaitForMessageRestricted)
                  00005bde    00000002     ti_msp_dl_config.o (.text.SYSCFG_DL_GPIO_init)
                  00005be0    00000068     drivers_mspm0g1x0x_g3x0x.a : UARTMSPM0.o (.text.UARTMSP_disable)
                  00005c48    00000068                                : UART.o (.text.UART_readCancel)
                  00005cb0    00000062     libclang_rt.builtins.a : aeabi_dcmp.S.obj (.text.__aeabi_dcmp)
                  00005d12    00000062     libc.a : memset16.S.obj (.text:memset)
                  00005d74    0000005e     driverlib.a : dl_i2c.o (.text.DL_I2C_fillControllerTXFIFO)
                  00005dd2    00000002     ti_drivers_config.o (.text.UARTMSP_eventCallback)
                  00005dd4    0000005c     Display.o (.text.Display_doOpen)
                  00005e30    0000005c     freertos_builds_LP_MSPM0G3507_release_ticlang.lib : tasks.o (.text.prvIdleTask)
                  00005e8c    0000005a                                                       : pthread.o (.text.pthread_setcancelstate)
                  00005ee6    00000058     libclang_rt.builtins.a : clzsi2.c.obj (.text.__clzsi2)
                  00005f3e    00000002                            : aeabi_div0.c.obj (.text.__aeabi_idiv0)
                  00005f40    00000058     main_freertos.o (.text.main)
                  00005f98    00000054     ti_msp_dl_config.o (.text.SYSCFG_DL_SYSCTL_init)
                  00005fec    00000054     freertos_builds_LP_MSPM0G3507_release_ticlang.lib : aeabi_portable.o (.text.__aeabi_errno_addr)
                  00006040    00000054                                                       : port.o (.text.vPortSetupTimerInterrupt)
                  00006094    00000052     DisplayUart.o (.text.DisplayUartMin_vprintf)
                  000060e6    00000002     libclang_rt.builtins.a : aeabi_div0.c.obj (.text.__aeabi_ldiv0)
                  000060e8    00000050     drivers_mspm0g1x0x_g3x0x.a : I2CMSPM0.o (.text.I2CMSPM0_readReceiveFifo)
                  00006138    00000050     freertos_builds_LP_MSPM0G3507_release_ticlang.lib : tasks.o (.text.prvCheckTasksWaitingTermination)
                  00006188    00000050                                                       : tasks.o (.text.prvDeleteTCB)
                  000061d8    00000050                                                       : tasks.o (.text.vTaskDelay)
                  00006228    00000050                                                       : tasks.o (.text.vTaskSetThreadLocalStoragePointer)
                  00006278    0000004c     driverlib.a : dl_dma.o (.text.DL_DMA_initChannel)
                  000062c4    0000004c     drivers_mspm0g1x0x_g3x0x.a : GPIOMSPM0.o (.text.GPIO_toggle)
                  00006310    0000004c     freertos_builds_LP_MSPM0G3507_release_ticlang.lib : tasks.o (.text.pvTaskGetThreadLocalStoragePointer)
                  0000635c    0000004c                                                       : port.o (.text.pxPortInitialiseStack)
                  000063a8    0000004a     libclang_rt.builtins.a : fixdfsi.S.obj (.text.__fixdfsi)
                  000063f2    0000004a     freertos_builds_LP_MSPM0G3507_release_ticlang.lib : memory.o (.text.malloc)
                  0000643c    00000048     driverlib.a : dl_uart.o (.text.DL_UART_init)
                  00006484    00000048     freertos_builds_LP_MSPM0G3507_release_ticlang.lib : sleep.o (.text.sleep)
                  000064cc    00000048                                                       : list.o (.text.uxListRemove)
                  00006514    00000046     drivers_mspm0g1x0x_g3x0x.a : RingBuf.o (.text.RingBuf_put)
                  0000655a    00000046     freertos_builds_LP_MSPM0G3507_release_ticlang.lib : queue.o (.text.prvInitialiseNewQueue)
                  000065a0    00000044                                                       : HwiPMSPM0_freertos.o (.text.HwiP_create)
                  000065e4    0000000c     drivers_mspm0g1x0x_g3x0x.a : I2CMSPM0.o (.text.I2CMSPM0_blockingCallback)
                  000065f0    00000044     freertos_builds_LP_MSPM0G3507_release_ticlang.lib : port.o (.text.PendSV_Handler)
                  00006634    00000044                                                       : queue.o (.text.prvCopyDataFromQueue)
                  00006678    00000044                                                       : tasks.o (.text.vTaskPlaceOnEventListRestricted)
                  000066bc    00000042     DisplayUart.o (.text.DisplayUartMin_open)
                  000066fe    00000042     drivers_mspm0g1x0x_g3x0x.a : RingBuf.o (.text.RingBuf_get)
                  00006740    00000042     libclang_rt.builtins.a : fixunsdfsi.S.obj (.text.__fixunsdfsi)
                  00006782    00000002     --HOLE-- [fill = 0]
                  00006784    00000040     ti_msp_dl_config.o (.text.SYSCFG_DL_initPower)
                  000067c4    00000040     freertos_builds_LP_MSPM0G3507_release_ticlang.lib : SemaphoreP_freertos.o (.text.SemaphoreP_constructBinary)
                  00006804    00000040     libclang_rt.builtins.a : aeabi_uidivmod.S.obj (.text.__aeabi_uidivmod)
                  00006844    00000040     freertos_builds_LP_MSPM0G3507_release_ticlang.lib : port.o (.text.xPortStartScheduler)
                  00006884    0000003e     drivers_mspm0g1x0x_g3x0x.a : RingBuf.o (.text.RingBuf_putAdvance)
                  000068c2    0000003e                                : UART.o (.text.UART_writeFullFeatured)
                  00006900    0000003c     driverlib.a : dl_i2c.o (.text.DL_I2C_flushControllerTXFIFO)
                  0000693c    0000003c     freertos_builds_LP_MSPM0G3507_release_ticlang.lib : timers.o (.text.prvSampleTimeNow)
                  00006978    0000003c     libc.a : autoinit.c.obj (.text:__TI_auto_init_nobinit_nopinit)
                  000069b4    0000003a     libclang_rt.builtins.a : muldsi3.S.obj (.text.__muldsi3)
                  000069ee    0000003a     freertos_builds_LP_MSPM0G3507_release_ticlang.lib : list.o (.text.vListInsertEnd)
                  00006a28    00000038     driverlib.a : dl_sysctl_mspm0g1x0x_g3x0x.o (.text.DL_SYSCTL_switchMCLKfromLFCLKtoSYSOSC)
                  00006a60    00000038     freertos_builds_LP_MSPM0G3507_release_ticlang.lib : HwiPMSPM0_freertos.o (.text.HwiP_dispatch)
                  00006a98    00000038     drivers_mspm0g1x0x_g3x0x.a : RingBuf.o (.text.RingBuf_putPointer)
                  00006ad0    00000038     freertos_builds_LP_MSPM0G3507_release_ticlang.lib : SemaphoreP_freertos.o (.text.SemaphoreP_createBinary)
                  00006b08    00000038                                                       : timers.o (.text.prvGetNextExpireTime)
                  00006b40    00000038                                                       : tasks.o (.text.xTaskGetApplicationTaskTag)
                  00006b78    00000038                                                       : tasks.o (.text.xTaskGetSchedulerState)
                  00006bb0    00000034                                                       : HwiPMSPM0_freertos.o (.text.HwiP_disable)
                  00006be4    00000034     drivers_mspm0g1x0x_g3x0x.a : RingBuf.o (.text.RingBuf_getConsume)
                  00006c18    00000034     freertos_builds_LP_MSPM0G3507_release_ticlang.lib : HwiPMSPM0_freertos.o (.text.__NVIC_DisableIRQ)
                  00006c4c    00000034                                                       : pthread.o (.text.pthread_attr_setschedparam)
                  00006c80    00000034                                                       : port.o (.text.vPortStartFirstTask)
                  00006cb4    00000034                                                       : tasks.o (.text.vTaskPlaceOnEventList)
                  00006ce8    00000034                                                       : tasks.o (.text.vTaskSetApplicationTaskTag)
                  00006d1c    00000034                                                       : tasks.o (.text.vTaskStepTick)
                  00006d50    00000032                                                       : queue.o (.text.vQueueDelete)
                  00006d82    00000002     --HOLE-- [fill = 0]
                  00006d84    00000030     driverlib.a : dl_i2c.o (.text.DL_I2C_flushControllerRXFIFO)
                  00006db4    00000030     freertos_builds_LP_MSPM0G3507_release_ticlang.lib : HwiPMSPM0_freertos.o (.text.HwiP_inISR)
                  00006de4    00000030                                                       : tasks.o (.text.prvResetNextTaskUnblockTime)
                  00006e14    00000030                                                       : port.o (.text.prvTaskExitError)
                  00006e44    00000030                                                       : SystemP_freertos.o (.text.putChar)
                  00006e74    0000002e                                                       : queue.o (.text.prvIsQueueFull)
                  00006ea2    0000002e                                                       : pthread.o (.text.pthread_attr_setdetachstate)
                  00006ed0    0000002c     drivers_mspm0g1x0x_g3x0x.a : DMAMSPM0.o (.text.DMAMSPM0_disableChannel)
                  00006efc    0000002c     freertos_builds_LP_MSPM0G3507_release_ticlang.lib : SemaphoreP_freertos.o (.text.SemaphoreP_post)
                  00006f28    0000002c                                                       : port.o (.text.SysTick_Handler)
                  00006f54    0000002c                                                       : HwiPMSPM0_freertos.o (.text.__NVIC_EnableIRQ)
                  00006f80    0000002c     libclang_rt.builtins.a : floatsidf.S.obj (.text.__floatsidf)
                  00006fac    0000002c     freertos_builds_LP_MSPM0G3507_release_ticlang.lib : pthread.o (.text._pthread_cleanup_pop)
                  00006fd8    0000002c                                                       : list.o (.text.vListInitialise)
                  00007004    0000002c                                                       : port.o (.text.vPortExitCritical)
                  00007030    0000002a                                                       : queue.o (.text.prvIsQueueEmpty)
                  0000705a    00000028     drivers_mspm0g1x0x_g3x0x.a : I2C.o (.text.I2C_cancel)
                  00007082    00000028     freertos_builds_LP_MSPM0G3507_release_ticlang.lib : queue.o (.text.prvGetDisinheritPriorityAfterTimeout)
                  000070aa    00000002     --HOLE-- [fill = 0]
                  000070ac    00000028                                                       : StaticAllocs_freertos.o (.text.vApplicationGetIdleTaskMemory)
                  000070d4    00000028                                                       : StaticAllocs_freertos.o (.text.vApplicationGetTimerTaskMemory)
                  000070fc    00000028     libc.a : boot_cortex_m.c.obj (.text:_c_int00_noargs)
                  00007124    00000026     driverlib.a : dl_i2c.o (.text.DL_I2C_setClockConfig)
                  0000714a    00000026     drivers_mspm0g1x0x_g3x0x.a : RingBuf.o (.text.RingBuf_getPointer)
                  00007170    00000026                                : UART.o (.text.UART_write)
                  00007196    00000024     freertos_builds_LP_MSPM0G3507_release_ticlang.lib : HwiPMSPM0_freertos.o (.text.HwiP_Params_init)
                  000071ba    00000002     --HOLE-- [fill = 0]
                  000071bc    00000024                                                       : HwiPMSPM0_freertos.o (.text.HwiP_restore)
                  000071e0    00000024                                                       : PTLS.o (.text.PTLS_taskDeleteHook)
                  00007204    00000024     drivers_mspm0g1x0x_g3x0x.a : UART.o (.text.UART_close)
                  00007228    00000024     libclang_rt.builtins.a : muldi3.S.obj (.text.__muldi3)
                  0000724c    00000020     startup_mspm0g350x_ticlang.o (.text.HardFault_Handler)
                  0000726c    00000020     freertos_builds_LP_MSPM0G3507_release_ticlang.lib : HwiPMSPM0_freertos.o (.text.HwiP_destruct)
                  0000728c    00000020     ti_msp_dl_config.o (.text.SYSCFG_DL_SYSCTL_CLK_init)
                  000072ac    00000020     freertos_builds_LP_MSPM0G3507_release_ticlang.lib : SystemP_freertos.o (.text.SystemP_vsnprintf)
                  000072cc    00000020                                                       : tasks.o (.text.pvTaskIncrementMutexHeldCount)
                  000072ec    00000020                                                       : tasks.o (.text.vTaskInternalSetTimeOutState)
                  0000730c    0000001e     libclang_rt.builtins.a : ashldi3.S.obj (.text.__ashldi3)
                  0000732a    0000001e     freertos_builds_LP_MSPM0G3507_release_ticlang.lib : pthread.o (.text._pthread_runStub)
                  00007348    0000001e                                                       : timers.o (.text.prvTimerTask)
                  00007366    00000002     --HOLE-- [fill = 0]
                  00007368    0000001c     drivers_mspm0g1x0x_g3x0x.a : GPIO.o (.text.GPIO_setCallback)
                  00007384    0000001c     freertos_builds_LP_MSPM0G3507_release_ticlang.lib : pthread.o (.text.pthread_attr_init)
                  000073a0    0000001a                                                       : PTLS.o (.text.PTLS_getBuf)
                  000073ba    0000001a                                                       : PTLS.o (.text.PTLS_setBuf)
                  000073d4    00000018     Display.o (.text.Display_doPrintf)
                  000073ec    00000018     drivers_mspm0g1x0x_g3x0x.a : UART.o (.text.UART_Params_init)
                  00007404    00000018     startup_mspm0g350x_ticlang.o (.text.prvGetRegistersFromStack)
                  0000741c    00000018     freertos_builds_LP_MSPM0G3507_release_ticlang.lib : pthread.o (.text.pthread_self)
                  00007434    00000018                                                       : port.o (.text.vPortEnterCritical)
                  0000744c    00000018                                                       : port.o (.text.vPortYield)
                  00007464    00000016     DisplayUart.o (.text.DisplayUartMin_close)
                  0000747a    00000016     freertos_builds_LP_MSPM0G3507_release_ticlang.lib : HwiPMSPM0_freertos.o (.text.HwiP_delete)
                  00007490    00000014     driverlib.a : dl_interrupt.o (.text.DL_Interrupt_unregisterInterrupt)
                  000074a4    00000014     freertos_builds_LP_MSPM0G3507_release_ticlang.lib : HwiPMSPM0_freertos.o (.text.HwiP_disableInterrupt)
                  000074b8    00000014                                                       : HwiPMSPM0_freertos.o (.text.HwiP_enableInterrupt)
                  000074cc    00000014     drivers_mspm0g1x0x_g3x0x.a : I2CMSPM0.o (.text.I2CSupport_controllerFinish)
                  000074e0    00000014     ti_msp_dl_config.o (.text.SYSCFG_DL_init)
                  000074f4    00000014     libclang_rt.builtins.a : aeabi_uldivmod.S.obj (.text.__aeabi_uldivmod)
                  00007508    00000014     freertos_builds_LP_MSPM0G3507_release_ticlang.lib : memory.o (.text.aligned_alloc)
                  0000751c    00000014                                                       : tasks.o (.text.xTaskGetCurrentTaskHandle)
                  00007530    00000014                                                       : tasks.o (.text.xTaskGetTickCount)
                  00007544    00000012     driverlib.a : dl_uart.o (.text.DL_UART_setClockConfig)
                  00007556    00000012     freertos_builds_LP_MSPM0G3507_release_ticlang.lib : pthread.o (.text.pthread_attr_setstacksize)
                  00007568    00000012     libc.a : copy_decompress_none.c.obj (.text:decompress:none)
                  0000757a    00000002     --HOLE-- [fill = 0]
                  0000757c    00000010     drivers_mspm0g1x0x_g3x0x.a : DMAMSPM0.o (.text.DMAMSPM0_getCurrTransferSize)
                  0000758c    00000010                                : I2C.o (.text.I2C_transfer)
                  0000759c    00000010     freertos_builds_LP_MSPM0G3507_release_ticlang.lib : SemaphoreP_freertos.o (.text.SemaphoreP_delete)
                  000075ac    00000010     ti_drivers_config.o (.text.UART0_IRQHandler)
                  000075bc    00000010     freertos_builds_LP_MSPM0G3507_release_ticlang.lib : memory.o (.text.free)
                  000075cc    00000010                                                       : tasks.o (.text.vTaskSuspendAll)
                  000075dc    00000010     libc.a : copy_zero_init.c.obj (.text:decompress:ZI)
                  000075ec    0000000e     drivers_mspm0g1x0x_g3x0x.a : RingBuf.o (.text.RingBuf_construct)
                  000075fa    00000002     --HOLE-- [fill = 0]
                  000075fc    0000000e     libclang_rt.builtins.a : aeabi_memset.S.obj (.text.__aeabi_memset)
                  0000760a    0000000e     libc.a : strlen.c.obj (.text.strlen)
                  00007618    0000000e     freertos_builds_LP_MSPM0G3507_release_ticlang.lib : list.o (.text.vListInitialiseItem)
                  00007626    0000000c     drivers_mspm0g1x0x_g3x0x.a : I2C.o (.text.I2C_Params_init)
                  00007632    00000002     --HOLE-- [fill = 0]
                  00007634    0000000c     libclang_rt.builtins.a : aeabi_memset.S.obj (.text.__aeabi_memclr)
                  00007640    0000000c     freertos_builds_LP_MSPM0G3507_release_ticlang.lib : memory.o (.text.memalign)
                  0000764c    0000000c                                                       : memory.o (.text.realloc)
                  00007658    0000000c                                                       : tasks.o (.text.vTaskMissedYield)
                  00007664    0000000a     driverlib.a : dl_common.o (.text.DL_Common_delayCycles)
                  0000766e    0000000a     drivers_mspm0g1x0x_g3x0x.a : GPIOMSPM0.o (.text.GPIO_setConfig)
                  00007678    00000008     libclang_rt.builtins.a : aeabi_memcpy.S.obj (.text.__aeabi_memcpy)
                  00007680    00000008     freertos_builds_LP_MSPM0G3507_release_ticlang.lib : port.o (.text.ulSetInterruptMaskFromISR)
                  00007688    00000006                                                       : ClockP_freertos.o (.text.ClockP_getSystemTickPeriod)
                  0000768e    00000006     DisplayUart.o (.text.DisplayUartMin_control)
                  00007694    00000006     DisplayUart.o (.text.DisplayUartMin_getType)
                  0000769a    00000006     freertos_builds_LP_MSPM0G3507_release_ticlang.lib : port.o (.text.vClearInterruptMaskFromISR)
                  000076a0    00000004     startup_mspm0g350x_ticlang.o (.text.Reset_Handler)
                  000076a4    00000004     libc.a : pre_init.c.obj (.text._system_pre_init)
                  000076a8    00000004     main_freertos.o (.text.vApplicationStackOverflowHook)
                  000076ac    00000004     libc.a : exit.c.obj (.text:abort)

.cinit     0    00007ad0    00000078     
                  00007ad0    00000041     (.cinit..data.load) [load image, compression = lzss]
                  00007b11    00000003     --HOLE-- [fill = 0]
                  00007b14    0000000c     (__TI_handler_table)
                  00007b20    00000008     (.cinit..bss.load) [load image, compression = zero_init]
                  00007b28    00000008     (.cinit..vtable.load) [load image, compression = zero_init]
                  00007b30    00000018     (__TI_cinit_table)

.rodata    0    000076b0    00000420     
                  000076b0    00000030     drivers_mspm0g1x0x_g3x0x.a : DMAMSPM0.o (.rodata.DMA_Ch_defaultParams)
                  000076e0    0000002c     i2ccontroller.o (.rodata.str1.67873772891912411041)
                  0000770c    0000002a     i2ccontroller.o (.rodata.str1.74107041337065747121)
                  00007736    00000029     i2ccontroller.o (.rodata.str1.98796531992019775241)
                  0000775f    00000027     i2ccontroller.o (.rodata.str1.124789598309813157721)
                  00007786    00000002     freertos_builds_LP_MSPM0G3507_release_ticlang.lib : pthread.o (.rodata.str1.65374328437199134351)
                  00007788    00000024     ti_drivers_config.o (.rodata.I2CMSPM0HWAttrs)
                  000077ac    00000024     ti_drivers_config.o (.rodata.UARTMSPHWAttrs)
                  000077d0    00000024     drivers_mspm0g1x0x_g3x0x.a : UARTMSPM0.o (.rodata.UART_defaultParams)
                  000077f4    00000024     i2ccontroller.o (.rodata.str1.51611572215294244351)
                  00007818    00000021     i2ccontroller.o (.rodata.str1.141384126273869014771)
                  00007839    00000001     ti_drivers_config.o (.rodata.Display_count)
                  0000783a    00000001     Display.o (.rodata.Display_defaultParams)
                  0000783b    00000001     ti_drivers_config.o (.rodata.GPIO_pinLowerBound)
                  0000783c    00000020     DisplayUart.o (.rodata.DisplayUartMin_fxnTable)
                  0000785c    00000020     drivers_mspm0g1x0x_g3x0x.a : GPIOMSPM0.o (.rodata.cst16)
                  0000787c    00000020     i2ccontroller.o (.rodata.str1.165637869363249080891)
                  0000789c    0000001c     drivers_mspm0g1x0x_g3x0x.a : UARTMSPM0.o (.rodata..Lswitch.table.UARTMSP_enable)
                  000078b8    0000001b     i2ccontroller.o (.rodata.str1.144606326406645139861)
                  000078d3    0000001b     i2ccontroller.o (.rodata.str1.151422455578598674651)
                  000078ee    0000001b     i2ccontroller.o (.rodata.str1.33303187102155024971)
                  00007909    0000001a     i2ccontroller.o (.rodata.str1.146549783949580560461)
                  00007923    0000001a     i2ccontroller.o (.rodata.str1.92014762032968723561)
                  0000793d    00000019     i2ccontroller.o (.rodata.str1.103458635177111726301)
                  00007956    00000019     i2ccontroller.o (.rodata.str1.132337954602195092481)
                  0000796f    00000001     ti_drivers_config.o (.rodata.GPIO_pinUpperBound)
                  00007970    00000018     i2ccontroller.o (.rodata.str1.120648310040821438284)
                  00007988    00000018     i2ccontroller.o (.rodata.str1.159206373741557175051)
                  000079a0    00000018     i2ccontroller.o (.rodata.str1.22863055824180152491)
                  000079b8    00000017     i2ccontroller.o (.rodata.str1.119445091500174214701)
                  000079cf    00000001     ti_drivers_config.o (.rodata.I2C_count)
                  000079d0    00000014     drivers_mspm0g1x0x_g3x0x.a : UARTMSPM0.o (.rodata.UARTMSPSupportFxns)
                  000079e4    00000014     ti_drivers_config.o (.rodata.displayUartHWAttrs)
                  000079f8    00000013     i2ccontroller.o (.rodata.str1.129378465530946145971)
                  00007a0b    00000013     i2ccontroller.o (.rodata.str1.33091451761604057071)
                  00007a1e    00000013     i2ccontroller.o (.rodata.str1.64874168425557742851)
                  00007a31    00000012     i2ccontroller.o (.rodata.str1.127754989281242817211)
                  00007a43    00000012     i2ccontroller.o (.rodata.str1.21349144921455294901)
                  00007a55    00000011     freertos_builds_LP_MSPM0G3507_release_ticlang.lib : SystemP_freertos.o (.rodata.str1.61854205634732902141)
                  00007a66    00000001     ti_drivers_config.o (.rodata.UART_count)
                  00007a67    00000001     --HOLE-- [fill = 0]
                  00007a68    00000010     ti_drivers_config.o (.rodata.GPIO_config)
                  00007a78    00000010     drivers_mspm0g1x0x_g3x0x.a : I2CMSPM0.o (.rodata.cst16)
                  00007a88    0000000c     ti_drivers_config.o (.rodata.Display_config)
                  00007a94    00000008     ti_drivers_config.o (.rodata.DMAMSP0HWAttrs)
                  00007a9c    00000008     ti_drivers_config.o (.rodata.DMAMSPM0_Config)
                  00007aa4    00000008     ti_drivers_config.o (.rodata.I2C_config)
                  00007aac    00000008     ti_drivers_config.o (.rodata.UART_config)
                  00007ab4    00000008     freertos_builds_LP_MSPM0G3507_release_ticlang.lib : timers.o (.rodata.str1.169928539634324378641)
                  00007abc    00000007                                                       : SystemP_freertos.o (.rodata.str1.75708001120302997911)
                  00007ac3    00000005                                                       : tasks.o (.rodata.str1.117265867759765533691)
                  00007ac8    00000004                                                       : tasks.o (.rodata.uxTopUsedPriority)
                  00007acc    00000004     --HOLE-- [fill = 0]

.init_array 
*          0    00000000    00000000     UNINITIALIZED

.binit     0    00000000    00000000     

.vtable    0    20201b00    000000c0     UNINITIALIZED
                  20201b00    000000c0     driverlib.a : dl_interrupt.o (.vtable)

.bss       0    20200000    00001764     UNINITIALIZED
                  20200000    00000c00     freertos_builds_LP_MSPM0G3507_release_ticlang.lib : heap_4.o (.bss.ucHeap)
                  20200c00    00000200                                                       : StaticAllocs_freertos.o (.bss.vApplicationGetIdleTaskMemory.uxIdleTaskStack)
                  20200e00    00000200                                                       : StaticAllocs_freertos.o (.bss.vApplicationGetTimerTaskMemory.uxTimerTaskStack)
                  20201000    000000f8     (.common:I2CMSPM0Objects)
                  202010f8    000000f0                                                       : timers.o (.bss.prvCheckForValidListAndQueue.ucStaticTimerQueueStorage)
                  202011e8    000000f0     (.common:gpioCallbackFunctions)
                  202012d8    000000f0     (.common:gpioUserArgs)
                  202013c8    000000c8                                                       : tasks.o (.bss.pxReadyTasksLists)
                  20201490    00000064                                                       : StaticAllocs_freertos.o (.bss.vApplicationGetIdleTaskMemory.xIdleTaskTCB)
                  202014f4    00000064                                                       : StaticAllocs_freertos.o (.bss.vApplicationGetTimerTaskMemory.xTimerTaskTCB)
                  20201558    00000050                                                       : timers.o (.bss.prvCheckForValidListAndQueue.xStaticTimerQueue)
                  202015a8    00000032     ti_drivers_config.o (.bss.displayUARTBuffer)
                  202015da    00000001     (.common:rxComBuffer)
                  202015db    00000001     (.common:txComBuffer)
                  202015dc    00000030     drivers_mspm0g1x0x_g3x0x.a : UARTMSPM0.o (.bss.DMATransfer)
                  2020160c    00000020     (.common:rxBuffer)
                  2020162c    00000020     (.common:txBuffer)
                  2020164c    0000001c                                : DMAMSPM0.o (.bss.hwiFxnArgs)
                  20201668    0000001c                                : DMAMSPM0.o (.bss.hwiFxnHandlers)
                  20201684    00000018                                : UARTMSPM0.o (.bss.dlDMACfg)
                  2020169c    00000014     freertos_builds_LP_MSPM0G3507_release_ticlang.lib : timers.o (.bss.xActiveTimerList1)
                  202016b0    00000014                                                       : timers.o (.bss.xActiveTimerList2)
                  202016c4    00000014                                                       : tasks.o (.bss.xDelayedTaskList1)
                  202016d8    00000014                                                       : tasks.o (.bss.xDelayedTaskList2)
                  202016ec    00000014                                                       : tasks.o (.bss.xPendingReadyList)
                  20201700    00000014                                                       : tasks.o (.bss.xSuspendedTaskList)
                  20201714    00000014                                                       : tasks.o (.bss.xTasksWaitingTermination)
                  20201728    0000000c     (.common:displayUartObject)
                  20201734    00000008                                                       : heap_4.o (.bss.xStart)
                  2020173c    00000004     drivers_mspm0g1x0x_g3x0x.a : GPIOMSPM0.o (.bss.GPIO_init.initSem)
                  20201740    00000004                                : UARTMSPM0.o (.bss.UARTMSP_interruptHandler.dstAddr)
                  20201744    00000004                                : UART.o (.bss.UART_writeCallback.dstAddr)
                  20201748    00000004     i2ccontroller.o (.bss.display)
                  2020174c    00000004     drivers_mspm0g1x0x_g3x0x.a : DMAMSPM0.o (.bss.hwiHandle)
                  20201750    00000004     freertos_builds_LP_MSPM0G3507_release_ticlang.lib : aeabi_portable.o (.bss.main_reent)
                  20201754    00000004                                                       : timers.o (.bss.pxCurrentTimerList)
                  20201758    00000004                                                       : tasks.o (.bss.pxDelayedTaskList)
                  2020175c    00000004                                                       : tasks.o (.bss.pxOverflowDelayedTaskList)
                  20201760    00000004                                                       : timers.o (.bss.pxOverflowTimerList)

.data      0    20201764    0000030b     UNINITIALIZED
                  20201764    000000f0     ti_drivers_config.o (.data.gpioPinConfigs)
                  20201854    000000c0     freertos_builds_LP_MSPM0G3507_release_ticlang.lib : HwiPMSPM0_freertos.o (.data.HwiP_dispatchTable)
                  20201914    00000098     ti_drivers_config.o (.data.UARTObject)
                  202019ac    00000030     ti_drivers_config.o (.data.DMAObject)
                  202019dc    00000014     freertos_builds_LP_MSPM0G3507_release_ticlang.lib : pthread.o (.data.defaultPthreadAttrs)
                  202019f0    00000004                                                       : HwiPMSPM0_freertos.o (.data.HwiP_swiPIntNum)
                  202019f4    00000004     drivers_mspm0g1x0x_g3x0x.a : DMAMSPM0.o (.data.chTransferSet)
                  202019f8    00000004                                : DMAMSPM0.o (.data.channelsInUse)
                  202019fc    00000004                                : DMAMSPM0.o (.data.dmaIntRefCount)
                  20201a00    00000004                                : DMAMSPM0.o (.data.interruptSetupLock)
                  20201a04    00000004     freertos_builds_LP_MSPM0G3507_release_ticlang.lib : timers.o (.data.prvSampleTimeNow.xLastTime)
                  20201a08    00000004                                                       : tasks.o (.data.pxCurrentTCB)
                  20201a0c    00000004                                                       : heap_4.o (.data.pxEnd)
                  20201a10    00000004                                                       : port.o (.data.ulStoppedTimerCompensation)
                  20201a14    00000004                                                       : port.o (.data.ulTimerCountsForOneTick)
                  20201a18    00000004                                                       : port.o (.data.uxCriticalNesting)
                  20201a1c    00000004                                                       : tasks.o (.data.uxCurrentNumberOfTasks)
                  20201a20    00000004                                                       : tasks.o (.data.uxDeletedTasksWaitingCleanUp)
                  20201a24    00000004                                                       : tasks.o (.data.uxSchedulerSuspended)
                  20201a28    00000004                                                       : tasks.o (.data.uxTaskNumber)
                  20201a2c    00000004                                                       : tasks.o (.data.uxTopReadyPriority)
                  20201a30    00000004                                                       : heap_4.o (.data.xBlockAllocatedBit)
                  20201a34    00000004                                                       : heap_4.o (.data.xFreeBytesRemaining)
                  20201a38    00000004                                                       : tasks.o (.data.xIdleTaskHandle)
                  20201a3c    00000004                                                       : port.o (.data.xMaximumPossibleSuppressedTicks)
                  20201a40    00000004                                                       : heap_4.o (.data.xMinimumEverFreeBytesRemaining)
                  20201a44    00000004                                                       : tasks.o (.data.xNextTaskUnblockTime)
                  20201a48    00000004                                                       : tasks.o (.data.xNumOfOverflows)
                  20201a4c    00000004                                                       : heap_4.o (.data.xNumberOfSuccessfulAllocations)
                  20201a50    00000004                                                       : heap_4.o (.data.xNumberOfSuccessfulFrees)
                  20201a54    00000004                                                       : tasks.o (.data.xPendedTicks)
                  20201a58    00000004                                                       : tasks.o (.data.xSchedulerRunning)
                  20201a5c    00000004                                                       : tasks.o (.data.xTickCount)
                  20201a60    00000004                                                       : timers.o (.data.xTimerQueue)
                  20201a64    00000004                                                       : timers.o (.data.xTimerTaskHandle)
                  20201a68    00000004                                                       : tasks.o (.data.xYieldPending)
                  20201a6c    00000001     drivers_mspm0g1x0x_g3x0x.a : DMAMSPM0.o (.data.dmaInitialized)
                  20201a6d    00000001                                : GPIOMSPM0.o (.data.initCalled)
                  20201a6e    00000001                                : GPIOMSPM0.o (.data.portHwiCreatedBitMask)

.stack     0    20207e00    00000200     UNINITIALIZED
                  20207e00    00000004     libc.a : boot_cortex_m.c.obj (.stack)
                  20207e04    000001fc     --HOLE--

__llvm_prf_cnts 
*          0    20200000    00000000     UNINITIALIZED

__llvm_prf_bits 
*          0    20200000    00000000     UNINITIALIZED

MODULE SUMMARY

       Module                         code    ro data   rw data
       ------                         ----    -------   -------
    ./
       i2ccontroller.o                780     638       70     
       ti_drivers_config.o            18      157       1230   
       ti_msp_dl_config.o             202     0         0      
       main_freertos.o                92      0         0      
    +--+------------------------------+-------+---------+---------+
       Total:                         1092    795       1300   
                                                               
    ./freertos/ticlang/
       startup_mspm0g350x_ticlang.o   62      192       0      
    +--+------------------------------+-------+---------+---------+
       Total:                         62      192       0      
                                                               
    ./ti/display/
       Display.o                      280     1         0      
       DisplayUart.o                  188     32        0      
    +--+------------------------------+-------+---------+---------+
       Total:                         468     33        0      
                                                               
    /Applications/ti/ccs1281/ccs/tools/compiler/ti-cgt-armllvm_3.2.1.LTS/lib/armv6m-ti-none-eabi/c/libc.a
       memcpy16.S.obj                 154     0         0      
       copy_decompress_lzss.c.obj     120     0         0      
       memset16.S.obj                 98      0         0      
       autoinit.c.obj                 60      0         0      
       boot_cortex_m.c.obj            40      0         0      
       copy_decompress_none.c.obj     18      0         0      
       copy_zero_init.c.obj           16      0         0      
       strlen.c.obj                   14      0         0      
       exit.c.obj                     4       0         0      
       pre_init.c.obj                 4       0         0      
    +--+------------------------------+-------+---------+---------+
       Total:                         528     0         0      
                                                               
    /Applications/ti/ccs1281/ccs/tools/compiler/ti-cgt-armllvm_3.2.1.LTS/lib/clang/15.0.7/lib/armv6m-ti-none-eabi/libclang_rt.builtins.a
       adddf3.S.obj                   402     0         0      
       muldf3.S.obj                   228     0         0      
       comparedf2.c.obj               220     0         0      
       udivmoddi4.S.obj               162     0         0      
       aeabi_dcmp.S.obj               98      0         0      
       clzsi2.c.obj                   88      0         0      
       fixdfsi.S.obj                  74      0         0      
       fixunsdfsi.S.obj               66      0         0      
       aeabi_uidivmod.S.obj           64      0         0      
       muldsi3.S.obj                  58      0         0      
       floatsidf.S.obj                44      0         0      
       muldi3.S.obj                   36      0         0      
       ashldi3.S.obj                  30      0         0      
       aeabi_memset.S.obj             26      0         0      
       aeabi_uldivmod.S.obj           20      0         0      
       aeabi_memcpy.S.obj             8       0         0      
       aeabi_div0.c.obj               4       0         0      
    +--+------------------------------+-------+---------+---------+
       Total:                         1628    0         0      
                                                               
    /Applications/ti/mspm0_sdk_2_04_00_06/source/ti/driverlib/lib/ticlang/m0p/mspm0g1x0x_g3x0x/driverlib.a
       dl_interrupt.o                 164     0         192    
       dl_i2c.o                       240     0         0      
       dl_uart.o                      218     0         0      
       dl_dma.o                       76      0         0      
       dl_sysctl_mspm0g1x0x_g3x0x.o   56      0         0      
       dl_common.o                    10      0         0      
    +--+------------------------------+-------+---------+---------+
       Total:                         764     0         192    
                                                               
    /Applications/ti/mspm0_sdk_2_04_00_06/source/ti/drivers/lib/ticlang/m0p/drivers_mspm0g1x0x_g3x0x.a
       UARTMSPM0.o                    2336    84        76     
       I2CMSPM0.o                     1864    16        0      
       GPIOMSPM0.o                    1498    32        6      
       DMAMSPM0.o                     1304    48        77     
       UART.o                         1054    0         4      
       RingBuf.o                      918     0         0      
       I2C.o                          370     0         0      
       GPIO.o                         28      0         0      
    +--+------------------------------+-------+---------+---------+
       Total:                         9372    180       163    
                                                               
    /Users/krisztiancsuta/Documents/FRT/freertos_builds_LP_MSPM0G3507_release_ticlang/Debug/freertos_builds_LP_MSPM0G3507_release_ticlang.lib
       tasks.o                        4962    9         360    
       heap_4.o                       972     0         3104   
       queue.o                        3484    0         0      
       timers.o                       1434    8         380    
       SystemP_freertos.o             1552    24        0      
       StaticAllocs_freertos.o        80      0         1224   
       HwiPMSPM0_freertos.o           806     0         196    
       port.o                         936     0         16     
       pthread.o                      914     2         20     
       SemaphoreP_freertos.o          318     0         0      
       list.o                         296     0         0      
       memory.o                       258     0         0      
       PTLS.o                         88      0         0      
       aeabi_portable.o               84      0         4      
       sleep.o                        72      0         0      
       ClockP_freertos.o              6       0         0      
    +--+------------------------------+-------+---------+---------+
       Total:                         16262   43        5304   
                                                               
       Stack:                         0       0         512    
       Linker Generated:              0       117       0      
    +--+------------------------------+-------+---------+---------+
       Grand Total:                   30176   1360      7471   


LINKER GENERATED COPY TABLES

__TI_cinit_table @ 00007b30 records: 3, size/record: 8, table size: 24
	.data: load addr=00007ad0, load size=00000041 bytes, run addr=20201764, run size=0000030b bytes, compression=lzss
	.bss: load addr=00007b20, load size=00000008 bytes, run addr=20200000, run size=00001764 bytes, compression=zero_init
	.vtable: load addr=00007b28, load size=00000008 bytes, run addr=20201b00, run size=000000c0 bytes, compression=zero_init


LINKER GENERATED HANDLER TABLE

__TI_handler_table @ 00007b14 records: 3, size/record: 4, table size: 12
	index: 0, handler: __TI_zero_init
	index: 1, handler: __TI_decompress_lzss
	index: 2, handler: __TI_decompress_none


GLOBAL SYMBOLS: SORTED ALPHABETICALLY BY Name 

address   name                                 
-------   ----                                 
000016c7  ADC0_IRQHandler                      
000016c7  ADC1_IRQHandler                      
000016c7  AES_IRQHandler                       
000076ac  C$$EXIT                              
000016c7  CANFD0_IRQHandler                    
00007689  ClockP_getSystemTickPeriod           
000016c7  DAC0_IRQHandler                      
00007665  DL_Common_delayCycles                
00006279  DL_DMA_initChannel                   
00005d75  DL_I2C_fillControllerTXFIFO          
00006d85  DL_I2C_flushControllerRXFIFO         
00006901  DL_I2C_flushControllerTXFIFO         
00007125  DL_I2C_setClockConfig                
00004f3d  DL_Interrupt_registerInterrupt       
00007491  DL_Interrupt_unregisterInterrupt     
00006a29  DL_SYSCTL_switchMCLKfromLFCLKtoSYSOSC
00005421  DL_UART_configBaudRate               
0000643d  DL_UART_init                         
00007545  DL_UART_setClockConfig               
00007a9c  DMAMSPM0_Config                      
00005291  DMAMSPM0_close                       
00006ed1  DMAMSPM0_disableChannel              
0000757d  DMAMSPM0_getCurrTransferSize         
000039e5  DMAMSPM0_init                        
00003d2d  DMAMSPM0_open                        
00004fcd  DMAMSPM0_setupTransfer               
202019ac  DMAObject                            
000076b0  DMA_Ch_defaultParams                 
000016c7  DMA_IRQHandler                       
000047cd  DMA_Init                             
000016c7  Default_Handler                      
00001d67  DisplayUartMin_clear                 
0000338f  DisplayUartMin_clearLines            
00007465  DisplayUartMin_close                 
0000768f  DisplayUartMin_control               
0000783c  DisplayUartMin_fxnTable              
00007695  DisplayUartMin_getType               
00004197  DisplayUartMin_init                  
000066bd  DisplayUartMin_open                  
00006095  DisplayUartMin_vprintf               
00007a88  Display_config                       
00007839  Display_count                        
0000783a  Display_defaultParams                
0000491d  Display_doInit                       
00005dd5  Display_doOpen                       
000073d5  Display_doPrintf                     
00007a68  GPIO_config                          
000030ad  GPIO_hwiIntFxn                       
00002071  GPIO_init                            
0000783b  GPIO_pinLowerBound                   
0000796f  GPIO_pinUpperBound                   
00007369  GPIO_setCallback                     
0000766f  GPIO_setConfig                       
00000d29  GPIO_setConfigAndMux                 
00004675  GPIO_setInterruptConfig              
000062c5  GPIO_toggle                          
000059c5  GPIO_write                           
000016c7  GROUP0_IRQHandler                    
000016c7  GROUP1_IRQHandler                    
0000724d  HardFault_Handler                    
00007197  HwiP_Params_init                     
00003ead  HwiP_construct                       
000065a1  HwiP_create                          
0000747b  HwiP_delete                          
0000726d  HwiP_destruct                        
00006bb1  HwiP_disable                         
000074a5  HwiP_disableInterrupt                
00006a61  HwiP_dispatch                        
000074b9  HwiP_enableInterrupt                 
00006db5  HwiP_inISR                           
000071bd  HwiP_restore                         
202019f0  HwiP_swiPIntNum                      
000016c7  I2C0_IRQHandler                      
000016c7  I2C1_IRQHandler                      
00007788  I2CMSPM0HWAttrs                      
20201000  I2CMSPM0Objects                      
000074cd  I2CSupport_controllerFinish          
000047cb  I2CSupport_powerRelConstraint        
00004b07  I2CSupport_powerSetConstraint        
000057fd  I2CSupport_primeTransfer             
00007627  I2C_Params_init                      
0000705b  I2C_cancel                           
00007aa4  I2C_config                           
000079cf  I2C_count                            
0000528f  I2C_init                             
00000f39  I2C_open                             
0000758d  I2C_transfer                         
00002701  I2C_transferTimeout                  
000016c7  NMI_Handler                          
000073a1  PTLS_getBuf                          
000073bb  PTLS_setBuf                          
000071e1  PTLS_taskDeleteHook                  
000065f1  PendSV_Handler                       
000016c7  RTC_IRQHandler                       
000076a1  Reset_Handler                        
000075ed  RingBuf_construct                    
000066ff  RingBuf_get                          
00006be5  RingBuf_getConsume                   
0000714b  RingBuf_getPointer                   
00002a69  RingBuf_getn                         
00006515  RingBuf_put                          
00006885  RingBuf_putAdvance                   
00006a99  RingBuf_putPointer                   
00002b83  RingBuf_putn                         
000016c7  SPI0_IRQHandler                      
000016c7  SPI1_IRQHandler                      
000059c3  SVC_Handler                          
00005bdf  SYSCFG_DL_GPIO_init                  
0000728d  SYSCFG_DL_SYSCTL_CLK_init            
00005f99  SYSCFG_DL_SYSCTL_init                
000074e1  SYSCFG_DL_init                       
00006785  SYSCFG_DL_initPower                  
000067c5  SemaphoreP_constructBinary           
00006ad1  SemaphoreP_createBinary              
0000759d  SemaphoreP_delete                    
00005205  SemaphoreP_pend                      
00006efd  SemaphoreP_post                      
00006f29  SysTick_Handler                      
000072ad  SystemP_vsnprintf                    
000016c7  TIMA0_IRQHandler                     
000016c7  TIMA1_IRQHandler                     
000016c7  TIMG0_IRQHandler                     
000016c7  TIMG12_IRQHandler                    
000016c7  TIMG6_IRQHandler                     
000016c7  TIMG7_IRQHandler                     
000016c7  TIMG8_IRQHandler                     
000075ad  UART0_IRQHandler                     
000016c7  UART1_IRQHandler                     
000016c7  UART2_IRQHandler                     
000016c7  UART3_IRQHandler                     
000079d0  UARTMSPSupportFxns                   
00002fb1  UARTMSP_dmaRx                        
0000570d  UARTMSP_enableInts                   
00005dd3  UARTMSP_eventCallback                
000005cd  UARTMSP_interruptHandler             
20201914  UARTObject                           
000073ed  UART_Params_init                     
00007205  UART_close                           
00007aac  UART_config                          
00007a66  UART_count                           
000077d0  UART_defaultParams                   
00003ac1  UART_open                            
00005c49  UART_readCancel                      
000031a5  UART_readFullFeatured                
00007171  UART_write                           
00004d7f  UART_writeBuffered                   
00004199  UART_writeCallback                   
000068c3  UART_writeFullFeatured               
20208000  __STACK_END                          
00000200  __STACK_SIZE                         
00000000  __TI_ATRegion0_region_sz             
00000000  __TI_ATRegion0_src_addr              
00000000  __TI_ATRegion0_trg_addr              
00000000  __TI_ATRegion1_region_sz             
00000000  __TI_ATRegion1_src_addr              
00000000  __TI_ATRegion1_trg_addr              
00000000  __TI_ATRegion2_region_sz             
00000000  __TI_ATRegion2_src_addr              
00000000  __TI_ATRegion2_trg_addr              
00007b30  __TI_CINIT_Base                      
00007b48  __TI_CINIT_Limit                     
00007b48  __TI_CINIT_Warm                      
00007b14  __TI_Handler_Table_Base              
00007b20  __TI_Handler_Table_Limit             
00006979  __TI_auto_init_nobinit_nopinit       
00005785  __TI_decompress_lzss                 
00007569  __TI_decompress_none                 
ffffffff  __TI_pprof_out_hndl                  
ffffffff  __TI_prof_data_size                  
ffffffff  __TI_prof_data_start                 
00000000  __TI_static_base__                   
000075dd  __TI_zero_init                       
00001bdf  __adddf3                             
000063a9  __aeabi_d2iz                         
00006741  __aeabi_d2uiz                        
00001bdf  __aeabi_dadd                         
00005cb1  __aeabi_dcmpeq                       
00005ced  __aeabi_dcmpge                       
00005d01  __aeabi_dcmpgt                       
00005cd9  __aeabi_dcmple                       
00005cc5  __aeabi_dcmplt                       
0000373d  __aeabi_dmul                         
00001bd5  __aeabi_dsub                         
00005fed  __aeabi_errno_addr                   
00006f81  __aeabi_i2d                          
00005f3f  __aeabi_idiv0                        
000060e7  __aeabi_ldiv0                        
0000730d  __aeabi_llsl                         
00007229  __aeabi_lmul                         
00007635  __aeabi_memclr                       
00007635  __aeabi_memclr4                      
00007635  __aeabi_memclr8                      
00007679  __aeabi_memcpy                       
00007679  __aeabi_memcpy4                      
00007679  __aeabi_memcpy8                      
000075fd  __aeabi_memset                       
000075fd  __aeabi_memset4                      
000075fd  __aeabi_memset8                      
00006805  __aeabi_uidiv                        
00006805  __aeabi_uidivmod                     
000074f5  __aeabi_uldivmod                     
0000730d  __ashldi3                            
ffffffff  __binit__                            
00005ee7  __clzsi2                             
00005a31  __cmpdf2                             
00005a31  __eqdf2                              
000063a9  __fixdfsi                            
00006741  __fixunsdfsi                         
00006f81  __floatsidf                          
000058e5  __gedf2                              
000058e5  __gtdf2                              
00005a31  __ledf2                              
00005a31  __ltdf2                              
UNDEFED   __mpu_init                           
0000373d  __muldf3                             
00007229  __muldi3                             
000069b5  __muldsi3                            
00005a31  __nedf2                              
20207e00  __stack                              
20200000  __start___llvm_prf_bits              
20200000  __start___llvm_prf_cnts              
20200000  __stop___llvm_prf_bits               
20200000  __stop___llvm_prf_cnts               
00001bd5  __subdf3                             
00004a65  __udivmoddi4                         
000070fd  _c_int00_noargs                      
00006fad  _pthread_cleanup_pop                 
UNDEFED   _system_post_cinit                   
000076a5  _system_pre_init                     
000076ad  abort                                
00007509  aligned_alloc                        
ffffffff  binit                                
000054a1  calloc                               
000079e4  displayUartHWAttrs                   
20201728  displayUartObject                    
0000551d  eTaskConfirmSleepModeStatus          
000075bd  free                                 
202011e8  gpioCallbackFunctions                
20201764  gpioPinConfigs                       
202012d8  gpioUserArgs                         
00000000  interruptVectors                     
00005f41  main                                 
00000ac5  mainThread                           
000063f3  malloc                               
00007641  memalign                             
00004ce5  memcpy                               
00005d13  memset                               
00007405  prvGetRegistersFromStack             
00007385  pthread_attr_init                    
00006ea3  pthread_attr_setdetachstate          
00006c4d  pthread_attr_setschedparam           
00007557  pthread_attr_setstacksize            
00002481  pthread_create                       
00005955  pthread_exit                         
0000741d  pthread_self                         
00005e8d  pthread_setcancelstate               
000016c9  pvPortMalloc                         
00006311  pvTaskGetThreadLocalStoragePointer   
000072cd  pvTaskIncrementMutexHeldCount        
20201a08  pxCurrentTCB                         
0000635d  pxPortInitialiseStack                
0000764d  realloc                              
2020160c  rxBuffer                             
202015da  rxComBuffer                          
00006485  sleep                                
0000760b  strlen                               
2020162c  txBuffer                             
202015db  txComBuffer                          
00007681  ulSetInterruptMaskFromISR            
000064cd  uxListRemove                         
00007ac8  uxTopUsedPriority                    
000070ad  vApplicationGetIdleTaskMemory        
000070d5  vApplicationGetTimerTaskMemory       
000076a9  vApplicationStackOverflowHook        
0000769b  vClearInterruptMaskFromISR           
00006fd9  vListInitialise                      
00007619  vListInitialiseItem                  
00005b09  vListInsert                          
000069ef  vListInsertEnd                       
00007435  vPortEnterCritical                   
00007005  vPortExitCritical                    
00004b09  vPortFree                            
00006041  vPortSetupTimerInterrupt             
00001d69  vPortSuppressTicksAndSleep           
0000744d  vPortYield                           
00006d51  vQueueDelete                         
00005b75  vQueueWaitForMessageRestricted       
000061d9  vTaskDelay                           
00003655  vTaskDelete                          
000072ed  vTaskInternalSetTimeOutState         
00007659  vTaskMissedYield                     
00006cb5  vTaskPlaceOnEventList                
00006679  vTaskPlaceOnEventListRestricted      
00002eb1  vTaskPriorityDisinheritAfterTimeout  
00006ce9  vTaskSetApplicationTaskTag           
00006229  vTaskSetThreadLocalStoragePointer    
00004025  vTaskStartScheduler                  
00006d1d  vTaskStepTick                        
00002c99  vTaskSuspend                         
000075cd  vTaskSuspendAll                      
0000347d  vTaskSwitchContext                   
00006845  xPortStartScheduler                  
00004721  xQueueGenericCreate                  
00003ded  xQueueGenericCreateStatic            
00004ba9  xQueueGenericReset                   
000014f5  xQueueGenericSend                    
0000282d  xQueueGenericSendFromISR             
0000329b  xQueueGiveFromISR                    
00001a31  xQueueReceive                        
00003569  xQueueReceiveFromISR                 
0000112d  xQueueSemaphoreTake                  
00004301  xTaskCheckForTimeOut                 
00004eab  xTaskCreate                          
00004e17  xTaskCreateStatic                    
00006b41  xTaskGetApplicationTaskTag           
0000751d  xTaskGetCurrentTaskHandle            
00006b79  xTaskGetSchedulerState               
00007531  xTaskGetTickCount                    
000021d5  xTaskIncrementTick                   
00003c69  xTaskPriorityDisinherit              
00003821  xTaskPriorityInherit                 
000045c5  xTaskRemoveFromEventList             
000025cd  xTaskResumeAll                       
00005691  xTimerCreateTimerTask                
0000505d  xTimerGenericCommand                 


GLOBAL SYMBOLS: SORTED BY Symbol Address 

address   name                                 
-------   ----                                 
00000000  __TI_ATRegion0_region_sz             
00000000  __TI_ATRegion0_src_addr              
00000000  __TI_ATRegion0_trg_addr              
00000000  __TI_ATRegion1_region_sz             
00000000  __TI_ATRegion1_src_addr              
00000000  __TI_ATRegion1_trg_addr              
00000000  __TI_ATRegion2_region_sz             
00000000  __TI_ATRegion2_src_addr              
00000000  __TI_ATRegion2_trg_addr              
00000000  __TI_static_base__                   
00000000  interruptVectors                     
00000200  __STACK_SIZE                         
000005cd  UARTMSP_interruptHandler             
00000ac5  mainThread                           
00000d29  GPIO_setConfigAndMux                 
00000f39  I2C_open                             
0000112d  xQueueSemaphoreTake                  
000014f5  xQueueGenericSend                    
000016c7  ADC0_IRQHandler                      
000016c7  ADC1_IRQHandler                      
000016c7  AES_IRQHandler                       
000016c7  CANFD0_IRQHandler                    
000016c7  DAC0_IRQHandler                      
000016c7  DMA_IRQHandler                       
000016c7  Default_Handler                      
000016c7  GROUP0_IRQHandler                    
000016c7  GROUP1_IRQHandler                    
000016c7  I2C0_IRQHandler                      
000016c7  I2C1_IRQHandler                      
000016c7  NMI_Handler                          
000016c7  RTC_IRQHandler                       
000016c7  SPI0_IRQHandler                      
000016c7  SPI1_IRQHandler                      
000016c7  TIMA0_IRQHandler                     
000016c7  TIMA1_IRQHandler                     
000016c7  TIMG0_IRQHandler                     
000016c7  TIMG12_IRQHandler                    
000016c7  TIMG6_IRQHandler                     
000016c7  TIMG7_IRQHandler                     
000016c7  TIMG8_IRQHandler                     
000016c7  UART1_IRQHandler                     
000016c7  UART2_IRQHandler                     
000016c7  UART3_IRQHandler                     
000016c9  pvPortMalloc                         
00001a31  xQueueReceive                        
00001bd5  __aeabi_dsub                         
00001bd5  __subdf3                             
00001bdf  __adddf3                             
00001bdf  __aeabi_dadd                         
00001d67  DisplayUartMin_clear                 
00001d69  vPortSuppressTicksAndSleep           
00002071  GPIO_init                            
000021d5  xTaskIncrementTick                   
00002481  pthread_create                       
000025cd  xTaskResumeAll                       
00002701  I2C_transferTimeout                  
0000282d  xQueueGenericSendFromISR             
00002a69  RingBuf_getn                         
00002b83  RingBuf_putn                         
00002c99  vTaskSuspend                         
00002eb1  vTaskPriorityDisinheritAfterTimeout  
00002fb1  UARTMSP_dmaRx                        
000030ad  GPIO_hwiIntFxn                       
000031a5  UART_readFullFeatured                
0000329b  xQueueGiveFromISR                    
0000338f  DisplayUartMin_clearLines            
0000347d  vTaskSwitchContext                   
00003569  xQueueReceiveFromISR                 
00003655  vTaskDelete                          
0000373d  __aeabi_dmul                         
0000373d  __muldf3                             
00003821  xTaskPriorityInherit                 
000039e5  DMAMSPM0_init                        
00003ac1  UART_open                            
00003c69  xTaskPriorityDisinherit              
00003d2d  DMAMSPM0_open                        
00003ded  xQueueGenericCreateStatic            
00003ead  HwiP_construct                       
00004025  vTaskStartScheduler                  
00004197  DisplayUartMin_init                  
00004199  UART_writeCallback                   
00004301  xTaskCheckForTimeOut                 
000045c5  xTaskRemoveFromEventList             
00004675  GPIO_setInterruptConfig              
00004721  xQueueGenericCreate                  
000047cb  I2CSupport_powerRelConstraint        
000047cd  DMA_Init                             
0000491d  Display_doInit                       
00004a65  __udivmoddi4                         
00004b07  I2CSupport_powerSetConstraint        
00004b09  vPortFree                            
00004ba9  xQueueGenericReset                   
00004ce5  memcpy                               
00004d7f  UART_writeBuffered                   
00004e17  xTaskCreateStatic                    
00004eab  xTaskCreate                          
00004f3d  DL_Interrupt_registerInterrupt       
00004fcd  DMAMSPM0_setupTransfer               
0000505d  xTimerGenericCommand                 
00005205  SemaphoreP_pend                      
0000528f  I2C_init                             
00005291  DMAMSPM0_close                       
00005421  DL_UART_configBaudRate               
000054a1  calloc                               
0000551d  eTaskConfirmSleepModeStatus          
00005691  xTimerCreateTimerTask                
0000570d  UARTMSP_enableInts                   
00005785  __TI_decompress_lzss                 
000057fd  I2CSupport_primeTransfer             
000058e5  __gedf2                              
000058e5  __gtdf2                              
00005955  pthread_exit                         
000059c3  SVC_Handler                          
000059c5  GPIO_write                           
00005a31  __cmpdf2                             
00005a31  __eqdf2                              
00005a31  __ledf2                              
00005a31  __ltdf2                              
00005a31  __nedf2                              
00005b09  vListInsert                          
00005b75  vQueueWaitForMessageRestricted       
00005bdf  SYSCFG_DL_GPIO_init                  
00005c49  UART_readCancel                      
00005cb1  __aeabi_dcmpeq                       
00005cc5  __aeabi_dcmplt                       
00005cd9  __aeabi_dcmple                       
00005ced  __aeabi_dcmpge                       
00005d01  __aeabi_dcmpgt                       
00005d13  memset                               
00005d75  DL_I2C_fillControllerTXFIFO          
00005dd3  UARTMSP_eventCallback                
00005dd5  Display_doOpen                       
00005e8d  pthread_setcancelstate               
00005ee7  __clzsi2                             
00005f3f  __aeabi_idiv0                        
00005f41  main                                 
00005f99  SYSCFG_DL_SYSCTL_init                
00005fed  __aeabi_errno_addr                   
00006041  vPortSetupTimerInterrupt             
00006095  DisplayUartMin_vprintf               
000060e7  __aeabi_ldiv0                        
000061d9  vTaskDelay                           
00006229  vTaskSetThreadLocalStoragePointer    
00006279  DL_DMA_initChannel                   
000062c5  GPIO_toggle                          
00006311  pvTaskGetThreadLocalStoragePointer   
0000635d  pxPortInitialiseStack                
000063a9  __aeabi_d2iz                         
000063a9  __fixdfsi                            
000063f3  malloc                               
0000643d  DL_UART_init                         
00006485  sleep                                
000064cd  uxListRemove                         
00006515  RingBuf_put                          
000065a1  HwiP_create                          
000065f1  PendSV_Handler                       
00006679  vTaskPlaceOnEventListRestricted      
000066bd  DisplayUartMin_open                  
000066ff  RingBuf_get                          
00006741  __aeabi_d2uiz                        
00006741  __fixunsdfsi                         
00006785  SYSCFG_DL_initPower                  
000067c5  SemaphoreP_constructBinary           
00006805  __aeabi_uidiv                        
00006805  __aeabi_uidivmod                     
00006845  xPortStartScheduler                  
00006885  RingBuf_putAdvance                   
000068c3  UART_writeFullFeatured               
00006901  DL_I2C_flushControllerTXFIFO         
00006979  __TI_auto_init_nobinit_nopinit       
000069b5  __muldsi3                            
000069ef  vListInsertEnd                       
00006a29  DL_SYSCTL_switchMCLKfromLFCLKtoSYSOSC
00006a61  HwiP_dispatch                        
00006a99  RingBuf_putPointer                   
00006ad1  SemaphoreP_createBinary              
00006b41  xTaskGetApplicationTaskTag           
00006b79  xTaskGetSchedulerState               
00006bb1  HwiP_disable                         
00006be5  RingBuf_getConsume                   
00006c4d  pthread_attr_setschedparam           
00006cb5  vTaskPlaceOnEventList                
00006ce9  vTaskSetApplicationTaskTag           
00006d1d  vTaskStepTick                        
00006d51  vQueueDelete                         
00006d85  DL_I2C_flushControllerRXFIFO         
00006db5  HwiP_inISR                           
00006ea3  pthread_attr_setdetachstate          
00006ed1  DMAMSPM0_disableChannel              
00006efd  SemaphoreP_post                      
00006f29  SysTick_Handler                      
00006f81  __aeabi_i2d                          
00006f81  __floatsidf                          
00006fad  _pthread_cleanup_pop                 
00006fd9  vListInitialise                      
00007005  vPortExitCritical                    
0000705b  I2C_cancel                           
000070ad  vApplicationGetIdleTaskMemory        
000070d5  vApplicationGetTimerTaskMemory       
000070fd  _c_int00_noargs                      
00007125  DL_I2C_setClockConfig                
0000714b  RingBuf_getPointer                   
00007171  UART_write                           
00007197  HwiP_Params_init                     
000071bd  HwiP_restore                         
000071e1  PTLS_taskDeleteHook                  
00007205  UART_close                           
00007229  __aeabi_lmul                         
00007229  __muldi3                             
0000724d  HardFault_Handler                    
0000726d  HwiP_destruct                        
0000728d  SYSCFG_DL_SYSCTL_CLK_init            
000072ad  SystemP_vsnprintf                    
000072cd  pvTaskIncrementMutexHeldCount        
000072ed  vTaskInternalSetTimeOutState         
0000730d  __aeabi_llsl                         
0000730d  __ashldi3                            
00007369  GPIO_setCallback                     
00007385  pthread_attr_init                    
000073a1  PTLS_getBuf                          
000073bb  PTLS_setBuf                          
000073d5  Display_doPrintf                     
000073ed  UART_Params_init                     
00007405  prvGetRegistersFromStack             
0000741d  pthread_self                         
00007435  vPortEnterCritical                   
0000744d  vPortYield                           
00007465  DisplayUartMin_close                 
0000747b  HwiP_delete                          
00007491  DL_Interrupt_unregisterInterrupt     
000074a5  HwiP_disableInterrupt                
000074b9  HwiP_enableInterrupt                 
000074cd  I2CSupport_controllerFinish          
000074e1  SYSCFG_DL_init                       
000074f5  __aeabi_uldivmod                     
00007509  aligned_alloc                        
0000751d  xTaskGetCurrentTaskHandle            
00007531  xTaskGetTickCount                    
00007545  DL_UART_setClockConfig               
00007557  pthread_attr_setstacksize            
00007569  __TI_decompress_none                 
0000757d  DMAMSPM0_getCurrTransferSize         
0000758d  I2C_transfer                         
0000759d  SemaphoreP_delete                    
000075ad  UART0_IRQHandler                     
000075bd  free                                 
000075cd  vTaskSuspendAll                      
000075dd  __TI_zero_init                       
000075ed  RingBuf_construct                    
000075fd  __aeabi_memset                       
000075fd  __aeabi_memset4                      
000075fd  __aeabi_memset8                      
0000760b  strlen                               
00007619  vListInitialiseItem                  
00007627  I2C_Params_init                      
00007635  __aeabi_memclr                       
00007635  __aeabi_memclr4                      
00007635  __aeabi_memclr8                      
00007641  memalign                             
0000764d  realloc                              
00007659  vTaskMissedYield                     
00007665  DL_Common_delayCycles                
0000766f  GPIO_setConfig                       
00007679  __aeabi_memcpy                       
00007679  __aeabi_memcpy4                      
00007679  __aeabi_memcpy8                      
00007681  ulSetInterruptMaskFromISR            
00007689  ClockP_getSystemTickPeriod           
0000768f  DisplayUartMin_control               
00007695  DisplayUartMin_getType               
0000769b  vClearInterruptMaskFromISR           
000076a1  Reset_Handler                        
000076a5  _system_pre_init                     
000076a9  vApplicationStackOverflowHook        
000076ac  C$$EXIT                              
000076ad  abort                                
000076b0  DMA_Ch_defaultParams                 
00007788  I2CMSPM0HWAttrs                      
000077d0  UART_defaultParams                   
00007839  Display_count                        
0000783a  Display_defaultParams                
0000783b  GPIO_pinLowerBound                   
0000783c  DisplayUartMin_fxnTable              
0000796f  GPIO_pinUpperBound                   
000079cf  I2C_count                            
000079d0  UARTMSPSupportFxns                   
000079e4  displayUartHWAttrs                   
00007a66  UART_count                           
00007a68  GPIO_config                          
00007a88  Display_config                       
00007a9c  DMAMSPM0_Config                      
00007aa4  I2C_config                           
00007aac  UART_config                          
00007ac8  uxTopUsedPriority                    
00007b14  __TI_Handler_Table_Base              
00007b20  __TI_Handler_Table_Limit             
00007b30  __TI_CINIT_Base                      
00007b48  __TI_CINIT_Limit                     
00007b48  __TI_CINIT_Warm                      
20200000  __start___llvm_prf_bits              
20200000  __start___llvm_prf_cnts              
20200000  __stop___llvm_prf_bits               
20200000  __stop___llvm_prf_cnts               
20201000  I2CMSPM0Objects                      
202011e8  gpioCallbackFunctions                
202012d8  gpioUserArgs                         
202015da  rxComBuffer                          
202015db  txComBuffer                          
2020160c  rxBuffer                             
2020162c  txBuffer                             
20201728  displayUartObject                    
20201764  gpioPinConfigs                       
20201914  UARTObject                           
202019ac  DMAObject                            
202019f0  HwiP_swiPIntNum                      
20201a08  pxCurrentTCB                         
20207e00  __stack                              
20208000  __STACK_END                          
ffffffff  __TI_pprof_out_hndl                  
ffffffff  __TI_prof_data_size                  
ffffffff  __TI_prof_data_start                 
ffffffff  __binit__                            
ffffffff  binit                                
UNDEFED   __mpu_init                           
UNDEFED   _system_post_cinit                   

[325 symbols]
