<?xml version="1.0" encoding="ISO-8859-1" ?>
<link_info>
   <banner>TI ARM Clang Linker Unix v4.0.3.LTS</banner>
   <copyright>Copyright (c) 1996-2018 Texas Instruments Incorporated</copyright>
   <command_line>/Applications/ti/ccs2030/ccs/tools/compiler/ti-cgt-armllvm_4.0.3.LTS/bin/tiarmlnk -I/Applications/ti/ccs2030/ccs/tools/compiler/ti-cgt-armllvm_4.0.3.LTS/lib -o MAS_SW_2025.out -mMAS_SW_2025.map -i/Users/krisztiancsuta/workspace_ccstheia/freertos_builds_LP_MSPM0G3507_release_ticlang/Debug -i/Users/krisztiancsuta/ti/mspm0_sdk_2_06_00_05/source -i/Users/krisztiancsuta/Documents/GitHub/MAS_SW_2025 -i/Applications/ti/ccs2030/ccs/tools/compiler/ti-cgt-armllvm_4.0.3.LTS/lib --diag_wrap=off --display_error_number --warn_sections --xml_link_info=MAS_SW_2025_linkInfo.xml --rom_model ./MAS_CAN.o ./MAS_GPIO.o ./MAS_I2C.o ./i2ccontroller.o ./main_freertos.o ./ti_drivers_config.o ./ti_msp_dl_config.o ./freertos/ticlang/startup_mspm0g350x_ticlang.o ../mspm0g3507.cmd -l/Users/krisztiancsuta/ti/mspm0_sdk_2_06_00_05/source/ti/drivers/lib/ticlang/m0p/drivers_mspm0g1x0x_g3x0x.a -lfreertos_builds_LP_MSPM0G3507_release_ticlang.lib -l/Users/krisztiancsuta/ti/mspm0_sdk_2_06_00_05/source/ti/driverlib/lib/ticlang/m0p/mspm0g1x0x_g3x0x/driverlib.a -llibc.a --start-group -llibc++.a -llibc++abi.a -llibc.a -llibsys.a -llibsysbm.a -llibclang_rt.builtins.a -llibclang_rt.profile.a --end-group --cg_opt_level=2</command_line>
   <link_time>0x68d2a2c6</link_time>
   <link_errors>0x0</link_errors>
   <output_file>/Users/krisztiancsuta/Documents/GitHub/MAS_SW_2025/Debug/MAS_SW_2025.out</output_file>
   <entry_point>
      <name>_c_int00_noargs</name>
      <address>0x7109</address>
   </entry_point>
   <input_file_list>
      <input_file id="fl-1">
         <path>/Users/krisztiancsuta/Documents/GitHub/MAS_SW_2025/Debug/./</path>
         <kind>object</kind>
         <file>MAS_CAN.o</file>
         <name>MAS_CAN.o</name>
      </input_file>
      <input_file id="fl-2">
         <path>/Users/krisztiancsuta/Documents/GitHub/MAS_SW_2025/Debug/./</path>
         <kind>object</kind>
         <file>MAS_GPIO.o</file>
         <name>MAS_GPIO.o</name>
      </input_file>
      <input_file id="fl-3">
         <path>/Users/krisztiancsuta/Documents/GitHub/MAS_SW_2025/Debug/./</path>
         <kind>object</kind>
         <file>MAS_I2C.o</file>
         <name>MAS_I2C.o</name>
      </input_file>
      <input_file id="fl-4">
         <path>/Users/krisztiancsuta/Documents/GitHub/MAS_SW_2025/Debug/./</path>
         <kind>object</kind>
         <file>i2ccontroller.o</file>
         <name>i2ccontroller.o</name>
      </input_file>
      <input_file id="fl-5">
         <path>/Users/krisztiancsuta/Documents/GitHub/MAS_SW_2025/Debug/./</path>
         <kind>object</kind>
         <file>main_freertos.o</file>
         <name>main_freertos.o</name>
      </input_file>
      <input_file id="fl-6">
         <path>/Users/krisztiancsuta/Documents/GitHub/MAS_SW_2025/Debug/./</path>
         <kind>object</kind>
         <file>ti_drivers_config.o</file>
         <name>ti_drivers_config.o</name>
      </input_file>
      <input_file id="fl-7">
         <path>/Users/krisztiancsuta/Documents/GitHub/MAS_SW_2025/Debug/./</path>
         <kind>object</kind>
         <file>ti_msp_dl_config.o</file>
         <name>ti_msp_dl_config.o</name>
      </input_file>
      <input_file id="fl-8">
         <path>/Users/krisztiancsuta/Documents/GitHub/MAS_SW_2025/Debug/./freertos/ticlang/</path>
         <kind>object</kind>
         <file>startup_mspm0g350x_ticlang.o</file>
         <name>startup_mspm0g350x_ticlang.o</name>
      </input_file>
      <input_file id="fl-16">
         <path>/Users/krisztiancsuta/Documents/GitHub/MAS_SW_2025/Debug/</path>
         <kind>object</kind>
         <file>&lt;internal&gt;</file>
         <name>&lt;internal&gt;</name>
      </input_file>
      <input_file id="fl-17">
         <path>/Users/krisztiancsuta/ti/mspm0_sdk_2_06_00_05/source/ti/drivers/lib/ticlang/m0p/</path>
         <kind>archive</kind>
         <file>drivers_mspm0g1x0x_g3x0x.a</file>
         <name>I2C.o</name>
      </input_file>
      <input_file id="fl-18">
         <path>/Users/krisztiancsuta/ti/mspm0_sdk_2_06_00_05/source/ti/drivers/lib/ticlang/m0p/</path>
         <kind>archive</kind>
         <file>drivers_mspm0g1x0x_g3x0x.a</file>
         <name>I2CMSPM0.o</name>
      </input_file>
      <input_file id="fl-19">
         <path>/Users/krisztiancsuta/ti/mspm0_sdk_2_06_00_05/source/ti/drivers/lib/ticlang/m0p/</path>
         <kind>archive</kind>
         <file>drivers_mspm0g1x0x_g3x0x.a</file>
         <name>UARTMSPM0.o</name>
      </input_file>
      <input_file id="fl-1a">
         <path>/Users/krisztiancsuta/ti/mspm0_sdk_2_06_00_05/source/ti/drivers/lib/ticlang/m0p/</path>
         <kind>archive</kind>
         <file>drivers_mspm0g1x0x_g3x0x.a</file>
         <name>DMAMSPM0.o</name>
      </input_file>
      <input_file id="fl-1b">
         <path>/Users/krisztiancsuta/ti/mspm0_sdk_2_06_00_05/source/ti/drivers/lib/ticlang/m0p/</path>
         <kind>archive</kind>
         <file>drivers_mspm0g1x0x_g3x0x.a</file>
         <name>RingBuf.o</name>
      </input_file>
      <input_file id="fl-1c">
         <path>/Users/krisztiancsuta/ti/mspm0_sdk_2_06_00_05/source/ti/drivers/lib/ticlang/m0p/</path>
         <kind>archive</kind>
         <file>drivers_mspm0g1x0x_g3x0x.a</file>
         <name>GPIO.o</name>
      </input_file>
      <input_file id="fl-1d">
         <path>/Users/krisztiancsuta/ti/mspm0_sdk_2_06_00_05/source/ti/drivers/lib/ticlang/m0p/</path>
         <kind>archive</kind>
         <file>drivers_mspm0g1x0x_g3x0x.a</file>
         <name>UART.o</name>
      </input_file>
      <input_file id="fl-1e">
         <path>/Users/krisztiancsuta/ti/mspm0_sdk_2_06_00_05/source/ti/drivers/lib/ticlang/m0p/</path>
         <kind>archive</kind>
         <file>drivers_mspm0g1x0x_g3x0x.a</file>
         <name>GPIOMSPM0.o</name>
      </input_file>
      <input_file id="fl-1f">
         <path>/Users/krisztiancsuta/workspace_ccstheia/freertos_builds_LP_MSPM0G3507_release_ticlang/Debug/</path>
         <kind>archive</kind>
         <file>freertos_builds_LP_MSPM0G3507_release_ticlang.lib</file>
         <name>HwiPMSPM0_freertos.o</name>
      </input_file>
      <input_file id="fl-20">
         <path>/Users/krisztiancsuta/workspace_ccstheia/freertos_builds_LP_MSPM0G3507_release_ticlang/Debug/</path>
         <kind>archive</kind>
         <file>freertos_builds_LP_MSPM0G3507_release_ticlang.lib</file>
         <name>SemaphoreP_freertos.o</name>
      </input_file>
      <input_file id="fl-21">
         <path>/Users/krisztiancsuta/workspace_ccstheia/freertos_builds_LP_MSPM0G3507_release_ticlang/Debug/</path>
         <kind>archive</kind>
         <file>freertos_builds_LP_MSPM0G3507_release_ticlang.lib</file>
         <name>queue.o</name>
      </input_file>
      <input_file id="fl-22">
         <path>/Users/krisztiancsuta/workspace_ccstheia/freertos_builds_LP_MSPM0G3507_release_ticlang/Debug/</path>
         <kind>archive</kind>
         <file>freertos_builds_LP_MSPM0G3507_release_ticlang.lib</file>
         <name>tasks.o</name>
      </input_file>
      <input_file id="fl-23">
         <path>/Users/krisztiancsuta/workspace_ccstheia/freertos_builds_LP_MSPM0G3507_release_ticlang/Debug/</path>
         <kind>archive</kind>
         <file>freertos_builds_LP_MSPM0G3507_release_ticlang.lib</file>
         <name>timers.o</name>
      </input_file>
      <input_file id="fl-24">
         <path>/Users/krisztiancsuta/workspace_ccstheia/freertos_builds_LP_MSPM0G3507_release_ticlang/Debug/</path>
         <kind>archive</kind>
         <file>freertos_builds_LP_MSPM0G3507_release_ticlang.lib</file>
         <name>port.o</name>
      </input_file>
      <input_file id="fl-25">
         <path>/Users/krisztiancsuta/workspace_ccstheia/freertos_builds_LP_MSPM0G3507_release_ticlang/Debug/</path>
         <kind>archive</kind>
         <file>freertos_builds_LP_MSPM0G3507_release_ticlang.lib</file>
         <name>portasm.o</name>
      </input_file>
      <input_file id="fl-26">
         <path>/Users/krisztiancsuta/workspace_ccstheia/freertos_builds_LP_MSPM0G3507_release_ticlang/Debug/</path>
         <kind>archive</kind>
         <file>freertos_builds_LP_MSPM0G3507_release_ticlang.lib</file>
         <name>PTLS.o</name>
      </input_file>
      <input_file id="fl-27">
         <path>/Users/krisztiancsuta/workspace_ccstheia/freertos_builds_LP_MSPM0G3507_release_ticlang/Debug/</path>
         <kind>archive</kind>
         <file>freertos_builds_LP_MSPM0G3507_release_ticlang.lib</file>
         <name>memory.o</name>
      </input_file>
      <input_file id="fl-28">
         <path>/Users/krisztiancsuta/workspace_ccstheia/freertos_builds_LP_MSPM0G3507_release_ticlang/Debug/</path>
         <kind>archive</kind>
         <file>freertos_builds_LP_MSPM0G3507_release_ticlang.lib</file>
         <name>pthread.o</name>
      </input_file>
      <input_file id="fl-29">
         <path>/Users/krisztiancsuta/workspace_ccstheia/freertos_builds_LP_MSPM0G3507_release_ticlang/Debug/</path>
         <kind>archive</kind>
         <file>freertos_builds_LP_MSPM0G3507_release_ticlang.lib</file>
         <name>ClockP_freertos.o</name>
      </input_file>
      <input_file id="fl-2a">
         <path>/Users/krisztiancsuta/workspace_ccstheia/freertos_builds_LP_MSPM0G3507_release_ticlang/Debug/</path>
         <kind>archive</kind>
         <file>freertos_builds_LP_MSPM0G3507_release_ticlang.lib</file>
         <name>StaticAllocs_freertos.o</name>
      </input_file>
      <input_file id="fl-2b">
         <path>/Users/krisztiancsuta/workspace_ccstheia/freertos_builds_LP_MSPM0G3507_release_ticlang/Debug/</path>
         <kind>archive</kind>
         <file>freertos_builds_LP_MSPM0G3507_release_ticlang.lib</file>
         <name>heap_4.o</name>
      </input_file>
      <input_file id="fl-2c">
         <path>/Users/krisztiancsuta/workspace_ccstheia/freertos_builds_LP_MSPM0G3507_release_ticlang/Debug/</path>
         <kind>archive</kind>
         <file>freertos_builds_LP_MSPM0G3507_release_ticlang.lib</file>
         <name>list.o</name>
      </input_file>
      <input_file id="fl-2d">
         <path>/Users/krisztiancsuta/workspace_ccstheia/freertos_builds_LP_MSPM0G3507_release_ticlang/Debug/</path>
         <kind>archive</kind>
         <file>freertos_builds_LP_MSPM0G3507_release_ticlang.lib</file>
         <name>aeabi_portable.o</name>
      </input_file>
      <input_file id="fl-2e">
         <path>/Users/krisztiancsuta/ti/mspm0_sdk_2_06_00_05/source/ti/driverlib/lib/ticlang/m0p/mspm0g1x0x_g3x0x/</path>
         <kind>archive</kind>
         <file>driverlib.a</file>
         <name>dl_common.o</name>
      </input_file>
      <input_file id="fl-2f">
         <path>/Users/krisztiancsuta/ti/mspm0_sdk_2_06_00_05/source/ti/driverlib/lib/ticlang/m0p/mspm0g1x0x_g3x0x/</path>
         <kind>archive</kind>
         <file>driverlib.a</file>
         <name>dl_dma.o</name>
      </input_file>
      <input_file id="fl-30">
         <path>/Users/krisztiancsuta/ti/mspm0_sdk_2_06_00_05/source/ti/driverlib/lib/ticlang/m0p/mspm0g1x0x_g3x0x/</path>
         <kind>archive</kind>
         <file>driverlib.a</file>
         <name>dl_i2c.o</name>
      </input_file>
      <input_file id="fl-31">
         <path>/Users/krisztiancsuta/ti/mspm0_sdk_2_06_00_05/source/ti/driverlib/lib/ticlang/m0p/mspm0g1x0x_g3x0x/</path>
         <kind>archive</kind>
         <file>driverlib.a</file>
         <name>dl_mcan.o</name>
      </input_file>
      <input_file id="fl-32">
         <path>/Users/krisztiancsuta/ti/mspm0_sdk_2_06_00_05/source/ti/driverlib/lib/ticlang/m0p/mspm0g1x0x_g3x0x/</path>
         <kind>archive</kind>
         <file>driverlib.a</file>
         <name>dl_uart.o</name>
      </input_file>
      <input_file id="fl-33">
         <path>/Users/krisztiancsuta/ti/mspm0_sdk_2_06_00_05/source/ti/driverlib/lib/ticlang/m0p/mspm0g1x0x_g3x0x/</path>
         <kind>archive</kind>
         <file>driverlib.a</file>
         <name>dl_interrupt.o</name>
      </input_file>
      <input_file id="fl-34">
         <path>/Users/krisztiancsuta/ti/mspm0_sdk_2_06_00_05/source/ti/driverlib/lib/ticlang/m0p/mspm0g1x0x_g3x0x/</path>
         <kind>archive</kind>
         <file>driverlib.a</file>
         <name>dl_sysctl_mspm0g1x0x_g3x0x.o</name>
      </input_file>
      <input_file id="fl-4b">
         <path>/Applications/ti/ccs2030/ccs/tools/compiler/ti-cgt-armllvm_4.0.3.LTS/lib/armv6m-ti-none-eabi/c/</path>
         <kind>archive</kind>
         <file>libc.a</file>
         <name>boot_cortex_m.c.obj</name>
      </input_file>
      <input_file id="fl-4c">
         <path>/Applications/ti/ccs2030/ccs/tools/compiler/ti-cgt-armllvm_4.0.3.LTS/lib/armv6m-ti-none-eabi/c/</path>
         <kind>archive</kind>
         <file>libc.a</file>
         <name>mathacl_init.c.obj</name>
      </input_file>
      <input_file id="fl-4d">
         <path>/Applications/ti/ccs2030/ccs/tools/compiler/ti-cgt-armllvm_4.0.3.LTS/lib/armv6m-ti-none-eabi/c/</path>
         <kind>archive</kind>
         <file>libc.a</file>
         <name>autoinit.c.obj</name>
      </input_file>
      <input_file id="fl-4e">
         <path>/Applications/ti/ccs2030/ccs/tools/compiler/ti-cgt-armllvm_4.0.3.LTS/lib/armv6m-ti-none-eabi/c/</path>
         <kind>archive</kind>
         <file>libc.a</file>
         <name>pre_init.c.obj</name>
      </input_file>
      <input_file id="fl-4f">
         <path>/Applications/ti/ccs2030/ccs/tools/compiler/ti-cgt-armllvm_4.0.3.LTS/lib/armv6m-ti-none-eabi/c/</path>
         <kind>archive</kind>
         <file>libc.a</file>
         <name>cpy_tbl.c.obj</name>
      </input_file>
      <input_file id="fl-50">
         <path>/Applications/ti/ccs2030/ccs/tools/compiler/ti-cgt-armllvm_4.0.3.LTS/lib/armv6m-ti-none-eabi/c/</path>
         <kind>archive</kind>
         <file>libc.a</file>
         <name>copy_zero_init.c.obj</name>
      </input_file>
      <input_file id="fl-51">
         <path>/Applications/ti/ccs2030/ccs/tools/compiler/ti-cgt-armllvm_4.0.3.LTS/lib/armv6m-ti-none-eabi/c/</path>
         <kind>archive</kind>
         <file>libc.a</file>
         <name>copy_decompress_none.c.obj</name>
      </input_file>
      <input_file id="fl-52">
         <path>/Applications/ti/ccs2030/ccs/tools/compiler/ti-cgt-armllvm_4.0.3.LTS/lib/armv6m-ti-none-eabi/c/</path>
         <kind>archive</kind>
         <file>libc.a</file>
         <name>copy_decompress_lzss.c.obj</name>
      </input_file>
      <input_file id="fl-53">
         <path>/Applications/ti/ccs2030/ccs/tools/compiler/ti-cgt-armllvm_4.0.3.LTS/lib/armv6m-ti-none-eabi/c/</path>
         <kind>archive</kind>
         <file>libc.a</file>
         <name>exit.c.obj</name>
      </input_file>
      <input_file id="fl-54">
         <path>/Applications/ti/ccs2030/ccs/tools/compiler/ti-cgt-armllvm_4.0.3.LTS/lib/armv6m-ti-none-eabi/c/</path>
         <kind>archive</kind>
         <file>libc.a</file>
         <name>_lock.c.obj</name>
      </input_file>
      <input_file id="fl-55">
         <path>/Applications/ti/ccs2030/ccs/tools/compiler/ti-cgt-armllvm_4.0.3.LTS/lib/armv6m-ti-none-eabi/c/</path>
         <kind>archive</kind>
         <file>libc.a</file>
         <name>args_main.c.obj</name>
      </input_file>
      <input_file id="fl-f5">
         <path>/Applications/ti/ccs2030/ccs/tools/compiler/ti-cgt-armllvm_4.0.3.LTS/lib/armv6m-ti-none-eabi/c/</path>
         <kind>archive</kind>
         <file>libsysbm.a</file>
         <name>hostexit.c.obj</name>
      </input_file>
      <input_file id="fl-f6">
         <path>/Applications/ti/ccs2030/ccs/tools/compiler/ti-cgt-armllvm_4.0.3.LTS/lib/armv6m-ti-none-eabi/</path>
         <kind>archive</kind>
         <file>libclang_rt.builtins.a</file>
         <name>muldi3.S.obj</name>
      </input_file>
      <input_file id="fl-f7">
         <path>/Applications/ti/ccs2030/ccs/tools/compiler/ti-cgt-armllvm_4.0.3.LTS/lib/armv6m-ti-none-eabi/</path>
         <kind>archive</kind>
         <file>libclang_rt.builtins.a</file>
         <name>clzsi2.c.obj</name>
      </input_file>
      <input_file id="fl-f8">
         <path>/Applications/ti/ccs2030/ccs/tools/compiler/ti-cgt-armllvm_4.0.3.LTS/lib/armv6m-ti-none-eabi/</path>
         <kind>archive</kind>
         <file>libclang_rt.builtins.a</file>
         <name>aeabi_memcpy.S.obj</name>
      </input_file>
      <input_file id="fl-f9">
         <path>/Applications/ti/ccs2030/ccs/tools/compiler/ti-cgt-armllvm_4.0.3.LTS/lib/armv6m-ti-none-eabi/</path>
         <kind>archive</kind>
         <file>libclang_rt.builtins.a</file>
         <name>aeabi_memset.S.obj</name>
      </input_file>
      <input_file id="fl-fa">
         <path>/Applications/ti/ccs2030/ccs/tools/compiler/ti-cgt-armllvm_4.0.3.LTS/lib/armv6m-ti-none-eabi/</path>
         <kind>archive</kind>
         <file>libclang_rt.builtins.a</file>
         <name>aeabi_uidivmod.S.obj</name>
      </input_file>
      <input_file id="fl-fb">
         <path>/Applications/ti/ccs2030/ccs/tools/compiler/ti-cgt-armllvm_4.0.3.LTS/lib/armv6m-ti-none-eabi/</path>
         <kind>archive</kind>
         <file>libclang_rt.builtins.a</file>
         <name>aeabi_uldivmod.S.obj</name>
      </input_file>
      <input_file id="fl-fc">
         <path>/Applications/ti/ccs2030/ccs/tools/compiler/ti-cgt-armllvm_4.0.3.LTS/lib/armv6m-ti-none-eabi/</path>
         <kind>archive</kind>
         <file>libclang_rt.builtins.a</file>
         <name>udivmoddi4.S.obj</name>
      </input_file>
      <input_file id="fl-fd">
         <path>/Applications/ti/ccs2030/ccs/tools/compiler/ti-cgt-armllvm_4.0.3.LTS/lib/armv6m-ti-none-eabi/</path>
         <kind>archive</kind>
         <file>libclang_rt.builtins.a</file>
         <name>muldsi3.S.obj</name>
      </input_file>
      <input_file id="fl-fe">
         <path>/Applications/ti/ccs2030/ccs/tools/compiler/ti-cgt-armllvm_4.0.3.LTS/lib/armv6m-ti-none-eabi/</path>
         <kind>archive</kind>
         <file>libclang_rt.builtins.a</file>
         <name>ashldi3.S.obj</name>
      </input_file>
      <input_file id="fl-ff">
         <path>/Applications/ti/ccs2030/ccs/tools/compiler/ti-cgt-armllvm_4.0.3.LTS/lib/armv6m-ti-none-eabi/</path>
         <kind>archive</kind>
         <file>libclang_rt.builtins.a</file>
         <name>aeabi_div0.c.obj</name>
      </input_file>
      <input_file id="fl-100">
         <path>/Applications/ti/ccs2030/ccs/tools/compiler/ti-cgt-armllvm_4.0.3.LTS/lib/armv6m-ti-none-eabi/c/</path>
         <kind>archive</kind>
         <file>libc.a</file>
         <name>memcpy16.S.obj</name>
      </input_file>
      <input_file id="fl-101">
         <path>/Applications/ti/ccs2030/ccs/tools/compiler/ti-cgt-armllvm_4.0.3.LTS/lib/armv6m-ti-none-eabi/c/</path>
         <kind>archive</kind>
         <file>libc.a</file>
         <name>memset16.S.obj</name>
      </input_file>
   </input_file_list>
   <object_component_list>
      <object_component id="oc-18">
         <name>.intvecs</name>
         <load_address>0x0</load_address>
         <readonly>true</readonly>
         <run_address>0x0</run_address>
         <size>0xc0</size>
         <alignment>0x4</alignment>
         <input_file_ref idref="fl-8"/>
      </object_component>
      <object_component id="oc-a2">
         <name>.text.UARTMSP_interruptHandler</name>
         <load_address>0xc0</load_address>
         <readonly>true</readonly>
         <executable>true</executable>
         <run_address>0xc0</run_address>
         <size>0x4f8</size>
         <alignment>0x4</alignment>
         <input_file_ref idref="fl-19"/>
      </object_component>
      <object_component id="oc-6b">
         <name>.text.pvPortMalloc</name>
         <load_address>0x5b8</load_address>
         <readonly>true</readonly>
         <executable>true</executable>
         <run_address>0x5b8</run_address>
         <size>0x294</size>
         <alignment>0x4</alignment>
         <input_file_ref idref="fl-2b"/>
      </object_component>
      <object_component id="oc-196">
         <name>.text.read_i2c_values</name>
         <load_address>0x84c</load_address>
         <readonly>true</readonly>
         <executable>true</executable>
         <run_address>0x84c</run_address>
         <size>0x27c</size>
         <alignment>0x4</alignment>
         <input_file_ref idref="fl-3"/>
      </object_component>
      <object_component id="oc-1ef">
         <name>.text.DL_MCAN_msgRAMConfig</name>
         <load_address>0xac8</load_address>
         <readonly>true</readonly>
         <executable>true</executable>
         <run_address>0xac8</run_address>
         <size>0x214</size>
         <alignment>0x4</alignment>
         <input_file_ref idref="fl-31"/>
      </object_component>
      <object_component id="oc-211">
         <name>.text.GPIO_setConfigAndMux</name>
         <load_address>0xcdc</load_address>
         <readonly>true</readonly>
         <executable>true</executable>
         <run_address>0xcdc</run_address>
         <size>0x210</size>
         <alignment>0x4</alignment>
         <input_file_ref idref="fl-1e"/>
      </object_component>
      <object_component id="oc-a0">
         <name>.text.xTaskIncrementTick</name>
         <load_address>0xeec</load_address>
         <readonly>true</readonly>
         <executable>true</executable>
         <run_address>0xeec</run_address>
         <size>0x210</size>
         <alignment>0x4</alignment>
         <input_file_ref idref="fl-22"/>
      </object_component>
      <object_component id="oc-ba">
         <name>.text.xTaskResumeAll</name>
         <load_address>0x10fc</load_address>
         <readonly>true</readonly>
         <executable>true</executable>
         <run_address>0x10fc</run_address>
         <size>0x1f8</size>
         <alignment>0x4</alignment>
         <input_file_ref idref="fl-22"/>
      </object_component>
      <object_component id="oc-190">
         <name>.text.I2C_open</name>
         <load_address>0x12f4</load_address>
         <readonly>true</readonly>
         <executable>true</executable>
         <run_address>0x12f4</run_address>
         <size>0x1f4</size>
         <alignment>0x4</alignment>
         <input_file_ref idref="fl-18"/>
      </object_component>
      <object_component id="oc-2cf">
         <name>.text.xQueueSemaphoreTake</name>
         <load_address>0x14e8</load_address>
         <readonly>true</readonly>
         <executable>true</executable>
         <run_address>0x14e8</run_address>
         <size>0x1de</size>
         <alignment>0x2</alignment>
         <input_file_ref idref="fl-21"/>
      </object_component>
      <object_component id="oc-48">
         <name>.text.Default_Handler</name>
         <load_address>0x16c6</load_address>
         <readonly>true</readonly>
         <executable>true</executable>
         <run_address>0x16c6</run_address>
         <size>0x2</size>
         <alignment>0x2</alignment>
         <input_file_ref idref="fl-8"/>
      </object_component>
      <object_component id="oc-21f">
         <name>.text.I2CMSPM0_hwiFxn</name>
         <load_address>0x16c8</load_address>
         <readonly>true</readonly>
         <executable>true</executable>
         <run_address>0x16c8</run_address>
         <size>0x1dc</size>
         <alignment>0x4</alignment>
         <input_file_ref idref="fl-18"/>
      </object_component>
      <object_component id="oc-160">
         <name>.text.xQueueGenericSend</name>
         <load_address>0x18a4</load_address>
         <readonly>true</readonly>
         <executable>true</executable>
         <run_address>0x18a4</run_address>
         <size>0x1d2</size>
         <alignment>0x2</alignment>
         <input_file_ref idref="fl-21"/>
      </object_component>
      <object_component id="oc-2f1">
         <name>.text.I2CSupport_powerRelConstraint</name>
         <load_address>0x1a76</load_address>
         <readonly>true</readonly>
         <executable>true</executable>
         <run_address>0x1a76</run_address>
         <size>0x2</size>
         <alignment>0x2</alignment>
         <input_file_ref idref="fl-18"/>
      </object_component>
      <object_component id="oc-1c3">
         <name>.text.UARTMSP_enable</name>
         <load_address>0x1a78</load_address>
         <readonly>true</readonly>
         <executable>true</executable>
         <run_address>0x1a78</run_address>
         <size>0x1a8</size>
         <alignment>0x4</alignment>
         <input_file_ref idref="fl-19"/>
      </object_component>
      <object_component id="oc-2e2">
         <name>.text.xQueueReceive</name>
         <load_address>0x1c20</load_address>
         <readonly>true</readonly>
         <executable>true</executable>
         <run_address>0x1c20</run_address>
         <size>0x1a4</size>
         <alignment>0x2</alignment>
         <input_file_ref idref="fl-21"/>
      </object_component>
      <object_component id="oc-27d">
         <name>.text.vPortSuppressTicksAndSleep</name>
         <load_address>0x1dc4</load_address>
         <readonly>true</readonly>
         <executable>true</executable>
         <run_address>0x1dc4</run_address>
         <size>0x1a0</size>
         <alignment>0x4</alignment>
         <input_file_ref idref="fl-24"/>
      </object_component>
      <object_component id="oc-1ba">
         <name>.text.xTaskRemoveFromEventList</name>
         <load_address>0x1f64</load_address>
         <readonly>true</readonly>
         <executable>true</executable>
         <run_address>0x1f64</run_address>
         <size>0x190</size>
         <alignment>0x4</alignment>
         <input_file_ref idref="fl-22"/>
      </object_component>
      <object_component id="oc-2f3">
         <name>.text.DMAMSPM0_hwiFxn</name>
         <load_address>0x20f4</load_address>
         <readonly>true</readonly>
         <executable>true</executable>
         <run_address>0x20f4</run_address>
         <size>0x180</size>
         <alignment>0x4</alignment>
         <input_file_ref idref="fl-1a"/>
      </object_component>
      <object_component id="oc-28a">
         <name>.text.prvProcessReceivedCommands</name>
         <load_address>0x2274</load_address>
         <readonly>true</readonly>
         <executable>true</executable>
         <run_address>0x2274</run_address>
         <size>0x15c</size>
         <alignment>0x4</alignment>
         <input_file_ref idref="fl-23"/>
      </object_component>
      <object_component id="oc-130">
         <name>.text.pthread_create</name>
         <load_address>0x23d0</load_address>
         <readonly>true</readonly>
         <executable>true</executable>
         <run_address>0x23d0</run_address>
         <size>0x14c</size>
         <alignment>0x4</alignment>
         <input_file_ref idref="fl-28"/>
      </object_component>
      <object_component id="oc-308">
         <name>.text.vTaskPriorityDisinheritAfterTimeout</name>
         <load_address>0x251c</load_address>
         <readonly>true</readonly>
         <executable>true</executable>
         <run_address>0x251c</run_address>
         <size>0x144</size>
         <alignment>0x4</alignment>
         <input_file_ref idref="fl-22"/>
      </object_component>
      <object_component id="oc-2aa">
         <name>.text.I2C_transferTimeout</name>
         <load_address>0x2660</load_address>
         <readonly>true</readonly>
         <executable>true</executable>
         <run_address>0x2660</run_address>
         <size>0x12c</size>
         <alignment>0x2</alignment>
         <input_file_ref idref="fl-17"/>
      </object_component>
      <object_component id="oc-1f8">
         <name>.text.prvAddNewTaskToReadyList</name>
         <load_address>0x278c</load_address>
         <readonly>true</readonly>
         <executable>true</executable>
         <run_address>0x278c</run_address>
         <size>0x128</size>
         <alignment>0x4</alignment>
         <input_file_ref idref="fl-22"/>
      </object_component>
      <object_component id="oc-306">
         <name>.text.xTaskPriorityInherit</name>
         <load_address>0x28b4</load_address>
         <readonly>true</readonly>
         <executable>true</executable>
         <run_address>0x28b4</run_address>
         <size>0x128</size>
         <alignment>0x4</alignment>
         <input_file_ref idref="fl-22"/>
      </object_component>
      <object_component id="oc-274">
         <name>.text.vTaskSuspend</name>
         <load_address>0x29dc</load_address>
         <readonly>true</readonly>
         <executable>true</executable>
         <run_address>0x29dc</run_address>
         <size>0x124</size>
         <alignment>0x4</alignment>
         <input_file_ref idref="fl-22"/>
      </object_component>
      <object_component id="oc-275">
         <name>.text.vTaskDelete</name>
         <load_address>0x2b00</load_address>
         <readonly>true</readonly>
         <executable>true</executable>
         <run_address>0x2b00</run_address>
         <size>0x11c</size>
         <alignment>0x4</alignment>
         <input_file_ref idref="fl-22"/>
      </object_component>
      <object_component id="oc-25d">
         <name>.text.RingBuf_getn</name>
         <load_address>0x2c1c</load_address>
         <readonly>true</readonly>
         <executable>true</executable>
         <run_address>0x2c1c</run_address>
         <size>0x11a</size>
         <alignment>0x2</alignment>
         <input_file_ref idref="fl-1b"/>
      </object_component>
      <object_component id="oc-2d0">
         <name>.text.RingBuf_putn</name>
         <load_address>0x2d36</load_address>
         <readonly>true</readonly>
         <executable>true</executable>
         <run_address>0x2d36</run_address>
         <size>0x116</size>
         <alignment>0x2</alignment>
         <input_file_ref idref="fl-1b"/>
      </object_component>
      <object_component id="oc-2d4">
         <name>.text.pxPortInitialiseStack</name>
         <load_address>0x2e4c</load_address>
         <readonly>true</readonly>
         <executable>true</executable>
         <run_address>0x2e4c</run_address>
         <size>0x114</size>
         <alignment>0x4</alignment>
         <input_file_ref idref="fl-24"/>
      </object_component>
      <object_component id="oc-165">
         <name>.text.xQueueGiveFromISR</name>
         <load_address>0x2f60</load_address>
         <readonly>true</readonly>
         <executable>true</executable>
         <run_address>0x2f60</run_address>
         <size>0x10e</size>
         <alignment>0x2</alignment>
         <input_file_ref idref="fl-21"/>
      </object_component>
      <object_component id="oc-2f0">
         <name>.text.I2CSupport_powerSetConstraint</name>
         <load_address>0x306e</load_address>
         <readonly>true</readonly>
         <executable>true</executable>
         <run_address>0x306e</run_address>
         <size>0x2</size>
         <alignment>0x2</alignment>
         <input_file_ref idref="fl-18"/>
      </object_component>
      <object_component id="oc-cb">
         <name>.text.prvInsertBlockIntoFreeList</name>
         <load_address>0x3070</load_address>
         <readonly>true</readonly>
         <executable>true</executable>
         <run_address>0x3070</run_address>
         <size>0x10c</size>
         <alignment>0x4</alignment>
         <input_file_ref idref="fl-2b"/>
      </object_component>
      <object_component id="oc-1c">
         <name>.text.vTaskSwitchContext</name>
         <load_address>0x317c</load_address>
         <readonly>true</readonly>
         <executable>true</executable>
         <run_address>0x317c</run_address>
         <size>0x10c</size>
         <alignment>0x4</alignment>
         <input_file_ref idref="fl-22"/>
      </object_component>
      <object_component id="oc-2a8">
         <name>.text.I2CMSPM0_primeWriteBurst</name>
         <load_address>0x3288</load_address>
         <readonly>true</readonly>
         <executable>true</executable>
         <run_address>0x3288</run_address>
         <size>0x108</size>
         <alignment>0x4</alignment>
         <input_file_ref idref="fl-18"/>
      </object_component>
      <object_component id="oc-243">
         <name>.text.xTaskPriorityDisinherit</name>
         <load_address>0x3390</load_address>
         <readonly>true</readonly>
         <executable>true</executable>
         <run_address>0x3390</run_address>
         <size>0x108</size>
         <alignment>0x4</alignment>
         <input_file_ref idref="fl-22"/>
      </object_component>
      <object_component id="oc-2c1">
         <name>.text.xQueueReceiveFromISR</name>
         <load_address>0x3498</load_address>
         <readonly>true</readonly>
         <executable>true</executable>
         <run_address>0x3498</run_address>
         <size>0x106</size>
         <alignment>0x2</alignment>
         <input_file_ref idref="fl-21"/>
      </object_component>
      <object_component id="oc-26d">
         <name>.text.prvInitialiseNewTask</name>
         <load_address>0x359e</load_address>
         <readonly>true</readonly>
         <executable>true</executable>
         <run_address>0x359e</run_address>
         <size>0x104</size>
         <alignment>0x2</alignment>
         <input_file_ref idref="fl-22"/>
      </object_component>
      <object_component id="oc-18a">
         <name>.text.I2C_init</name>
         <load_address>0x36a2</load_address>
         <readonly>true</readonly>
         <executable>true</executable>
         <run_address>0x36a2</run_address>
         <size>0x2</size>
         <alignment>0x2</alignment>
         <input_file_ref idref="fl-17"/>
      </object_component>
      <object_component id="oc-f5">
         <name>.text.UARTMSP_dmaRx</name>
         <load_address>0x36a4</load_address>
         <readonly>true</readonly>
         <executable>true</executable>
         <run_address>0x36a4</run_address>
         <size>0xfc</size>
         <alignment>0x4</alignment>
         <input_file_ref idref="fl-19"/>
      </object_component>
      <object_component id="oc-199">
         <name>.text.CAN_transfer</name>
         <load_address>0x37a0</load_address>
         <readonly>true</readonly>
         <executable>true</executable>
         <run_address>0x37a0</run_address>
         <size>0xf8</size>
         <alignment>0x4</alignment>
         <input_file_ref idref="fl-1"/>
      </object_component>
      <object_component id="oc-295">
         <name>.text.GPIO_hwiIntFxn</name>
         <load_address>0x3898</load_address>
         <readonly>true</readonly>
         <executable>true</executable>
         <run_address>0x3898</run_address>
         <size>0xf8</size>
         <alignment>0x4</alignment>
         <input_file_ref idref="fl-1e"/>
      </object_component>
      <object_component id="oc-7b">
         <name>.text.vPortFree</name>
         <load_address>0x3990</load_address>
         <readonly>true</readonly>
         <executable>true</executable>
         <run_address>0x3990</run_address>
         <size>0xf8</size>
         <alignment>0x4</alignment>
         <input_file_ref idref="fl-2b"/>
      </object_component>
      <object_component id="oc-1c6">
         <name>.text.UART_readFullFeatured</name>
         <load_address>0x3a88</load_address>
         <readonly>true</readonly>
         <executable>true</executable>
         <run_address>0x3a88</run_address>
         <size>0xf6</size>
         <alignment>0x2</alignment>
         <input_file_ref idref="fl-1d"/>
      </object_component>
      <object_component id="oc-257">
         <name>.text.UARTMSP_eventCallback</name>
         <load_address>0x3b7e</load_address>
         <readonly>true</readonly>
         <executable>true</executable>
         <run_address>0x3b7e</run_address>
         <size>0x2</size>
         <alignment>0x2</alignment>
         <input_file_ref idref="fl-6"/>
      </object_component>
      <object_component id="oc-233">
         <name>.text.DL_MCAN_writeMsgRam</name>
         <load_address>0x3b80</load_address>
         <readonly>true</readonly>
         <executable>true</executable>
         <run_address>0x3b80</run_address>
         <size>0xf4</size>
         <alignment>0x4</alignment>
         <input_file_ref idref="fl-31"/>
      </object_component>
      <object_component id="oc-2a6">
         <name>.text.I2CMSPM0_primeReadBurst</name>
         <load_address>0x3c74</load_address>
         <readonly>true</readonly>
         <executable>true</executable>
         <run_address>0x3c74</run_address>
         <size>0xec</size>
         <alignment>0x4</alignment>
         <input_file_ref idref="fl-18"/>
      </object_component>
      <object_component id="oc-1ed">
         <name>.text.DL_MCAN_config</name>
         <load_address>0x3d60</load_address>
         <readonly>true</readonly>
         <executable>true</executable>
         <run_address>0x3d60</run_address>
         <size>0xe4</size>
         <alignment>0x4</alignment>
         <input_file_ref idref="fl-31"/>
      </object_component>
      <object_component id="oc-249">
         <name>.text.prvAddCurrentTaskToDelayedList</name>
         <load_address>0x3e44</load_address>
         <readonly>true</readonly>
         <executable>true</executable>
         <run_address>0x3e44</run_address>
         <size>0xe4</size>
         <alignment>0x4</alignment>
         <input_file_ref idref="fl-22"/>
      </object_component>
      <object_component id="oc-26c">
         <name>.text.xQueueGenericReset</name>
         <load_address>0x3f28</load_address>
         <readonly>true</readonly>
         <executable>true</executable>
         <run_address>0x3f28</run_address>
         <size>0xe4</size>
         <alignment>0x2</alignment>
         <input_file_ref idref="fl-21"/>
      </object_component>
      <object_component id="oc-1ec">
         <name>.text.DL_MCAN_init</name>
         <load_address>0x400c</load_address>
         <readonly>true</readonly>
         <executable>true</executable>
         <run_address>0x400c</run_address>
         <size>0xdc</size>
         <alignment>0x4</alignment>
         <input_file_ref idref="fl-31"/>
      </object_component>
      <object_component id="oc-1d4">
         <name>.text.DL_SYSCTL_configSYSPLL</name>
         <load_address>0x40e8</load_address>
         <readonly>true</readonly>
         <executable>true</executable>
         <run_address>0x40e8</run_address>
         <size>0xdc</size>
         <alignment>0x4</alignment>
         <input_file_ref idref="fl-34"/>
      </object_component>
      <object_component id="oc-2b5">
         <name>.text.DMAMSPM0_init</name>
         <load_address>0x41c4</load_address>
         <readonly>true</readonly>
         <executable>true</executable>
         <run_address>0x41c4</run_address>
         <size>0xdc</size>
         <alignment>0x4</alignment>
         <input_file_ref idref="fl-1a"/>
      </object_component>
      <object_component id="oc-1ee">
         <name>.text.DL_MCAN_setBitTime</name>
         <load_address>0x42a0</load_address>
         <readonly>true</readonly>
         <executable>true</executable>
         <run_address>0x42a0</run_address>
         <size>0xd8</size>
         <alignment>0x4</alignment>
         <input_file_ref idref="fl-31"/>
      </object_component>
      <object_component id="oc-174">
         <name>.text.SYSCFG_DL_MCAN0_init</name>
         <load_address>0x4378</load_address>
         <readonly>true</readonly>
         <executable>true</executable>
         <run_address>0x4378</run_address>
         <size>0xd4</size>
         <alignment>0x4</alignment>
         <input_file_ref idref="fl-7"/>
      </object_component>
      <object_component id="oc-1b9">
         <name>.text.prvCopyDataToQueue</name>
         <load_address>0x444c</load_address>
         <readonly>true</readonly>
         <executable>true</executable>
         <run_address>0x444c</run_address>
         <size>0xd4</size>
         <alignment>0x2</alignment>
         <input_file_ref idref="fl-21"/>
      </object_component>
      <object_component id="oc-182">
         <name>.text.prvCreateIdleTasks</name>
         <load_address>0x4520</load_address>
         <readonly>true</readonly>
         <executable>true</executable>
         <run_address>0x4520</run_address>
         <size>0xcc</size>
         <alignment>0x4</alignment>
         <input_file_ref idref="fl-22"/>
      </object_component>
      <object_component id="oc-2b6">
         <name>.text.DMAMSPM0_open</name>
         <load_address>0x45ec</load_address>
         <readonly>true</readonly>
         <executable>true</executable>
         <run_address>0x45ec</run_address>
         <size>0xc0</size>
         <alignment>0x4</alignment>
         <input_file_ref idref="fl-1a"/>
      </object_component>
      <object_component id="oc-218">
         <name>.text.HwiP_construct</name>
         <load_address>0x46ac</load_address>
         <readonly>true</readonly>
         <executable>true</executable>
         <run_address>0x46ac</run_address>
         <size>0xbc</size>
         <alignment>0x4</alignment>
         <input_file_ref idref="fl-1f"/>
      </object_component>
      <object_component id="oc-1bf">
         <name>.text.prvUnlockQueue</name>
         <load_address>0x4768</load_address>
         <readonly>true</readonly>
         <executable>true</executable>
         <run_address>0x4768</run_address>
         <size>0xb6</size>
         <alignment>0x2</alignment>
         <input_file_ref idref="fl-21"/>
      </object_component>
      <object_component id="oc-c3">
         <name>.text.__aeabi_idiv0</name>
         <load_address>0x481e</load_address>
         <readonly>true</readonly>
         <executable>true</executable>
         <run_address>0x481e</run_address>
         <size>0x2</size>
         <alignment>0x2</alignment>
         <input_file_ref idref="fl-ff"/>
      </object_component>
      <object_component id="oc-262">
         <name>.text.UART_writeCallback</name>
         <load_address>0x4820</load_address>
         <readonly>true</readonly>
         <executable>true</executable>
         <run_address>0x4820</run_address>
         <size>0xb4</size>
         <alignment>0x4</alignment>
         <input_file_ref idref="fl-1d"/>
      </object_component>
      <object_component id="oc-1bc">
         <name>.text.xTaskCheckForTimeOut</name>
         <load_address>0x48d4</load_address>
         <readonly>true</readonly>
         <executable>true</executable>
         <run_address>0x48d4</run_address>
         <size>0xb4</size>
         <alignment>0x4</alignment>
         <input_file_ref idref="fl-22"/>
      </object_component>
      <object_component id="oc-28f">
         <name>.text.GPIO_setInterruptConfig</name>
         <load_address>0x4988</load_address>
         <readonly>true</readonly>
         <executable>true</executable>
         <run_address>0x4988</run_address>
         <size>0xac</size>
         <alignment>0x4</alignment>
         <input_file_ref idref="fl-1e"/>
      </object_component>
      <object_component id="oc-255">
         <name>.text.DMA_Init</name>
         <load_address>0x4a34</load_address>
         <readonly>true</readonly>
         <executable>true</executable>
         <run_address>0x4a34</run_address>
         <size>0xa8</size>
         <alignment>0x4</alignment>
         <input_file_ref idref="fl-1a"/>
      </object_component>
      <object_component id="oc-173">
         <name>.text.SYSCFG_DL_I2C_0_init</name>
         <load_address>0x4adc</load_address>
         <readonly>true</readonly>
         <executable>true</executable>
         <run_address>0x4adc</run_address>
         <size>0xa8</size>
         <alignment>0x4</alignment>
         <input_file_ref idref="fl-7"/>
      </object_component>
      <object_component id="oc-1c5">
         <name>.text.UARTMSP_txChar</name>
         <load_address>0x4b84</load_address>
         <readonly>true</readonly>
         <executable>true</executable>
         <run_address>0x4b84</run_address>
         <size>0xa4</size>
         <alignment>0x4</alignment>
         <input_file_ref idref="fl-19"/>
      </object_component>
      <object_component id="oc-2ff">
         <name>.text</name>
         <load_address>0x4c28</load_address>
         <readonly>true</readonly>
         <executable>true</executable>
         <run_address>0x4c28</run_address>
         <size>0xa2</size>
         <alignment>0x4</alignment>
         <input_file_ref idref="fl-fc"/>
      </object_component>
      <object_component id="oc-313">
         <name>.text.__aeabi_ldiv0</name>
         <load_address>0x4cca</load_address>
         <readonly>true</readonly>
         <executable>true</executable>
         <run_address>0x4cca</run_address>
         <size>0x2</size>
         <alignment>0x2</alignment>
         <input_file_ref idref="fl-ff"/>
      </object_component>
      <object_component id="oc-b9">
         <name>.text.prvHeapInit</name>
         <load_address>0x4ccc</load_address>
         <readonly>true</readonly>
         <executable>true</executable>
         <run_address>0x4ccc</run_address>
         <size>0xa0</size>
         <alignment>0x4</alignment>
         <input_file_ref idref="fl-2b"/>
      </object_component>
      <object_component id="oc-27f">
         <name>.text.xQueueGenericCreateStatic</name>
         <load_address>0x4d6c</load_address>
         <readonly>true</readonly>
         <executable>true</executable>
         <run_address>0x4d6c</run_address>
         <size>0xa0</size>
         <alignment>0x2</alignment>
         <input_file_ref idref="fl-21"/>
      </object_component>
      <object_component id="oc-2a7">
         <name>.text.I2CMSPM0_completeTransfer</name>
         <load_address>0x4e0c</load_address>
         <readonly>true</readonly>
         <executable>true</executable>
         <run_address>0x4e0c</run_address>
         <size>0x9c</size>
         <alignment>0x4</alignment>
         <input_file_ref idref="fl-18"/>
      </object_component>
      <object_component id="oc-120">
         <name>.text:memcpy</name>
         <load_address>0x4ea8</load_address>
         <readonly>true</readonly>
         <executable>true</executable>
         <run_address>0x4ea8</run_address>
         <size>0x9a</size>
         <alignment>0x1</alignment>
         <input_file_ref idref="fl-100"/>
      </object_component>
      <object_component id="oc-261">
         <name>.text.UART_writeBuffered</name>
         <load_address>0x4f42</load_address>
         <readonly>true</readonly>
         <executable>true</executable>
         <run_address>0x4f42</run_address>
         <size>0x98</size>
         <alignment>0x2</alignment>
         <input_file_ref idref="fl-1d"/>
      </object_component>
      <object_component id="oc-27a">
         <name>.text.prvCreateStaticTask</name>
         <load_address>0x4fda</load_address>
         <readonly>true</readonly>
         <executable>true</executable>
         <run_address>0x4fda</run_address>
         <size>0x98</size>
         <alignment>0x2</alignment>
         <input_file_ref idref="fl-22"/>
      </object_component>
      <object_component id="oc-17c">
         <name>.text.xQueueGenericCreate</name>
         <load_address>0x5072</load_address>
         <readonly>true</readonly>
         <executable>true</executable>
         <run_address>0x5072</run_address>
         <size>0x94</size>
         <alignment>0x2</alignment>
         <input_file_ref idref="fl-21"/>
      </object_component>
      <object_component id="oc-298">
         <name>.text.DL_Interrupt_registerInterrupt</name>
         <load_address>0x5108</load_address>
         <readonly>true</readonly>
         <executable>true</executable>
         <run_address>0x5108</run_address>
         <size>0x90</size>
         <alignment>0x4</alignment>
         <input_file_ref idref="fl-33"/>
      </object_component>
      <object_component id="oc-f9">
         <name>.text.DMAMSPM0_setupTransfer</name>
         <load_address>0x5198</load_address>
         <readonly>true</readonly>
         <executable>true</executable>
         <run_address>0x5198</run_address>
         <size>0x90</size>
         <alignment>0x4</alignment>
         <input_file_ref idref="fl-1a"/>
      </object_component>
      <object_component id="oc-289">
         <name>.text.prvProcessTimerOrBlockTask</name>
         <load_address>0x5228</load_address>
         <readonly>true</readonly>
         <executable>true</executable>
         <run_address>0x5228</run_address>
         <size>0x8c</size>
         <alignment>0x4</alignment>
         <input_file_ref idref="fl-23"/>
      </object_component>
      <object_component id="oc-273">
         <name>.text.removeThreadKeys</name>
         <load_address>0x52b4</load_address>
         <readonly>true</readonly>
         <executable>true</executable>
         <run_address>0x52b4</run_address>
         <size>0x8c</size>
         <alignment>0x2</alignment>
         <input_file_ref idref="fl-28"/>
      </object_component>
      <object_component id="oc-25c">
         <name>.text.SemaphoreP_pend</name>
         <load_address>0x5340</load_address>
         <readonly>true</readonly>
         <executable>true</executable>
         <run_address>0x5340</run_address>
         <size>0x8a</size>
         <alignment>0x2</alignment>
         <input_file_ref idref="fl-20"/>
      </object_component>
      <object_component id="oc-25b">
         <name>.text.DMAMSPM0_close</name>
         <load_address>0x53cc</load_address>
         <readonly>true</readonly>
         <executable>true</executable>
         <run_address>0x53cc</run_address>
         <size>0x88</size>
         <alignment>0x4</alignment>
         <input_file_ref idref="fl-1a"/>
      </object_component>
      <object_component id="oc-29e">
         <name>.text.__NVIC_SetPriority</name>
         <load_address>0x5454</load_address>
         <readonly>true</readonly>
         <executable>true</executable>
         <run_address>0x5454</run_address>
         <size>0x84</size>
         <alignment>0x4</alignment>
         <input_file_ref idref="fl-1f"/>
      </object_component>
      <object_component id="oc-1f7">
         <name>.text.prvCreateTask</name>
         <load_address>0x54d8</load_address>
         <readonly>true</readonly>
         <executable>true</executable>
         <run_address>0x54d8</run_address>
         <size>0x84</size>
         <alignment>0x2</alignment>
         <input_file_ref idref="fl-22"/>
      </object_component>
      <object_component id="oc-2e3">
         <name>.text.prvInsertTimerInActiveList</name>
         <load_address>0x555c</load_address>
         <readonly>true</readonly>
         <executable>true</executable>
         <run_address>0x555c</run_address>
         <size>0x84</size>
         <alignment>0x4</alignment>
         <input_file_ref idref="fl-23"/>
      </object_component>
      <object_component id="oc-2de">
         <name>.text.vTaskStepTick</name>
         <load_address>0x55e0</load_address>
         <readonly>true</readonly>
         <executable>true</executable>
         <run_address>0x55e0</run_address>
         <size>0x84</size>
         <alignment>0x4</alignment>
         <input_file_ref idref="fl-22"/>
      </object_component>
      <object_component id="oc-254">
         <name>.text.DL_UART_configBaudRate</name>
         <load_address>0x5664</load_address>
         <readonly>true</readonly>
         <executable>true</executable>
         <run_address>0x5664</run_address>
         <size>0x80</size>
         <alignment>0x4</alignment>
         <input_file_ref idref="fl-32"/>
      </object_component>
      <object_component id="oc-188">
         <name>.text.xPortStartScheduler</name>
         <load_address>0x56e4</load_address>
         <readonly>true</readonly>
         <executable>true</executable>
         <run_address>0x56e4</run_address>
         <size>0x80</size>
         <alignment>0x4</alignment>
         <input_file_ref idref="fl-24"/>
      </object_component>
      <object_component id="oc-2a">
         <name>.text.calloc</name>
         <load_address>0x5764</load_address>
         <readonly>true</readonly>
         <executable>true</executable>
         <run_address>0x5764</run_address>
         <size>0x7c</size>
         <alignment>0x2</alignment>
         <input_file_ref idref="fl-27"/>
      </object_component>
      <object_component id="oc-2dd">
         <name>.text.eTaskConfirmSleepModeStatus</name>
         <load_address>0x57e0</load_address>
         <readonly>true</readonly>
         <executable>true</executable>
         <run_address>0x57e0</run_address>
         <size>0x7c</size>
         <alignment>0x4</alignment>
         <input_file_ref idref="fl-22"/>
      </object_component>
      <object_component id="oc-26e">
         <name>.text.prvInitialiseTaskLists</name>
         <load_address>0x585c</load_address>
         <readonly>true</readonly>
         <executable>true</executable>
         <run_address>0x585c</run_address>
         <size>0x7c</size>
         <alignment>0x4</alignment>
         <input_file_ref idref="fl-22"/>
      </object_component>
      <object_component id="oc-183">
         <name>.text.xTimerCreateTimerTask</name>
         <load_address>0x58d8</load_address>
         <readonly>true</readonly>
         <executable>true</executable>
         <run_address>0x58d8</run_address>
         <size>0x7c</size>
         <alignment>0x4</alignment>
         <input_file_ref idref="fl-23"/>
      </object_component>
      <object_component id="oc-31">
         <name>.text:decompress:lzss</name>
         <load_address>0x5954</load_address>
         <readonly>true</readonly>
         <executable>true</executable>
         <run_address>0x5954</run_address>
         <size>0x7c</size>
         <alignment>0x4</alignment>
         <input_file_ref idref="fl-52"/>
      </object_component>
      <object_component id="oc-25e">
         <name>.text.UARTMSP_enableInts</name>
         <load_address>0x59d0</load_address>
         <readonly>true</readonly>
         <executable>true</executable>
         <run_address>0x59d0</run_address>
         <size>0x78</size>
         <alignment>0x4</alignment>
         <input_file_ref idref="fl-19"/>
      </object_component>
      <object_component id="oc-27c">
         <name>.text.prvGetExpectedIdleTime</name>
         <load_address>0x5a48</load_address>
         <readonly>true</readonly>
         <executable>true</executable>
         <run_address>0x5a48</run_address>
         <size>0x78</size>
         <alignment>0x4</alignment>
         <input_file_ref idref="fl-22"/>
      </object_component>
      <object_component id="oc-2ef">
         <name>.text.I2CSupport_primeTransfer</name>
         <load_address>0x5ac0</load_address>
         <readonly>true</readonly>
         <executable>true</executable>
         <run_address>0x5ac0</run_address>
         <size>0x74</size>
         <alignment>0x4</alignment>
         <input_file_ref idref="fl-18"/>
      </object_component>
      <object_component id="oc-30c">
         <name>.text.vTaskPlaceOnEventListRestricted</name>
         <load_address>0x5b34</load_address>
         <readonly>true</readonly>
         <executable>true</executable>
         <run_address>0x5b34</run_address>
         <size>0x74</size>
         <alignment>0x4</alignment>
         <input_file_ref idref="fl-22"/>
      </object_component>
      <object_component id="oc-1f9">
         <name>.text.pthread_exit</name>
         <load_address>0x5ba8</load_address>
         <readonly>true</readonly>
         <executable>true</executable>
         <run_address>0x5ba8</run_address>
         <size>0x6e</size>
         <alignment>0x2</alignment>
         <input_file_ref idref="fl-28"/>
      </object_component>
      <object_component id="oc-203">
         <name>.text.prvCheckForValidListAndQueue</name>
         <load_address>0x5c18</load_address>
         <readonly>true</readonly>
         <executable>true</executable>
         <run_address>0x5c18</run_address>
         <size>0x6c</size>
         <alignment>0x4</alignment>
         <input_file_ref idref="fl-23"/>
      </object_component>
      <object_component id="oc-244">
         <name>.text.vListInsert</name>
         <load_address>0x5c84</load_address>
         <readonly>true</readonly>
         <executable>true</executable>
         <run_address>0x5c84</run_address>
         <size>0x6c</size>
         <alignment>0x2</alignment>
         <input_file_ref idref="fl-2c"/>
      </object_component>
      <object_component id="oc-2e1">
         <name>.text.vQueueWaitForMessageRestricted</name>
         <load_address>0x5cf0</load_address>
         <readonly>true</readonly>
         <executable>true</executable>
         <run_address>0x5cf0</run_address>
         <size>0x6a</size>
         <alignment>0x2</alignment>
         <input_file_ref idref="fl-21"/>
      </object_component>
      <object_component id="oc-1c4">
         <name>.text.UARTMSP_disable</name>
         <load_address>0x5d5c</load_address>
         <readonly>true</readonly>
         <executable>true</executable>
         <run_address>0x5d5c</run_address>
         <size>0x68</size>
         <alignment>0x4</alignment>
         <input_file_ref idref="fl-19"/>
      </object_component>
      <object_component id="oc-131">
         <name>.text.vTaskStartScheduler</name>
         <load_address>0x5dc4</load_address>
         <readonly>true</readonly>
         <executable>true</executable>
         <run_address>0x5dc4</run_address>
         <size>0x68</size>
         <alignment>0x4</alignment>
         <input_file_ref idref="fl-22"/>
      </object_component>
      <object_component id="oc-11a">
         <name>.text:memset</name>
         <load_address>0x5e2c</load_address>
         <readonly>true</readonly>
         <executable>true</executable>
         <run_address>0x5e2c</run_address>
         <size>0x62</size>
         <alignment>0x1</alignment>
         <input_file_ref idref="fl-101"/>
      </object_component>
      <object_component id="oc-109">
         <name>.text.pvTaskGetThreadLocalStoragePointer</name>
         <load_address>0x5e90</load_address>
         <readonly>true</readonly>
         <executable>true</executable>
         <run_address>0x5e90</run_address>
         <size>0x60</size>
         <alignment>0x4</alignment>
         <input_file_ref idref="fl-22"/>
      </object_component>
      <object_component id="oc-2a5">
         <name>.text.DL_I2C_fillControllerTXFIFO</name>
         <load_address>0x5ef0</load_address>
         <readonly>true</readonly>
         <executable>true</executable>
         <run_address>0x5ef0</run_address>
         <size>0x5e</size>
         <alignment>0x2</alignment>
         <input_file_ref idref="fl-30"/>
      </object_component>
      <object_component id="oc-132">
         <name>.text.mainThread</name>
         <load_address>0x5f50</load_address>
         <readonly>true</readonly>
         <executable>true</executable>
         <run_address>0x5f50</run_address>
         <size>0x5c</size>
         <alignment>0x4</alignment>
         <input_file_ref idref="fl-4"/>
      </object_component>
      <object_component id="oc-201">
         <name>.text.prvIdleTask</name>
         <load_address>0x5fac</load_address>
         <readonly>true</readonly>
         <executable>true</executable>
         <run_address>0x5fac</run_address>
         <size>0x5c</size>
         <alignment>0x4</alignment>
         <input_file_ref idref="fl-22"/>
      </object_component>
      <object_component id="oc-271">
         <name>.text.pthread_setcancelstate</name>
         <load_address>0x6008</load_address>
         <readonly>true</readonly>
         <executable>true</executable>
         <run_address>0x6008</run_address>
         <size>0x5a</size>
         <alignment>0x2</alignment>
         <input_file_ref idref="fl-28"/>
      </object_component>
      <object_component id="oc-2e8">
         <name>.text.__clzsi2</name>
         <load_address>0x6062</load_address>
         <readonly>true</readonly>
         <executable>true</executable>
         <run_address>0x6062</run_address>
         <size>0x58</size>
         <alignment>0x2</alignment>
         <input_file_ref idref="fl-f7"/>
      </object_component>
      <object_component id="oc-d5">
         <name>.text.main</name>
         <load_address>0x60bc</load_address>
         <readonly>true</readonly>
         <executable>true</executable>
         <run_address>0x60bc</run_address>
         <size>0x58</size>
         <alignment>0x4</alignment>
         <input_file_ref idref="fl-5"/>
      </object_component>
      <object_component id="oc-10c">
         <name>.text.vTaskSetThreadLocalStoragePointer</name>
         <load_address>0x6114</load_address>
         <readonly>true</readonly>
         <executable>true</executable>
         <run_address>0x6114</run_address>
         <size>0x58</size>
         <alignment>0x4</alignment>
         <input_file_ref idref="fl-22"/>
      </object_component>
      <object_component id="oc-67">
         <name>.text.__aeabi_errno_addr</name>
         <load_address>0x616c</load_address>
         <readonly>true</readonly>
         <executable>true</executable>
         <run_address>0x616c</run_address>
         <size>0x54</size>
         <alignment>0x4</alignment>
         <input_file_ref idref="fl-2d"/>
      </object_component>
      <object_component id="oc-20b">
         <name>.text.vPortSetupTimerInterrupt</name>
         <load_address>0x61c0</load_address>
         <readonly>true</readonly>
         <executable>true</executable>
         <run_address>0x61c0</run_address>
         <size>0x54</size>
         <alignment>0x4</alignment>
         <input_file_ref idref="fl-24"/>
      </object_component>
      <object_component id="oc-2a9">
         <name>.text.I2CMSPM0_readReceiveFifo</name>
         <load_address>0x6214</load_address>
         <readonly>true</readonly>
         <executable>true</executable>
         <run_address>0x6214</run_address>
         <size>0x50</size>
         <alignment>0x4</alignment>
         <input_file_ref idref="fl-18"/>
      </object_component>
      <object_component id="oc-27b">
         <name>.text.prvCheckTasksWaitingTermination</name>
         <load_address>0x6264</load_address>
         <readonly>true</readonly>
         <executable>true</executable>
         <run_address>0x6264</run_address>
         <size>0x50</size>
         <alignment>0x4</alignment>
         <input_file_ref idref="fl-22"/>
      </object_component>
      <object_component id="oc-2db">
         <name>.text.prvDeleteTCB</name>
         <load_address>0x62b4</load_address>
         <readonly>true</readonly>
         <executable>true</executable>
         <run_address>0x62b4</run_address>
         <size>0x50</size>
         <alignment>0x2</alignment>
         <input_file_ref idref="fl-22"/>
      </object_component>
      <object_component id="oc-2e0">
         <name>.text.prvProcessExpiredTimer</name>
         <load_address>0x6304</load_address>
         <readonly>true</readonly>
         <executable>true</executable>
         <run_address>0x6304</run_address>
         <size>0x50</size>
         <alignment>0x4</alignment>
         <input_file_ref idref="fl-23"/>
      </object_component>
      <object_component id="oc-15a">
         <name>.text.DL_DMA_initChannel</name>
         <load_address>0x6354</load_address>
         <readonly>true</readonly>
         <executable>true</executable>
         <run_address>0x6354</run_address>
         <size>0x4c</size>
         <alignment>0x4</alignment>
         <input_file_ref idref="fl-2f"/>
      </object_component>
      <object_component id="oc-171">
         <name>.text.SYSCFG_DL_SYSCTL_init</name>
         <load_address>0x63a0</load_address>
         <readonly>true</readonly>
         <executable>true</executable>
         <run_address>0x63a0</run_address>
         <size>0x4c</size>
         <alignment>0x4</alignment>
         <input_file_ref idref="fl-7"/>
      </object_component>
      <object_component id="oc-1ff">
         <name>.text.xTaskCreateStatic</name>
         <load_address>0x63ec</load_address>
         <readonly>true</readonly>
         <executable>true</executable>
         <run_address>0x63ec</run_address>
         <size>0x4c</size>
         <alignment>0x2</alignment>
         <input_file_ref idref="fl-22"/>
      </object_component>
      <object_component id="oc-25">
         <name>.text.malloc</name>
         <load_address>0x6438</load_address>
         <readonly>true</readonly>
         <executable>true</executable>
         <run_address>0x6438</run_address>
         <size>0x4a</size>
         <alignment>0x2</alignment>
         <input_file_ref idref="fl-27"/>
      </object_component>
      <object_component id="oc-253">
         <name>.text.DL_UART_init</name>
         <load_address>0x6484</load_address>
         <readonly>true</readonly>
         <executable>true</executable>
         <run_address>0x6484</run_address>
         <size>0x48</size>
         <alignment>0x4</alignment>
         <input_file_ref idref="fl-32"/>
      </object_component>
      <object_component id="oc-2af">
         <name>.text.uxListRemove</name>
         <load_address>0x64cc</load_address>
         <readonly>true</readonly>
         <executable>true</executable>
         <run_address>0x64cc</run_address>
         <size>0x48</size>
         <alignment>0x2</alignment>
         <input_file_ref idref="fl-2c"/>
      </object_component>
      <object_component id="oc-17d">
         <name>.text.xTaskCreate</name>
         <load_address>0x6514</load_address>
         <readonly>true</readonly>
         <executable>true</executable>
         <run_address>0x6514</run_address>
         <size>0x48</size>
         <alignment>0x2</alignment>
         <input_file_ref idref="fl-22"/>
      </object_component>
      <object_component id="oc-2d8">
         <name>.text.xTaskGetApplicationTaskTag</name>
         <load_address>0x655c</load_address>
         <readonly>true</readonly>
         <executable>true</executable>
         <run_address>0x655c</run_address>
         <size>0x48</size>
         <alignment>0x4</alignment>
         <input_file_ref idref="fl-22"/>
      </object_component>
      <object_component id="oc-e7">
         <name>.text.RingBuf_put</name>
         <load_address>0x65a4</load_address>
         <readonly>true</readonly>
         <executable>true</executable>
         <run_address>0x65a4</run_address>
         <size>0x46</size>
         <alignment>0x2</alignment>
         <input_file_ref idref="fl-1b"/>
      </object_component>
      <object_component id="oc-1f6">
         <name>.text.prvInitialiseNewQueue</name>
         <load_address>0x65ea</load_address>
         <readonly>true</readonly>
         <executable>true</executable>
         <run_address>0x65ea</run_address>
         <size>0x46</size>
         <alignment>0x2</alignment>
         <input_file_ref idref="fl-21"/>
      </object_component>
      <object_component id="oc-1e8">
         <name>.text.DL_MCAN_getRevisionId</name>
         <load_address>0x6630</load_address>
         <readonly>true</readonly>
         <executable>true</executable>
         <run_address>0x6630</run_address>
         <size>0x44</size>
         <alignment>0x2</alignment>
         <input_file_ref idref="fl-31"/>
      </object_component>
      <object_component id="oc-28e">
         <name>.text.HwiP_create</name>
         <load_address>0x6674</load_address>
         <readonly>true</readonly>
         <executable>true</executable>
         <run_address>0x6674</run_address>
         <size>0x44</size>
         <alignment>0x2</alignment>
         <input_file_ref idref="fl-1f"/>
      </object_component>
      <object_component id="oc-85">
         <name>.text.__aeabi_memcpy</name>
         <load_address>0x66b8</load_address>
         <readonly>true</readonly>
         <executable>true</executable>
         <run_address>0x66b8</run_address>
         <size>0x8</size>
         <alignment>0x4</alignment>
         <input_file_ref idref="fl-f8"/>
      </object_component>
      <object_component id="oc-4f">
         <name>.text.PendSV_Handler</name>
         <load_address>0x66c0</load_address>
         <readonly>true</readonly>
         <executable>true</executable>
         <run_address>0x66c0</run_address>
         <size>0x44</size>
         <alignment>0x10</alignment>
         <input_file_ref idref="fl-25"/>
      </object_component>
      <object_component id="oc-170">
         <name>.text.SYSCFG_DL_GPIO_init</name>
         <load_address>0x6704</load_address>
         <readonly>true</readonly>
         <executable>true</executable>
         <run_address>0x6704</run_address>
         <size>0x44</size>
         <alignment>0x4</alignment>
         <input_file_ref idref="fl-7"/>
      </object_component>
      <object_component id="oc-2f7">
         <name>.text.prvCopyDataFromQueue</name>
         <load_address>0x6748</load_address>
         <readonly>true</readonly>
         <executable>true</executable>
         <run_address>0x6748</run_address>
         <size>0x44</size>
         <alignment>0x2</alignment>
         <input_file_ref idref="fl-21"/>
      </object_component>
      <object_component id="oc-30a">
         <name>.text.prvSwitchTimerLists</name>
         <load_address>0x678c</load_address>
         <readonly>true</readonly>
         <executable>true</executable>
         <run_address>0x678c</run_address>
         <size>0x44</size>
         <alignment>0x4</alignment>
         <input_file_ref idref="fl-23"/>
      </object_component>
      <object_component id="oc-fa">
         <name>.text.RingBuf_get</name>
         <load_address>0x67d0</load_address>
         <readonly>true</readonly>
         <executable>true</executable>
         <run_address>0x67d0</run_address>
         <size>0x42</size>
         <alignment>0x2</alignment>
         <input_file_ref idref="fl-1b"/>
      </object_component>
      <object_component id="oc-219">
         <name>.text.SemaphoreP_constructBinary</name>
         <load_address>0x6812</load_address>
         <readonly>true</readonly>
         <executable>true</executable>
         <run_address>0x6812</run_address>
         <size>0x40</size>
         <alignment>0x2</alignment>
         <input_file_ref idref="fl-20"/>
      </object_component>
      <object_component id="oc-72">
         <name>.text.__aeabi_uidivmod</name>
         <load_address>0x6854</load_address>
         <readonly>true</readonly>
         <executable>true</executable>
         <run_address>0x6854</run_address>
         <size>0x40</size>
         <alignment>0x4</alignment>
         <input_file_ref idref="fl-fa"/>
      </object_component>
      <object_component id="oc-f4">
         <name>.text.RingBuf_putAdvance</name>
         <load_address>0x6894</load_address>
         <readonly>true</readonly>
         <executable>true</executable>
         <run_address>0x6894</run_address>
         <size>0x3e</size>
         <alignment>0x2</alignment>
         <input_file_ref idref="fl-1b"/>
      </object_component>
      <object_component id="oc-1cc">
         <name>.text.UART_writeFullFeatured</name>
         <load_address>0x68d2</load_address>
         <readonly>true</readonly>
         <executable>true</executable>
         <run_address>0x68d2</run_address>
         <size>0x3e</size>
         <alignment>0x2</alignment>
         <input_file_ref idref="fl-1d"/>
      </object_component>
      <object_component id="oc-21a">
         <name>.text.DL_I2C_flushControllerTXFIFO</name>
         <load_address>0x6910</load_address>
         <readonly>true</readonly>
         <executable>true</executable>
         <run_address>0x6910</run_address>
         <size>0x3c</size>
         <alignment>0x4</alignment>
         <input_file_ref idref="fl-30"/>
      </object_component>
      <object_component id="oc-2df">
         <name>.text.prvSampleTimeNow</name>
         <load_address>0x694c</load_address>
         <readonly>true</readonly>
         <executable>true</executable>
         <run_address>0x694c</run_address>
         <size>0x3c</size>
         <alignment>0x4</alignment>
         <input_file_ref idref="fl-23"/>
      </object_component>
      <object_component id="oc-13d">
         <name>.text:__TI_auto_init_nobinit_nopinit</name>
         <load_address>0x6988</load_address>
         <readonly>true</readonly>
         <executable>true</executable>
         <run_address>0x6988</run_address>
         <size>0x3c</size>
         <alignment>0x4</alignment>
         <input_file_ref idref="fl-4d"/>
      </object_component>
      <object_component id="oc-2fa">
         <name>.text.__muldsi3</name>
         <load_address>0x69c4</load_address>
         <readonly>true</readonly>
         <executable>true</executable>
         <run_address>0x69c4</run_address>
         <size>0x3a</size>
         <alignment>0x4</alignment>
         <input_file_ref idref="fl-fd"/>
      </object_component>
      <object_component id="oc-2d9">
         <name>.text.vListInsertEnd</name>
         <load_address>0x69fe</load_address>
         <readonly>true</readonly>
         <executable>true</executable>
         <run_address>0x69fe</run_address>
         <size>0x3a</size>
         <alignment>0x2</alignment>
         <input_file_ref idref="fl-2c"/>
      </object_component>
      <object_component id="oc-2a2">
         <name>.text.HwiP_dispatch</name>
         <load_address>0x6a38</load_address>
         <readonly>true</readonly>
         <executable>true</executable>
         <run_address>0x6a38</run_address>
         <size>0x38</size>
         <alignment>0x4</alignment>
         <input_file_ref idref="fl-1f"/>
      </object_component>
      <object_component id="oc-f8">
         <name>.text.RingBuf_putPointer</name>
         <load_address>0x6a70</load_address>
         <readonly>true</readonly>
         <executable>true</executable>
         <run_address>0x6a70</run_address>
         <size>0x38</size>
         <alignment>0x2</alignment>
         <input_file_ref idref="fl-1b"/>
      </object_component>
      <object_component id="oc-24c">
         <name>.text.SemaphoreP_createBinary</name>
         <load_address>0x6aa8</load_address>
         <readonly>true</readonly>
         <executable>true</executable>
         <run_address>0x6aa8</run_address>
         <size>0x38</size>
         <alignment>0x2</alignment>
         <input_file_ref idref="fl-20"/>
      </object_component>
      <object_component id="oc-288">
         <name>.text.prvGetNextExpireTime</name>
         <load_address>0x6ae0</load_address>
         <readonly>true</readonly>
         <executable>true</executable>
         <run_address>0x6ae0</run_address>
         <size>0x38</size>
         <alignment>0x4</alignment>
         <input_file_ref idref="fl-23"/>
      </object_component>
      <object_component id="oc-ae">
         <name>.text.xTaskGetSchedulerState</name>
         <load_address>0x6b18</load_address>
         <readonly>true</readonly>
         <executable>true</executable>
         <run_address>0x6b18</run_address>
         <size>0x38</size>
         <alignment>0x4</alignment>
         <input_file_ref idref="fl-22"/>
      </object_component>
      <object_component id="oc-2e4">
         <name>.text.prvReloadTimer</name>
         <load_address>0x6b50</load_address>
         <readonly>true</readonly>
         <executable>true</executable>
         <run_address>0x6b50</run_address>
         <size>0x36</size>
         <alignment>0x2</alignment>
         <input_file_ref idref="fl-23"/>
      </object_component>
      <object_component id="oc-234">
         <name>.text.DL_MCAN_TXBufAddReq</name>
         <load_address>0x6b88</load_address>
         <readonly>true</readonly>
         <executable>true</executable>
         <run_address>0x6b88</run_address>
         <size>0x34</size>
         <alignment>0x4</alignment>
         <input_file_ref idref="fl-31"/>
      </object_component>
      <object_component id="oc-1f0">
         <name>.text.DL_MCAN_setExtIDAndMask</name>
         <load_address>0x6bbc</load_address>
         <readonly>true</readonly>
         <executable>true</executable>
         <run_address>0x6bbc</run_address>
         <size>0x34</size>
         <alignment>0x4</alignment>
         <input_file_ref idref="fl-31"/>
      </object_component>
      <object_component id="oc-14f">
         <name>.text.HwiP_disable</name>
         <load_address>0x6bf0</load_address>
         <readonly>true</readonly>
         <executable>true</executable>
         <run_address>0x6bf0</run_address>
         <size>0x34</size>
         <alignment>0x4</alignment>
         <input_file_ref idref="fl-1f"/>
      </object_component>
      <object_component id="oc-f7">
         <name>.text.RingBuf_getConsume</name>
         <load_address>0x6c24</load_address>
         <readonly>true</readonly>
         <executable>true</executable>
         <run_address>0x6c24</run_address>
         <size>0x34</size>
         <alignment>0x2</alignment>
         <input_file_ref idref="fl-1b"/>
      </object_component>
      <object_component id="oc-16f">
         <name>.text.SYSCFG_DL_initPower</name>
         <load_address>0x6c58</load_address>
         <readonly>true</readonly>
         <executable>true</executable>
         <run_address>0x6c58</run_address>
         <size>0x34</size>
         <alignment>0x4</alignment>
         <input_file_ref idref="fl-7"/>
      </object_component>
      <object_component id="oc-2b9">
         <name>.text.__NVIC_DisableIRQ</name>
         <load_address>0x6c8c</load_address>
         <readonly>true</readonly>
         <executable>true</executable>
         <run_address>0x6c8c</run_address>
         <size>0x34</size>
         <alignment>0x4</alignment>
         <input_file_ref idref="fl-1f"/>
      </object_component>
      <object_component id="oc-12d">
         <name>.text.pthread_attr_setschedparam</name>
         <load_address>0x6cc0</load_address>
         <readonly>true</readonly>
         <executable>true</executable>
         <run_address>0x6cc0</run_address>
         <size>0x34</size>
         <alignment>0x2</alignment>
         <input_file_ref idref="fl-28"/>
      </object_component>
      <object_component id="oc-1be">
         <name>.text.vTaskPlaceOnEventList</name>
         <load_address>0x6cf4</load_address>
         <readonly>true</readonly>
         <executable>true</executable>
         <run_address>0x6cf4</run_address>
         <size>0x34</size>
         <alignment>0x4</alignment>
         <input_file_ref idref="fl-22"/>
      </object_component>
      <object_component id="oc-17e">
         <name>.text.vTaskSetApplicationTaskTag</name>
         <load_address>0x6d28</load_address>
         <readonly>true</readonly>
         <executable>true</executable>
         <run_address>0x6d28</run_address>
         <size>0x34</size>
         <alignment>0x4</alignment>
         <input_file_ref idref="fl-22"/>
      </object_component>
      <object_component id="oc-17f">
         <name>.text.vQueueDelete</name>
         <load_address>0x6d5c</load_address>
         <readonly>true</readonly>
         <executable>true</executable>
         <run_address>0x6d5c</run_address>
         <size>0x32</size>
         <alignment>0x2</alignment>
         <input_file_ref idref="fl-21"/>
      </object_component>
      <object_component id="oc-21b">
         <name>.text.DL_I2C_flushControllerRXFIFO</name>
         <load_address>0x6d90</load_address>
         <readonly>true</readonly>
         <executable>true</executable>
         <run_address>0x6d90</run_address>
         <size>0x30</size>
         <alignment>0x4</alignment>
         <input_file_ref idref="fl-30"/>
      </object_component>
      <object_component id="oc-15f">
         <name>.text.HwiP_inISR</name>
         <load_address>0x6dc0</load_address>
[...]
         <value>0x7669</value>
         <object_component_ref idref="oc-1c2"/>
      </symbol>
      <symbol id="sm-34d">
         <name>vTaskStepTick</name>
         <value>0x55e1</value>
         <object_component_ref idref="oc-2de"/>
      </symbol>
      <symbol id="sm-34e">
         <name>vTaskSetApplicationTaskTag</name>
         <value>0x6d29</value>
         <object_component_ref idref="oc-17e"/>
      </symbol>
      <symbol id="sm-34f">
         <name>xTaskGetApplicationTaskTag</name>
         <value>0x655d</value>
         <object_component_ref idref="oc-2d8"/>
      </symbol>
      <symbol id="sm-350">
         <name>vTaskPlaceOnEventList</name>
         <value>0x6cf5</value>
         <object_component_ref idref="oc-1be"/>
      </symbol>
      <symbol id="sm-351">
         <name>vTaskPlaceOnEventListRestricted</name>
         <value>0x5b35</value>
         <object_component_ref idref="oc-30c"/>
      </symbol>
      <symbol id="sm-352">
         <name>xTaskRemoveFromEventList</name>
         <value>0x1f65</value>
         <object_component_ref idref="oc-1ba"/>
      </symbol>
      <symbol id="sm-353">
         <name>vTaskInternalSetTimeOutState</name>
         <value>0x7305</value>
         <object_component_ref idref="oc-1bb"/>
      </symbol>
      <symbol id="sm-354">
         <name>xTaskCheckForTimeOut</name>
         <value>0x48d5</value>
         <object_component_ref idref="oc-1bc"/>
      </symbol>
      <symbol id="sm-355">
         <name>vTaskMissedYield</name>
         <value>0x7675</value>
         <object_component_ref idref="oc-24a"/>
      </symbol>
      <symbol id="sm-356">
         <name>eTaskConfirmSleepModeStatus</name>
         <value>0x57e1</value>
         <object_component_ref idref="oc-2dd"/>
      </symbol>
      <symbol id="sm-357">
         <name>vTaskSetThreadLocalStoragePointer</name>
         <value>0x6115</value>
         <object_component_ref idref="oc-10c"/>
      </symbol>
      <symbol id="sm-358">
         <name>pvTaskGetThreadLocalStoragePointer</name>
         <value>0x5e91</value>
         <object_component_ref idref="oc-109"/>
      </symbol>
      <symbol id="sm-359">
         <name>xTaskGetCurrentTaskHandle</name>
         <value>0x74d9</value>
         <object_component_ref idref="oc-108"/>
      </symbol>
      <symbol id="sm-35a">
         <name>xTaskGetSchedulerState</name>
         <value>0x6b19</value>
         <object_component_ref idref="oc-ae"/>
      </symbol>
      <symbol id="sm-35b">
         <name>xTaskPriorityInherit</name>
         <value>0x28b5</value>
         <object_component_ref idref="oc-306"/>
      </symbol>
      <symbol id="sm-35c">
         <name>xTaskPriorityDisinherit</name>
         <value>0x3391</value>
         <object_component_ref idref="oc-243"/>
      </symbol>
      <symbol id="sm-35d">
         <name>vTaskPriorityDisinheritAfterTimeout</name>
         <value>0x251d</value>
         <object_component_ref idref="oc-308"/>
      </symbol>
      <symbol id="sm-35e">
         <name>pvTaskIncrementMutexHeldCount</name>
         <value>0x727d</value>
         <object_component_ref idref="oc-304"/>
      </symbol>
      <symbol id="sm-3a3">
         <name>xTimerCreateTimerTask</name>
         <value>0x58d9</value>
         <object_component_ref idref="oc-183"/>
      </symbol>
      <symbol id="sm-3d0">
         <name>vPortSuppressTicksAndSleep</name>
         <value>0x1dc5</value>
         <object_component_ref idref="oc-27d"/>
      </symbol>
      <symbol id="sm-3d1">
         <name>vPortSetupTimerInterrupt</name>
         <value>0x61c1</value>
         <object_component_ref idref="oc-20b"/>
      </symbol>
      <symbol id="sm-3d2">
         <name>vPortYield</name>
         <value>0x7431</value>
         <object_component_ref idref="oc-10e"/>
      </symbol>
      <symbol id="sm-3d3">
         <name>vPortEnterCritical</name>
         <value>0x7419</value>
         <object_component_ref idref="oc-10d"/>
      </symbol>
      <symbol id="sm-3d4">
         <name>vPortExitCritical</name>
         <value>0x6fe9</value>
         <object_component_ref idref="oc-10f"/>
      </symbol>
      <symbol id="sm-3d5">
         <name>SysTick_Handler</name>
         <value>0x6df1</value>
         <object_component_ref idref="oc-50"/>
      </symbol>
      <symbol id="sm-3d6">
         <name>vPortSVCHandler_C</name>
         <value>0x6edd</value>
         <object_component_ref idref="oc-20"/>
      </symbol>
      <symbol id="sm-3d7">
         <name>pxPortInitialiseStack</name>
         <value>0x2e4d</value>
         <object_component_ref idref="oc-2d4"/>
      </symbol>
      <symbol id="sm-3d8">
         <name>xPortStartScheduler</name>
         <value>0x56e5</value>
         <object_component_ref idref="oc-188"/>
      </symbol>
      <symbol id="sm-3f0">
         <name>vRestoreContextOfFirstTask</name>
         <value>0x72a1</value>
         <object_component_ref idref="oc-64"/>
      </symbol>
      <symbol id="sm-3f1">
         <name>vStartFirstTask</name>
         <value>0x75d1</value>
         <object_component_ref idref="oc-20c"/>
      </symbol>
      <symbol id="sm-3f2">
         <name>ulSetInterruptMask</name>
         <value>0x75c9</value>
         <object_component_ref idref="oc-9f"/>
      </symbol>
      <symbol id="sm-3f3">
         <name>vClearInterruptMask</name>
         <value>0x7691</value>
         <object_component_ref idref="oc-a1"/>
      </symbol>
      <symbol id="sm-3f4">
         <name>PendSV_Handler</name>
         <value>0x66c1</value>
         <object_component_ref idref="oc-4f"/>
      </symbol>
      <symbol id="sm-3f5">
         <name>SVC_Handler</name>
         <value>0x7211</value>
         <object_component_ref idref="oc-4a"/>
      </symbol>
      <symbol id="sm-402">
         <name>PTLS_getBuf</name>
         <value>0x739d</value>
         <object_component_ref idref="oc-af"/>
      </symbol>
      <symbol id="sm-403">
         <name>PTLS_setBuf</name>
         <value>0x73b7</value>
         <object_component_ref idref="oc-b4"/>
      </symbol>
      <symbol id="sm-404">
         <name>PTLS_taskDeleteHook</name>
         <value>0x71e9</value>
         <object_component_ref idref="oc-2da"/>
      </symbol>
      <symbol id="sm-417">
         <name>malloc</name>
         <value>0x6439</value>
         <object_component_ref idref="oc-25"/>
      </symbol>
      <symbol id="sm-418">
         <name>calloc</name>
         <value>0x5765</value>
         <object_component_ref idref="oc-2a"/>
      </symbol>
      <symbol id="sm-419">
         <name>realloc</name>
         <value>0x765d</value>
         <object_component_ref idref="oc-2b"/>
      </symbol>
      <symbol id="sm-41a">
         <name>free</name>
         <value>0x7599</value>
         <object_component_ref idref="oc-2c"/>
      </symbol>
      <symbol id="sm-41b">
         <name>memalign</name>
         <value>0x7651</value>
         <object_component_ref idref="oc-2d"/>
      </symbol>
      <symbol id="sm-41c">
         <name>aligned_alloc</name>
         <value>0x74c5</value>
         <object_component_ref idref="oc-2e"/>
      </symbol>
      <symbol id="sm-440">
         <name>pthread_attr_init</name>
         <value>0x7381</value>
         <object_component_ref idref="oc-128"/>
      </symbol>
      <symbol id="sm-441">
         <name>pthread_attr_setdetachstate</name>
         <value>0x6eaf</value>
         <object_component_ref idref="oc-12e"/>
      </symbol>
      <symbol id="sm-442">
         <name>pthread_attr_setschedparam</name>
         <value>0x6cc1</value>
         <object_component_ref idref="oc-12d"/>
      </symbol>
      <symbol id="sm-443">
         <name>pthread_attr_setstacksize</name>
         <value>0x7513</value>
         <object_component_ref idref="oc-12f"/>
      </symbol>
      <symbol id="sm-444">
         <name>_pthread_cleanup_pop</name>
         <value>0x6f91</value>
         <object_component_ref idref="oc-272"/>
      </symbol>
      <symbol id="sm-445">
         <name>pthread_create</name>
         <value>0x23d1</value>
         <object_component_ref idref="oc-130"/>
      </symbol>
      <symbol id="sm-446">
         <name>pthread_exit</name>
         <value>0x5ba9</value>
         <object_component_ref idref="oc-1f9"/>
      </symbol>
      <symbol id="sm-447">
         <name>pthread_self</name>
         <value>0x7401</value>
         <object_component_ref idref="oc-270"/>
      </symbol>
      <symbol id="sm-448">
         <name>pthread_setcancelstate</name>
         <value>0x6009</value>
         <object_component_ref idref="oc-271"/>
      </symbol>
      <symbol id="sm-451">
         <name>ClockP_getSystemTickPeriod</name>
         <value>0x768b</value>
         <object_component_ref idref="oc-2c2"/>
      </symbol>
      <symbol id="sm-466">
         <name>vApplicationGetIdleTaskMemory</name>
         <value>0x70b9</value>
         <object_component_ref idref="oc-1fa"/>
      </symbol>
      <symbol id="sm-467">
         <name>vApplicationGetTimerTaskMemory</name>
         <value>0x70e1</value>
         <object_component_ref idref="oc-204"/>
      </symbol>
      <symbol id="sm-48a">
         <name>pvPortMalloc</name>
         <value>0x5b9</value>
         <object_component_ref idref="oc-6b"/>
      </symbol>
      <symbol id="sm-48b">
         <name>vPortFree</name>
         <value>0x3991</value>
         <object_component_ref idref="oc-7b"/>
      </symbol>
      <symbol id="sm-49c">
         <name>vListInitialise</name>
         <value>0x6fbd</value>
         <object_component_ref idref="oc-27e"/>
      </symbol>
      <symbol id="sm-49d">
         <name>vListInitialiseItem</name>
         <value>0x761f</value>
         <object_component_ref idref="oc-2d3"/>
      </symbol>
      <symbol id="sm-49e">
         <name>vListInsertEnd</name>
         <value>0x69ff</value>
         <object_component_ref idref="oc-2d9"/>
      </symbol>
      <symbol id="sm-49f">
         <name>vListInsert</name>
         <value>0x5c85</value>
         <object_component_ref idref="oc-244"/>
      </symbol>
      <symbol id="sm-4a0">
         <name>uxListRemove</name>
         <value>0x64cd</value>
         <object_component_ref idref="oc-2af"/>
      </symbol>
      <symbol id="sm-4ab">
         <name>__aeabi_errno_addr</name>
         <value>0x616d</value>
         <object_component_ref idref="oc-67"/>
      </symbol>
      <symbol id="sm-4b4">
         <name>DL_Common_delayCycles</name>
         <value>0x7681</value>
         <object_component_ref idref="oc-1d0"/>
      </symbol>
      <symbol id="sm-4be">
         <name>DL_DMA_initChannel</name>
         <value>0x6355</value>
         <object_component_ref idref="oc-15a"/>
      </symbol>
      <symbol id="sm-4d0">
         <name>DL_I2C_setClockConfig</name>
         <value>0x7131</value>
         <object_component_ref idref="oc-1db"/>
      </symbol>
      <symbol id="sm-4d1">
         <name>DL_I2C_fillControllerTXFIFO</name>
         <value>0x5ef1</value>
         <object_component_ref idref="oc-2a5"/>
      </symbol>
      <symbol id="sm-4d2">
         <name>DL_I2C_flushControllerTXFIFO</name>
         <value>0x6911</value>
         <object_component_ref idref="oc-21a"/>
      </symbol>
      <symbol id="sm-4d3">
         <name>DL_I2C_flushControllerRXFIFO</name>
         <value>0x6d91</value>
         <object_component_ref idref="oc-21b"/>
      </symbol>
      <symbol id="sm-500">
         <name>DL_MCAN_setClockConfig</name>
         <value>0x717d</value>
         <object_component_ref idref="oc-1e2"/>
      </symbol>
      <symbol id="sm-501">
         <name>DL_MCAN_isMemInitDone</name>
         <value>0x7549</value>
         <object_component_ref idref="oc-1e9"/>
      </symbol>
      <symbol id="sm-502">
         <name>DL_MCAN_setOpMode</name>
         <value>0x73d1</value>
         <object_component_ref idref="oc-1ea"/>
      </symbol>
      <symbol id="sm-503">
         <name>DL_MCAN_getOpMode</name>
         <value>0x7539</value>
         <object_component_ref idref="oc-1eb"/>
      </symbol>
      <symbol id="sm-504">
         <name>DL_MCAN_init</name>
         <value>0x400d</value>
         <object_component_ref idref="oc-1ec"/>
      </symbol>
      <symbol id="sm-505">
         <name>DL_MCAN_config</name>
         <value>0x3d61</value>
         <object_component_ref idref="oc-1ed"/>
      </symbol>
      <symbol id="sm-506">
         <name>DL_MCAN_setBitTime</name>
         <value>0x42a1</value>
         <object_component_ref idref="oc-1ee"/>
      </symbol>
      <symbol id="sm-507">
         <name>DL_MCAN_msgRAMConfig</name>
         <value>0xac9</value>
         <object_component_ref idref="oc-1ef"/>
      </symbol>
      <symbol id="sm-508">
         <name>DL_MCAN_setExtIDAndMask</name>
         <value>0x6bbd</value>
         <object_component_ref idref="oc-1f0"/>
      </symbol>
      <symbol id="sm-509">
         <name>DL_MCAN_writeMsgRam</name>
         <value>0x3b81</value>
         <object_component_ref idref="oc-233"/>
      </symbol>
      <symbol id="sm-50a">
         <name>DL_MCAN_TXBufAddReq</name>
         <value>0x6b89</value>
         <object_component_ref idref="oc-234"/>
      </symbol>
      <symbol id="sm-50b">
         <name>DL_MCAN_getRevisionId</name>
         <value>0x6631</value>
         <object_component_ref idref="oc-1e8"/>
      </symbol>
      <symbol id="sm-51b">
         <name>DL_UART_init</name>
         <value>0x6485</value>
         <object_component_ref idref="oc-253"/>
      </symbol>
      <symbol id="sm-51c">
         <name>DL_UART_setClockConfig</name>
         <value>0x7501</value>
         <object_component_ref idref="oc-24d"/>
      </symbol>
      <symbol id="sm-51d">
         <name>DL_UART_configBaudRate</name>
         <value>0x5665</value>
         <object_component_ref idref="oc-254"/>
      </symbol>
      <symbol id="sm-52d">
         <name>DL_Interrupt_registerInterrupt</name>
         <value>0x5109</value>
         <object_component_ref idref="oc-298"/>
      </symbol>
      <symbol id="sm-52e">
         <name>DL_Interrupt_unregisterInterrupt</name>
         <value>0x7461</value>
         <object_component_ref idref="oc-311"/>
      </symbol>
      <symbol id="sm-539">
         <name>DL_SYSCTL_configSYSPLL</name>
         <value>0x40e9</value>
         <object_component_ref idref="oc-1d4"/>
      </symbol>
      <symbol id="sm-544">
         <name>_c_int00_noargs</name>
         <value>0x7109</value>
         <object_component_ref idref="oc-95"/>
      </symbol>
      <symbol id="sm-545">
         <name>__stack</name>
         <value>0x20207e00</value>
         <object_component_ref idref="oc-2f"/>
      </symbol>
      <symbol id="sm-551">
         <name>__TI_auto_init_nobinit_nopinit</name>
         <value>0x6989</value>
         <object_component_ref idref="oc-13d"/>
      </symbol>
      <symbol id="sm-559">
         <name>_system_pre_init</name>
         <value>0x76a1</value>
         <object_component_ref idref="oc-d1"/>
      </symbol>
      <symbol id="sm-564">
         <name>__TI_zero_init</name>
         <value>0x75f1</value>
         <object_component_ref idref="oc-92"/>
      </symbol>
      <symbol id="sm-56d">
         <name>__TI_decompress_none</name>
         <value>0x7525</value>
         <object_component_ref idref="oc-35"/>
      </symbol>
      <symbol id="sm-578">
         <name>__TI_decompress_lzss</name>
         <value>0x5955</value>
         <object_component_ref idref="oc-31"/>
      </symbol>
      <symbol id="sm-582">
         <name>abort</name>
         <value>0x7697</value>
         <object_component_ref idref="oc-136"/>
      </symbol>
      <symbol id="sm-58c">
         <name>HOSTexit</name>
         <value>0x720d</value>
         <object_component_ref idref="oc-1a4"/>
      </symbol>
      <symbol id="sm-58d">
         <name>C$$EXIT</name>
         <value>0x720c</value>
         <object_component_ref idref="oc-1a4"/>
      </symbol>
      <symbol id="sm-593">
         <name>__aeabi_lmul</name>
         <value>0x7259</value>
         <object_component_ref idref="oc-2c7"/>
      </symbol>
      <symbol id="sm-594">
         <name>__muldi3</name>
         <value>0x7259</value>
         <object_component_ref idref="oc-2c7"/>
      </symbol>
      <symbol id="sm-59d">
         <name>__clzsi2</name>
         <value>0x6063</value>
         <object_component_ref idref="oc-2e8"/>
      </symbol>
      <symbol id="sm-5a3">
         <name>__aeabi_memcpy</name>
         <value>0x66b9</value>
         <object_component_ref idref="oc-85"/>
      </symbol>
      <symbol id="sm-5a4">
         <name>__aeabi_memcpy4</name>
         <value>0x66b9</value>
         <object_component_ref idref="oc-85"/>
      </symbol>
      <symbol id="sm-5a5">
         <name>__aeabi_memcpy8</name>
         <value>0x66b9</value>
         <object_component_ref idref="oc-85"/>
      </symbol>
      <symbol id="sm-5ae">
         <name>__aeabi_memset</name>
         <value>0x7611</value>
         <object_component_ref idref="oc-2d2"/>
      </symbol>
      <symbol id="sm-5af">
         <name>__aeabi_memset4</name>
         <value>0x7611</value>
         <object_component_ref idref="oc-2d2"/>
      </symbol>
      <symbol id="sm-5b0">
         <name>__aeabi_memset8</name>
         <value>0x7611</value>
         <object_component_ref idref="oc-2d2"/>
      </symbol>
      <symbol id="sm-5b1">
         <name>__aeabi_memclr</name>
         <value>0x7645</value>
         <object_component_ref idref="oc-76"/>
      </symbol>
      <symbol id="sm-5b2">
         <name>__aeabi_memclr4</name>
         <value>0x7645</value>
         <object_component_ref idref="oc-76"/>
      </symbol>
      <symbol id="sm-5b3">
         <name>__aeabi_memclr8</name>
         <value>0x7645</value>
         <object_component_ref idref="oc-76"/>
      </symbol>
      <symbol id="sm-5b9">
         <name>__aeabi_uidiv</name>
         <value>0x6855</value>
         <object_component_ref idref="oc-72"/>
      </symbol>
      <symbol id="sm-5ba">
         <name>__aeabi_uidivmod</name>
         <value>0x6855</value>
         <object_component_ref idref="oc-72"/>
      </symbol>
      <symbol id="sm-5c0">
         <name>__aeabi_uldivmod</name>
         <value>0x74b1</value>
         <object_component_ref idref="oc-2cb"/>
      </symbol>
      <symbol id="sm-5c6">
         <name>__udivmoddi4</name>
         <value>0x4c29</value>
         <object_component_ref idref="oc-2ff"/>
      </symbol>
      <symbol id="sm-5cc">
         <name>__muldsi3</name>
         <value>0x69c5</value>
         <object_component_ref idref="oc-2fa"/>
      </symbol>
      <symbol id="sm-5d2">
         <name>__aeabi_llsl</name>
         <value>0x7325</value>
         <object_component_ref idref="oc-314"/>
      </symbol>
      <symbol id="sm-5d3">
         <name>__ashldi3</name>
         <value>0x7325</value>
         <object_component_ref idref="oc-314"/>
      </symbol>
      <symbol id="sm-5df">
         <name>__aeabi_idiv0</name>
         <value>0x481f</value>
         <object_component_ref idref="oc-c3"/>
      </symbol>
      <symbol id="sm-5e0">
         <name>__aeabi_ldiv0</name>
         <value>0x4ccb</value>
         <object_component_ref idref="oc-313"/>
      </symbol>
      <symbol id="sm-5f9">
         <name>memcpy</name>
         <value>0x4ea9</value>
         <object_component_ref idref="oc-120"/>
      </symbol>
      <symbol id="sm-608">
         <name>memset</name>
         <value>0x5e2d</value>
         <object_component_ref idref="oc-11a"/>
      </symbol>
      <symbol id="sm-609">
         <name>__TI_static_base__</name>
         <value>0x0</value>
      </symbol>
      <symbol id="sm-60c">
         <name>__mpu_init</name>
         <value>0x0</value>
      </symbol>
      <symbol id="sm-60d">
         <name>_system_post_cinit</name>
         <value>0x0</value>
      </symbol>
   </symbol_table>
   <title>Link successful</title>
</link_info>
