******************************************************************************
            TI ARM Clang Linker Unix v4.0.3                    
******************************************************************************
>> Linked Tue Sep 23 21:41:49 2025

OUTPUT FILE NAME:   <Debug/MAS_SW_2025.out>
ENTRY POINT SYMBOL: "_c_int00_noinit_noargs"  address: 000074d5


MEMORY CONFIGURATION

         name            origin    length      used     unused   attr    fill
----------------------  --------  ---------  --------  --------  ----  --------
  FLASH                 00000000   00020000  00007d50  000182b0  R  X
  SRAM                  20200000   00008000  00001cf2  0000630e  RW X
  BCR_CONFIG            41c00000   000000ff  00000000  000000ff  R   
  BSL_CONFIG            41c00100   00000080  00000000  00000080  R   


SEGMENT ALLOCATION MAP

run origin  load origin   length   init length attrs members
----------  ----------- ---------- ----------- ----- -------
00000000    00000000    00007d50   00007d50    r-x
  00000000    00000000    000000c0   000000c0    r-- .intvecs
  000000c0    000000c0    00007a00   00007a00    r-x .text
  00007ac0    00007ac0    00000290   00000290    r-- .rodata
20200000    20200000    00001730   00000000    rw-
  20200000    20200000    00001730   00000000    rw- .bss
20201730    20201730    00000302   00000302    rw-
  20201730    20201730    00000302   00000302    rw- .data
20201b00    20201b00    000000c0   00000000    rw-
  20201b00    20201b00    000000c0   00000000    rw- .vtable
20207e00    20207e00    00000200   00000000    rw-
  20207e00    20207e00    00000200   00000000    rw- .stack


SECTION ALLOCATION MAP

 output                                  attributes/
section   page    origin      length       input sections
--------  ----  ----------  ----------   ----------------
.intvecs   0    00000000    000000c0     
                  00000000    000000c0     startup_mspm0g350x_ticlang.o (.intvecs)

.text      0    000000c0    00007a00     
                  000000c0    000004f8     drivers_mspm0g1x0x_g3x0x.a : UARTMSPM0.o (.text.UARTMSP_interruptHandler)
                  000005b8    000002c4     MAS_I2C.o (.text.read_i2c_values)
                  0000087c    00000294     freertos_builds_LP_MSPM0G3507_release_ticlang.lib : heap_4.o (.text.pvPortMalloc)
                  00000b10    00000214     driverlib.a : dl_mcan.o (.text.DL_MCAN_msgRAMConfig)
                  00000d24    00000210     drivers_mspm0g1x0x_g3x0x.a : GPIOMSPM0.o (.text.GPIO_setConfigAndMux)
                  00000f34    00000210     freertos_builds_LP_MSPM0G3507_release_ticlang.lib : tasks.o (.text.xTaskIncrementTick)
                  00001144    000001f8                                                       : tasks.o (.text.xTaskResumeAll)
                  0000133c    000001f4     drivers_mspm0g1x0x_g3x0x.a : I2CMSPM0.o (.text.I2C_open)
                  00001530    000001de     freertos_builds_LP_MSPM0G3507_release_ticlang.lib : queue.o (.text.xQueueSemaphoreTake)
                  0000170e    00000002     drivers_mspm0g1x0x_g3x0x.a : I2CMSPM0.o (.text.I2CSupport_powerRelConstraint)
                  00001710    000001dc                                : I2CMSPM0.o (.text.I2CMSPM0_hwiFxn)
                  000018ec    000001d2     freertos_builds_LP_MSPM0G3507_release_ticlang.lib : queue.o (.text.xQueueGenericSend)
                  00001abe    00000002     drivers_mspm0g1x0x_g3x0x.a : I2CMSPM0.o (.text.I2CSupport_powerSetConstraint)
                  00001ac0    000001a8                                : UARTMSPM0.o (.text.UARTMSP_enable)
                  00001c68    000001a4     freertos_builds_LP_MSPM0G3507_release_ticlang.lib : queue.o (.text.xQueueReceive)
                  00001e0c    000001a0                                                       : port.o (.text.vPortSuppressTicksAndSleep)
                  00001fac    00000190                                                       : tasks.o (.text.xTaskRemoveFromEventList)
                  0000213c    00000180     drivers_mspm0g1x0x_g3x0x.a : DMAMSPM0.o (.text.DMAMSPM0_hwiFxn)
                  000022bc    0000015c     freertos_builds_LP_MSPM0G3507_release_ticlang.lib : timers.o (.text.prvProcessReceivedCommands)
                  00002418    0000014c                                                       : pthread.o (.text.pthread_create)
                  00002564    00000144                                                       : tasks.o (.text.vTaskPriorityDisinheritAfterTimeout)
                  000026a8    0000012c     drivers_mspm0g1x0x_g3x0x.a : I2C.o (.text.I2C_transferTimeout)
                  000027d4    00000128     freertos_builds_LP_MSPM0G3507_release_ticlang.lib : tasks.o (.text.prvAddNewTaskToReadyList)
                  000028fc    00000128                                                       : tasks.o (.text.xTaskPriorityInherit)
                  00002a24    00000124                                                       : tasks.o (.text.vTaskSuspend)
                  00002b48    0000011c                                                       : tasks.o (.text.vTaskDelete)
                  00002c64    0000011a     drivers_mspm0g1x0x_g3x0x.a : RingBuf.o (.text.RingBuf_getn)
                  00002d7e    00000116                                : RingBuf.o (.text.RingBuf_putn)
                  00002e94    00000114     freertos_builds_LP_MSPM0G3507_release_ticlang.lib : port.o (.text.pxPortInitialiseStack)
                  00002fa8    0000010e                                                       : queue.o (.text.xQueueGiveFromISR)
                  000030b6    00000002     drivers_mspm0g1x0x_g3x0x.a : I2C.o (.text.I2C_init)
                  000030b8    0000010c     freertos_builds_LP_MSPM0G3507_release_ticlang.lib : heap_4.o (.text.prvInsertBlockIntoFreeList)
                  000031c4    0000010c                                                       : tasks.o (.text.vTaskSwitchContext)
                  000032d0    00000108     drivers_mspm0g1x0x_g3x0x.a : I2CMSPM0.o (.text.I2CMSPM0_primeWriteBurst)
                  000033d8    00000108     freertos_builds_LP_MSPM0G3507_release_ticlang.lib : tasks.o (.text.xTaskPriorityDisinherit)
                  000034e0    00000106                                                       : queue.o (.text.xQueueReceiveFromISR)
                  000035e6    00000104                                                       : tasks.o (.text.prvInitialiseNewTask)
                  000036ea    00000002     libclang_rt.builtins.a : aeabi_div0.c.obj (.text.__aeabi_idiv0)
                  000036ec    000000fc     drivers_mspm0g1x0x_g3x0x.a : UARTMSPM0.o (.text.UARTMSP_dmaRx)
                  000037e8    000000f8                                : GPIOMSPM0.o (.text.GPIO_hwiIntFxn)
                  000038e0    000000f8     freertos_builds_LP_MSPM0G3507_release_ticlang.lib : heap_4.o (.text.vPortFree)
                  000039d8    000000f6     drivers_mspm0g1x0x_g3x0x.a : UART.o (.text.UART_readFullFeatured)
                  00003ace    00000002     libclang_rt.builtins.a : aeabi_div0.c.obj (.text.__aeabi_ldiv0)
                  00003ad0    000000f4     driverlib.a : dl_mcan.o (.text.DL_MCAN_writeMsgRam)
                  00003bc4    000000ec     drivers_mspm0g1x0x_g3x0x.a : I2CMSPM0.o (.text.I2CMSPM0_primeReadBurst)
                  00003cb0    000000e4     driverlib.a : dl_mcan.o (.text.DL_MCAN_config)
                  00003d94    000000e4     freertos_builds_LP_MSPM0G3507_release_ticlang.lib : tasks.o (.text.prvAddCurrentTaskToDelayedList)
                  00003e78    000000e4                                                       : queue.o (.text.xQueueGenericReset)
                  00003f5c    000000dc     driverlib.a : dl_mcan.o (.text.DL_MCAN_init)
                  00004038    000000dc                 : dl_sysctl_mspm0g1x0x_g3x0x.o (.text.DL_SYSCTL_configSYSPLL)
                  00004114    000000dc     drivers_mspm0g1x0x_g3x0x.a : DMAMSPM0.o (.text.DMAMSPM0_init)
                  000041f0    000000d8     driverlib.a : dl_mcan.o (.text.DL_MCAN_setBitTime)
                  000042c8    000000d4     freertos_builds_LP_MSPM0G3507_release_ticlang.lib : queue.o (.text.prvCopyDataToQueue)
                  0000439c    000000cc                                                       : tasks.o (.text.prvCreateIdleTasks)
                  00004468    000000c0     drivers_mspm0g1x0x_g3x0x.a : DMAMSPM0.o (.text.DMAMSPM0_open)
                  00004528    000000bc     freertos_builds_LP_MSPM0G3507_release_ticlang.lib : HwiPMSPM0_freertos.o (.text.HwiP_construct)
                  000045e4    000000b6                                                       : queue.o (.text.prvUnlockQueue)
                  0000469a    00000002     --HOLE-- [fill = 0]
                  0000469c    000000b4     drivers_mspm0g1x0x_g3x0x.a : UART.o (.text.UART_writeCallback)
                  00004750    000000b4     freertos_builds_LP_MSPM0G3507_release_ticlang.lib : tasks.o (.text.xTaskCheckForTimeOut)
                  00004804    000000ac     drivers_mspm0g1x0x_g3x0x.a : GPIOMSPM0.o (.text.GPIO_setInterruptConfig)
                  000048b0    000000a8                                : DMAMSPM0.o (.text.DMA_Init)
                  00004958    000000a8     ti_msp_dl_config.o (.text.SYSCFG_DL_MCAN0_init)
                  00004a00    000000a4     MAS_CAN.o (.text.CAN_transfer)
                  00004aa4    000000a4     drivers_mspm0g1x0x_g3x0x.a : UARTMSPM0.o (.text.UARTMSP_txChar)
                  00004b48    000000a2     libclang_rt.builtins.a : udivmoddi4.S.obj (.text)
                  00004bea    00000002     --HOLE-- [fill = 0]
                  00004bec    000000a0     freertos_builds_LP_MSPM0G3507_release_ticlang.lib : heap_4.o (.text.prvHeapInit)
                  00004c8c    000000a0                                                       : queue.o (.text.xQueueGenericCreateStatic)
                  00004d2c    0000009c     drivers_mspm0g1x0x_g3x0x.a : I2CMSPM0.o (.text.I2CMSPM0_completeTransfer)
                  00004dc8    0000009c     MAS_CAN.o (.text.can_send)
                  00004e64    00000098     ti_msp_dl_config.o (.text.SYSCFG_DL_I2C_0_init)
                  00004efc    00000098     drivers_mspm0g1x0x_g3x0x.a : UART.o (.text.UART_writeBuffered)
                  00004f94    00000098     freertos_builds_LP_MSPM0G3507_release_ticlang.lib : tasks.o (.text.prvCreateStaticTask)
                  0000502c    00000094     ti_msp_dl_config.o (.text.SYSCFG_DL_GPIO_init)
                  000050c0    00000094     freertos_builds_LP_MSPM0G3507_release_ticlang.lib : queue.o (.text.xQueueGenericCreate)
                  00005154    00000090     driverlib.a : dl_interrupt.o (.text.DL_Interrupt_registerInterrupt)
                  000051e4    00000090     drivers_mspm0g1x0x_g3x0x.a : DMAMSPM0.o (.text.DMAMSPM0_setupTransfer)
                  00005274    0000008c     freertos_builds_LP_MSPM0G3507_release_ticlang.lib : timers.o (.text.prvProcessTimerOrBlockTask)
                  00005300    0000008c                                                       : pthread.o (.text.removeThreadKeys)
                  0000538c    0000008a                                                       : SemaphoreP_freertos.o (.text.SemaphoreP_pend)
                  00005416    00000002     --HOLE-- [fill = 0]
                  00005418    00000088     drivers_mspm0g1x0x_g3x0x.a : DMAMSPM0.o (.text.DMAMSPM0_close)
                  000054a0    00000084     freertos_builds_LP_MSPM0G3507_release_ticlang.lib : HwiPMSPM0_freertos.o (.text.__NVIC_SetPriority)
                  00005524    00000084                                                       : tasks.o (.text.prvCreateTask)
                  000055a8    00000084                                                       : timers.o (.text.prvInsertTimerInActiveList)
                  0000562c    00000084                                                       : tasks.o (.text.vTaskStepTick)
                  000056b0    00000080     driverlib.a : dl_uart.o (.text.DL_UART_configBaudRate)
                  00005730    00000080     freertos_builds_LP_MSPM0G3507_release_ticlang.lib : port.o (.text.xPortStartScheduler)
                  000057b0    0000007c                                                       : memory.o (.text.calloc)
                  0000582c    0000007c                                                       : tasks.o (.text.eTaskConfirmSleepModeStatus)
                  000058a8    0000007c     main_freertos.o (.text.main)
                  00005924    0000007c     freertos_builds_LP_MSPM0G3507_release_ticlang.lib : tasks.o (.text.prvInitialiseTaskLists)
                  000059a0    0000007c                                                       : timers.o (.text.xTimerCreateTimerTask)
                  00005a1c    00000078     drivers_mspm0g1x0x_g3x0x.a : UARTMSPM0.o (.text.UARTMSP_enableInts)
                  00005a94    00000078     freertos_builds_LP_MSPM0G3507_release_ticlang.lib : tasks.o (.text.prvGetExpectedIdleTime)
                  00005b0c    00000074     drivers_mspm0g1x0x_g3x0x.a : I2CMSPM0.o (.text.I2CSupport_primeTransfer)
                  00005b80    00000074     freertos_builds_LP_MSPM0G3507_release_ticlang.lib : tasks.o (.text.vTaskPlaceOnEventListRestricted)
                  00005bf4    0000006e                                                       : pthread.o (.text.pthread_exit)
                  00005c62    00000002     --HOLE-- [fill = 0]
                  00005c64    0000006c                                                       : timers.o (.text.prvCheckForValidListAndQueue)
                  00005cd0    0000006c                                                       : list.o (.text.vListInsert)
                  00005d3c    0000006a                                                       : queue.o (.text.vQueueWaitForMessageRestricted)
                  00005da6    00000002     --HOLE-- [fill = 0]
                  00005da8    00000068     drivers_mspm0g1x0x_g3x0x.a : UARTMSPM0.o (.text.UARTMSP_disable)
                  00005e10    00000068     freertos_builds_LP_MSPM0G3507_release_ticlang.lib : tasks.o (.text.vTaskStartScheduler)
                  00005e78    00000060                                                       : tasks.o (.text.pvTaskGetThreadLocalStoragePointer)
                  00005ed8    0000005e     driverlib.a : dl_i2c.o (.text.DL_I2C_fillControllerTXFIFO)
                  00005f36    00000002     --HOLE-- [fill = 0]
                  00005f38    0000005c     freertos_builds_LP_MSPM0G3507_release_ticlang.lib : tasks.o (.text.prvIdleTask)
                  00005f94    0000005a                                                       : pthread.o (.text.pthread_setcancelstate)
                  00005fee    00000058     libclang_rt.builtins.a : clzsi2.c.obj (.text.__clzsi2)
                  00006046    00000002     --HOLE-- [fill = 0]
                  00006048    00000058     freertos_builds_LP_MSPM0G3507_release_ticlang.lib : tasks.o (.text.vTaskSetThreadLocalStoragePointer)
                  000060a0    00000054                                                       : aeabi_portable.o (.text.__aeabi_errno_addr)
                  000060f4    00000054                                                       : port.o (.text.vPortSetupTimerInterrupt)
                  00006148    00000050     drivers_mspm0g1x0x_g3x0x.a : I2CMSPM0.o (.text.I2CMSPM0_readReceiveFifo)
                  00006198    00000050     i2ccontroller.o (.text.mainThread)
                  000061e8    00000050     freertos_builds_LP_MSPM0G3507_release_ticlang.lib : tasks.o (.text.prvCheckTasksWaitingTermination)
                  00006238    00000050                                                       : tasks.o (.text.prvDeleteTCB)
                  00006288    00000050                                                       : timers.o (.text.prvProcessExpiredTimer)
                  000062d8    00000050     MAS_GPIO.o (.text.read_hall_sensor_1)
                  00006328    00000050     MAS_GPIO.o (.text.read_hall_sensor_2)
                  00006378    0000004c     driverlib.a : dl_dma.o (.text.DL_DMA_initChannel)
                  000063c4    0000004c     freertos_builds_LP_MSPM0G3507_release_ticlang.lib : tasks.o (.text.xTaskCreateStatic)
                  00006410    0000004a     MAS_I2C.o (.text.isConversionReady)
                  0000645a    0000004a     freertos_builds_LP_MSPM0G3507_release_ticlang.lib : memory.o (.text.malloc)
                  000064a4    00000048     driverlib.a : dl_uart.o (.text.DL_UART_init)
                  000064ec    00000048     freertos_builds_LP_MSPM0G3507_release_ticlang.lib : list.o (.text.uxListRemove)
                  00006534    00000048                                                       : tasks.o (.text.xTaskCreate)
                  0000657c    00000048                                                       : tasks.o (.text.xTaskGetApplicationTaskTag)
                  000065c4    00000046     drivers_mspm0g1x0x_g3x0x.a : RingBuf.o (.text.RingBuf_put)
                  0000660a    00000046     freertos_builds_LP_MSPM0G3507_release_ticlang.lib : queue.o (.text.prvInitialiseNewQueue)
                  00006650    00000044     driverlib.a : dl_mcan.o (.text.DL_MCAN_getRevisionId)
                  00006694    00000044     freertos_builds_LP_MSPM0G3507_release_ticlang.lib : HwiPMSPM0_freertos.o (.text.HwiP_create)
                  000066d8    00000008     libclang_rt.builtins.a : aeabi_memcpy.S.obj (.text.__aeabi_memcpy)
                  000066e0    00000044     freertos_builds_LP_MSPM0G3507_release_ticlang.lib : portasm.o (.text.PendSV_Handler)
                  00006724    00000044     ti_msp_dl_config.o (.text.SYSCFG_DL_initPower)
                  00006768    00000044     freertos_builds_LP_MSPM0G3507_release_ticlang.lib : queue.o (.text.prvCopyDataFromQueue)
                  000067ac    00000044                                                       : timers.o (.text.prvSwitchTimerLists)
                  000067f0    00000042     drivers_mspm0g1x0x_g3x0x.a : RingBuf.o (.text.RingBuf_get)
                  00006832    00000040     freertos_builds_LP_MSPM0G3507_release_ticlang.lib : SemaphoreP_freertos.o (.text.SemaphoreP_constructBinary)
                  00006872    00000002     --HOLE-- [fill = 0]
                  00006874    00000040     libclang_rt.builtins.a : aeabi_uidivmod.S.obj (.text.__aeabi_uidivmod)
                  000068b4    0000003e     drivers_mspm0g1x0x_g3x0x.a : RingBuf.o (.text.RingBuf_putAdvance)
                  000068f2    0000003e                                : UART.o (.text.UART_writeFullFeatured)
                  00006930    0000003c     ti_msp_dl_config.o (.text.DL_GPIO_initPeripheralInputFunctionFeatures)
                  0000696c    0000003c     driverlib.a : dl_i2c.o (.text.DL_I2C_flushControllerTXFIFO)
                  000069a8    0000003c     freertos_builds_LP_MSPM0G3507_release_ticlang.lib : timers.o (.text.prvSampleTimeNow)
                  000069e4    0000003a     libclang_rt.builtins.a : muldsi3.S.obj (.text.__muldsi3)
                  00006a1e    0000003a     freertos_builds_LP_MSPM0G3507_release_ticlang.lib : list.o (.text.vListInsertEnd)
                  00006a58    00000038                                                       : HwiPMSPM0_freertos.o (.text.HwiP_dispatch)
                  00006a90    00000038     drivers_mspm0g1x0x_g3x0x.a : RingBuf.o (.text.RingBuf_putPointer)
                  00006ac8    00000038     freertos_builds_LP_MSPM0G3507_release_ticlang.lib : SemaphoreP_freertos.o (.text.SemaphoreP_createBinary)
                  00006b00    00000038                                                       : timers.o (.text.prvGetNextExpireTime)
                  00006b38    00000038     startup_mspm0g350x_ticlang.o (.text.prvGetRegistersFromStack)
                  00006b70    00000038     freertos_builds_LP_MSPM0G3507_release_ticlang.lib : tasks.o (.text.xTaskGetSchedulerState)
                  00006ba8    00000036                                                       : timers.o (.text.prvReloadTimer)
                  00006bde    00000002     --HOLE-- [fill = 0]
                  00006be0    00000034     ti_msp_dl_config.o (.text.DL_GPIO_initDigitalInputFeatures)
                  00006c14    00000034     driverlib.a : dl_mcan.o (.text.DL_MCAN_TXBufAddReq)
                  00006c48    00000034                 : dl_mcan.o (.text.DL_MCAN_setExtIDAndMask)
                  00006c7c    00000034     freertos_builds_LP_MSPM0G3507_release_ticlang.lib : HwiPMSPM0_freertos.o (.text.HwiP_disable)
                  00006cb0    00000034     drivers_mspm0g1x0x_g3x0x.a : RingBuf.o (.text.RingBuf_getConsume)
                  00006ce4    00000034     freertos_builds_LP_MSPM0G3507_release_ticlang.lib : HwiPMSPM0_freertos.o (.text.__NVIC_DisableIRQ)
                  00006d18    00000034                                                       : pthread.o (.text.pthread_attr_setschedparam)
                  00006d4c    00000034                                                       : tasks.o (.text.vTaskPlaceOnEventList)
                  00006d80    00000034                                                       : tasks.o (.text.vTaskSetApplicationTaskTag)
                  00006db4    00000032                                                       : queue.o (.text.vQueueDelete)
                  00006de6    00000002     --HOLE-- [fill = 0]
                  00006de8    00000030     driverlib.a : dl_i2c.o (.text.DL_I2C_flushControllerRXFIFO)
                  00006e18    00000030     freertos_builds_LP_MSPM0G3507_release_ticlang.lib : HwiPMSPM0_freertos.o (.text.HwiP_inISR)
                  00006e48    00000030                                                       : port.o (.text.SysTick_Handler)
                  00006e78    00000030                                                       : tasks.o (.text.prvResetNextTaskUnblockTime)
                  00006ea8    00000030                                                       : port.o (.text.prvTaskExitError)
                  00006ed8    0000002e                                                       : queue.o (.text.prvIsQueueFull)
                  00006f06    0000002e                                                       : pthread.o (.text.pthread_attr_setdetachstate)
                  00006f34    0000002e                                                       : port.o (.text.vPortSVCHandler_C)
                  00006f62    00000002     --HOLE-- [fill = 0]
                  00006f64    0000002c     drivers_mspm0g1x0x_g3x0x.a : DMAMSPM0.o (.text.DMAMSPM0_disableChannel)
                  00006f90    0000002c     ti_msp_dl_config.o (.text.SYSCFG_DL_SYSCTL_init)
                  00006fbc    0000002c     freertos_builds_LP_MSPM0G3507_release_ticlang.lib : SemaphoreP_freertos.o (.text.SemaphoreP_post)
                  00006fe8    0000002c                                                       : HwiPMSPM0_freertos.o (.text.__NVIC_EnableIRQ)
                  00007014    0000002c                                                       : pthread.o (.text._pthread_cleanup_pop)
                  00007040    0000002c                                                       : list.o (.text.vListInitialise)
                  0000706c    0000002c                                                       : port.o (.text.vPortExitCritical)
                  00007098    0000002a                                                       : queue.o (.text.prvIsQueueEmpty)
                  000070c2    00000028     ti_msp_dl_config.o (.text.DL_Common_updateReg)
                  000070ea    00000002     --HOLE-- [fill = 0]
                  000070ec    00000028     ti_msp_dl_config.o (.text.DL_I2C_setControllerRXFIFOThreshold)
                  00007114    00000028     ti_msp_dl_config.o (.text.DL_I2C_setControllerTXFIFOThreshold)
                  0000713c    00000028     ti_msp_dl_config.o (.text.DL_I2C_setTargetRXFIFOThreshold)
                  00007164    00000028     ti_msp_dl_config.o (.text.DL_I2C_setTargetTXFIFOThreshold)
                  0000718c    00000028     drivers_mspm0g1x0x_g3x0x.a : I2C.o (.text.I2C_cancel)
                  000071b4    00000028     ti_msp_dl_config.o (.text.SYSCFG_DL_init)
                  000071dc    00000028     freertos_builds_LP_MSPM0G3507_release_ticlang.lib : queue.o (.text.prvGetHighestPriorityOfWaitToReceiveList)
                  00007204    00000028                                                       : StaticAllocs_freertos.o (.text.vApplicationGetIdleTaskMemory)
                  0000722c    00000028                                                       : StaticAllocs_freertos.o (.text.vApplicationGetTimerTaskMemory)
                  00007254    00000026     ti_msp_dl_config.o (.text.DL_I2C_setAnalogGlitchFilterPulseWidth)
                  0000727a    00000026     driverlib.a : dl_i2c.o (.text.DL_I2C_setClockConfig)
                  000072a0    00000026     drivers_mspm0g1x0x_g3x0x.a : RingBuf.o (.text.RingBuf_getPointer)
                  000072c6    00000024     ti_msp_dl_config.o (.text.DL_I2C_setDigitalGlitchFilterPulseWidth)
                  000072ea    00000002     --HOLE-- [fill = 0]
                  000072ec    00000024     ti_msp_dl_config.o (.text.DL_I2C_setTargetOwnAddress)
                  00007310    00000024     driverlib.a : dl_mcan.o (.text.DL_MCAN_setClockConfig)
                  00007334    00000024     freertos_builds_LP_MSPM0G3507_release_ticlang.lib : HwiPMSPM0_freertos.o (.text.HwiP_Params_init)
                  00007358    00000024                                                       : HwiPMSPM0_freertos.o (.text.HwiP_restore)
                  0000737c    00000024                                                       : PTLS.o (.text.PTLS_taskDeleteHook)
                  000073a0    00000024                                                       : portasm.o (.text.SVC_Handler)
                  000073c4    00000024     libclang_rt.builtins.a : muldi3.S.obj (.text.__muldi3)
                  000073e8    00000024     freertos_builds_LP_MSPM0G3507_release_ticlang.lib : tasks.o (.text.pvTaskIncrementMutexHeldCount)
                  0000740c    00000004     startup_mspm0g350x_ticlang.o (.text.Default_Handler)
                  00007410    00000024     freertos_builds_LP_MSPM0G3507_release_ticlang.lib : portasm.o (.text.vRestoreContextOfFirstTask)
                  00007434    00000020     ti_msp_dl_config.o (.text.DL_GPIO_initPeripheralInputFunction)
                  00007454    00000020     ti_msp_dl_config.o (.text.DL_I2C_setTargetOwnAddressAlternate)
                  00007474    00000020     startup_mspm0g350x_ticlang.o (.text.HardFault_Handler)
                  00007494    00000020     freertos_builds_LP_MSPM0G3507_release_ticlang.lib : HwiPMSPM0_freertos.o (.text.HwiP_destruct)
                  000074b4    00000020                                                       : tasks.o (.text.vTaskInternalSetTimeOutState)
                  000074d4    00000020     libc.a : boot_cortex_m.c.obj (.text:_c_int00_noinit_noargs)
                  000074f4    0000001e     libclang_rt.builtins.a : ashldi3.S.obj (.text.__ashldi3)
                  00007512    0000001e     freertos_builds_LP_MSPM0G3507_release_ticlang.lib : pthread.o (.text._pthread_runStub)
                  00007530    0000001e                                                       : timers.o (.text.prvTimerTask)
                  0000754e    00000002     --HOLE-- [fill = 0]
                  00007550    0000001c     ti_msp_dl_config.o (.text.DL_GPIO_enableHiZ)
                  0000756c    0000001c     ti_msp_dl_config.o (.text.DL_GPIO_initPeripheralOutputFunction)
                  00007588    0000001c     ti_msp_dl_config.o (.text.DL_I2C_disableTargetWakeup)
                  000075a4    0000001c     ti_msp_dl_config.o (.text.DL_SYSCTL_setSYSOSCFreq)
                  000075c0    0000001c     freertos_builds_LP_MSPM0G3507_release_ticlang.lib : pthread.o (.text.pthread_attr_init)
                  000075dc    0000001a                                                       : PTLS.o (.text.PTLS_getBuf)
                  000075f6    0000001a                                                       : PTLS.o (.text.PTLS_setBuf)
                  00007610    00000018     ti_msp_dl_config.o (.text.DL_GPIO_enablePower)
                  00007628    00000018     ti_msp_dl_config.o (.text.DL_GPIO_reset)
                  00007640    00000018     ti_msp_dl_config.o (.text.DL_I2C_enableAnalogGlitchFilter)
                  00007658    00000018     ti_msp_dl_config.o (.text.DL_I2C_enableController)
                  00007670    00000018     ti_msp_dl_config.o (.text.DL_I2C_enableControllerClockStretching)
                  00007688    00000018     ti_msp_dl_config.o (.text.DL_I2C_enablePower)
                  000076a0    00000018     ti_msp_dl_config.o (.text.DL_I2C_enableTarget)
                  000076b8    00000018     ti_msp_dl_config.o (.text.DL_I2C_enableTargetClockStretching)
                  000076d0    00000018     ti_msp_dl_config.o (.text.DL_I2C_enableTargetOwnAddressAlternate)
                  000076e8    00000018     ti_msp_dl_config.o (.text.DL_I2C_reset)
                  00007700    00000018     ti_msp_dl_config.o (.text.DL_I2C_setTimerPeriod)
                  00007718    00000018     ti_msp_dl_config.o (.text.DL_MCAN_enablePower)
                  00007730    00000018     ti_msp_dl_config.o (.text.DL_MCAN_reset)
                  00007748    00000018     driverlib.a : dl_mcan.o (.text.DL_MCAN_setOpMode)
                  00007760    00000018     ti_msp_dl_config.o (.text.DL_SYSCTL_setBORThreshold)
                  00007778    00000018     ti_msp_dl_config.o (.text.DL_SYSCTL_setHFCLKSourceHFCLKIN)
                  00007790    00000018     ti_msp_dl_config.o (.text.SYSCFG_DL_SYSCTL_CLK_init)
                  000077a8    00000018     freertos_builds_LP_MSPM0G3507_release_ticlang.lib : pthread.o (.text.pthread_self)
                  000077c0    00000018                                                       : port.o (.text.vPortEnterCritical)
                  000077d8    00000018                                                       : port.o (.text.vPortYield)
                  000077f0    00000016     MAS_GPIO.o (.text.DL_GPIO_readPins)
                  00007806    00000016     freertos_builds_LP_MSPM0G3507_release_ticlang.lib : HwiPMSPM0_freertos.o (.text.HwiP_delete)
                  0000781c    00000014     ti_msp_dl_config.o (.text.DL_I2C_resetControllerTransfer)
                  00007830    00000014     driverlib.a : dl_interrupt.o (.text.DL_Interrupt_unregisterInterrupt)
                  00007844    00000014     ti_msp_dl_config.o (.text.DL_SYSCTL_disableSYSPLL)
                  00007858    00000014     freertos_builds_LP_MSPM0G3507_release_ticlang.lib : HwiPMSPM0_freertos.o (.text.HwiP_disableInterrupt)
                  0000786c    00000014                                                       : HwiPMSPM0_freertos.o (.text.HwiP_enableInterrupt)
                  00007880    00000014     drivers_mspm0g1x0x_g3x0x.a : I2CMSPM0.o (.text.I2CSupport_controllerFinish)
                  00007894    00000014     libclang_rt.builtins.a : aeabi_uldivmod.S.obj (.text.__aeabi_uldivmod)
                  000078a8    00000014     freertos_builds_LP_MSPM0G3507_release_ticlang.lib : memory.o (.text.aligned_alloc)
                  000078bc    00000014                                                       : tasks.o (.text.xTaskGetCurrentTaskHandle)
                  000078d0    00000014                                                       : tasks.o (.text.xTaskGetTickCount)
                  000078e4    00000012     ti_msp_dl_config.o (.text.DL_MCAN_enableModuleClock)
                  000078f6    00000012     driverlib.a : dl_uart.o (.text.DL_UART_setClockConfig)
                  00007908    00000012     freertos_builds_LP_MSPM0G3507_release_ticlang.lib : pthread.o (.text.pthread_attr_setstacksize)
                  0000791a    00000012     libc.a : memcpy16.S.obj (.text:TI_memcpy_small)
                  0000792c    00000010     driverlib.a : dl_mcan.o (.text.DL_MCAN_getOpMode)
                  0000793c    00000010                 : dl_mcan.o (.text.DL_MCAN_isMemInitDone)
                  0000794c    00000010     ti_msp_dl_config.o (.text.DL_SYSCTL_disableHFXT)
                  0000795c    00000010     drivers_mspm0g1x0x_g3x0x.a : DMAMSPM0.o (.text.DMAMSPM0_getCurrTransferSize)
                  0000796c    00000010                                : I2C.o (.text.I2C_transfer)
                  0000797c    00000010     freertos_builds_LP_MSPM0G3507_release_ticlang.lib : SemaphoreP_freertos.o (.text.SemaphoreP_delete)
                  0000798c    00000010     ti_drivers_config.o (.text.UART0_IRQHandler)
                  0000799c    00000010     freertos_builds_LP_MSPM0G3507_release_ticlang.lib : memory.o (.text.free)
                  000079ac    00000004     libsysbm.a : hostexit.c.obj (.text.HOSTexit)
                  000079b0    00000010     freertos_builds_LP_MSPM0G3507_release_ticlang.lib : portasm.o (.text.vStartFirstTask)
                  000079c0    00000010                                                       : tasks.o (.text.vTaskSuspendAll)
                  000079d0    0000000e     drivers_mspm0g1x0x_g3x0x.a : RingBuf.o (.text.RingBuf_construct)
                  000079de    0000000e     ti_drivers_config.o (.text.UARTMSP_eventCallback)
                  000079ec    0000000e     libclang_rt.builtins.a : aeabi_memset.S.obj (.text.__aeabi_memset)
                  000079fa    0000000e     freertos_builds_LP_MSPM0G3507_release_ticlang.lib : list.o (.text.vListInitialiseItem)
                  00007a08    0000000e     libc.a : memset16.S.obj (.text:TI_memset_small)
                  00007a16    00000002     --HOLE-- [fill = 0]
                  00007a18    0000000c     ti_msp_dl_config.o (.text.DL_SYSCTL_getClockStatus)
                  00007a24    0000000c     drivers_mspm0g1x0x_g3x0x.a : I2CMSPM0.o (.text.I2CMSPM0_blockingCallback)
                  00007a30    0000000c                                : I2C.o (.text.I2C_Params_init)
                  00007a3c    0000000c     libclang_rt.builtins.a : aeabi_memset.S.obj (.text.__aeabi_memclr)
                  00007a48    0000000c     freertos_builds_LP_MSPM0G3507_release_ticlang.lib : memory.o (.text.memalign)
                  00007a54    0000000c                                                       : memory.o (.text.realloc)
                  00007a60    0000000c                                                       : tasks.o (.text.uxTaskGetNumberOfTasks)
                  00007a6c    0000000c     main_freertos.o (.text.vApplicationStackOverflowHook)
                  00007a78    0000000c     freertos_builds_LP_MSPM0G3507_release_ticlang.lib : tasks.o (.text.vTaskMissedYield)
                  00007a84    0000000a     driverlib.a : dl_common.o (.text.DL_Common_delayCycles)
                  00007a8e    00000008     MAS_I2C.o (.text.i2cErrorHandler)
                  00007a96    00000008     main_freertos.o (.text.prvSetupHardware)
                  00007a9e    00000008     freertos_builds_LP_MSPM0G3507_release_ticlang.lib : portasm.o (.text.ulSetInterruptMask)
                  00007aa6    00000006                                                       : ClockP_freertos.o (.text.ClockP_getSystemTickPeriod)
                  00007aac    00000006                                                       : portasm.o (.text.vClearInterruptMask)
                  00007ab2    00000006     libc.a : exit.c.obj (.text:abort)
                  00007ab8    00000004     startup_mspm0g350x_ticlang.o (.text.Reset_Handler)
                  00007abc    00000004     libc.a : pre_init.c.obj (.text._system_pre_init)

.cinit     0    00000000    00000000     UNINITIALIZED

.rodata    0    00007ac0    00000290     
                  00007ac0    00000060     ti_msp_dl_config.o (.rodata.gMCAN0MsgRAMConfigParams)
                  00007b20    00000040     driverlib.a : dl_mcan.o (.rodata..L__const.DL_MCAN_getDataSize.dataSize)
                  00007b60    00000034     ti_msp_dl_config.o (.rodata.gMCAN0InitParams)
                  00007b94    00000030     drivers_mspm0g1x0x_g3x0x.a : DMAMSPM0.o (.rodata.DMA_Ch_defaultParams)
                  00007bc4    0000002c     ti_msp_dl_config.o (.rodata.gMCAN0ConfigParams)
                  00007bf0    00000028     ti_msp_dl_config.o (.rodata.gSYSPLLConfig)
                  00007c18    00000024     ti_drivers_config.o (.rodata.I2CMSPM0HWAttrs)
                  00007c3c    00000024     ti_drivers_config.o (.rodata.UARTMSPHWAttrs)
                  00007c60    00000020     drivers_mspm0g1x0x_g3x0x.a : GPIOMSPM0.o (.rodata.cst16)
                  00007c80    00000020     driverlib.a : dl_mcan.o (.rodata.cst32)
                  00007ca0    00000020     ti_msp_dl_config.o (.rodata.gMCAN0BitTimes)
                  00007cc0    0000001c     drivers_mspm0g1x0x_g3x0x.a : UARTMSPM0.o (.rodata..Lswitch.table.UARTMSP_enable)
                  00007cdc    00000014                                : UARTMSPM0.o (.rodata.UARTMSPSupportFxns)
                  00007cf0    00000010     ti_drivers_config.o (.rodata.GPIO_config)
                  00007d00    00000010     drivers_mspm0g1x0x_g3x0x.a : I2CMSPM0.o (.rodata.cst16)
                  00007d10    00000008     ti_drivers_config.o (.rodata.DMAMSP0HWAttrs)
                  00007d18    00000008     ti_drivers_config.o (.rodata.DMAMSPM0_Config)
                  00007d20    00000008     ti_drivers_config.o (.rodata.I2C_config)
                  00007d28    00000008     ti_drivers_config.o (.rodata.UART_config)
                  00007d30    00000008     freertos_builds_LP_MSPM0G3507_release_ticlang.lib : timers.o (.rodata.str1.6031452896567546882.1)
                  00007d38    00000005                                                       : tasks.o (.rodata.str1.13344916649340266805.1)
                  00007d3d    00000001     ti_drivers_config.o (.rodata.GPIO_pinLowerBound)
                  00007d3e    00000004     ti_msp_dl_config.o (.rodata.gMCAN0ClockConf)
                  00007d42    00000002     ti_msp_dl_config.o (.rodata.gI2C_0ClockConfig)
                  00007d44    00000004     freertos_builds_LP_MSPM0G3507_release_ticlang.lib : tasks.o (.rodata.uxTopUsedPriority)
                  00007d48    00000002                                                       : pthread.o (.rodata.str1.301604644627550129.1)
                  00007d4a    00000001     ti_drivers_config.o (.rodata.GPIO_pinUpperBound)
                  00007d4b    00000001     ti_drivers_config.o (.rodata.I2C_count)
                  00007d4c    00000004     --HOLE-- [fill = 0]

.init_array 
*          0    00000000    00000000     UNINITIALIZED

.binit     0    00000000    00000000     

.vtable    0    20201b00    000000c0     UNINITIALIZED
                  20201b00    000000c0     driverlib.a : dl_interrupt.o (.vtable)

.bss       0    20200000    00001730     UNINITIALIZED
                  20200000    00000c00     freertos_builds_LP_MSPM0G3507_release_ticlang.lib : heap_4.o (.bss.ucHeap)
                  20200c00    00000200                                                       : StaticAllocs_freertos.o (.bss.vApplicationGetIdleTaskMemory.uxIdleTaskStack)
                  20200e00    00000200                                                       : StaticAllocs_freertos.o (.bss.vApplicationGetTimerTaskMemory.uxTimerTaskStack)
                  20201000    000000f8     (.common:I2CMSPM0Objects)
                  202010f8    000000f0     (.common:gpioCallbackFunctions)
                  202011e8    000000f0     (.common:gpioUserArgs)
                  202012d8    000000c8                                                       : tasks.o (.bss.pxReadyTasksLists)
                  202013a0    00000098     (.common:gMCAN0Backup)
                  20201438    00000078                                                       : timers.o (.bss.prvCheckForValidListAndQueue.ucStaticTimerQueueStorage)
                  202014b0    00000068                                                       : StaticAllocs_freertos.o (.bss.vApplicationGetIdleTaskMemory.xIdleTaskTCB)
                  20201518    00000068                                                       : StaticAllocs_freertos.o (.bss.vApplicationGetTimerTaskMemory.xTimerTaskTCB)
                  20201580    00000050                                                       : timers.o (.bss.prvCheckForValidListAndQueue.xStaticTimerQueue)
                  202015d0    00000030     drivers_mspm0g1x0x_g3x0x.a : UARTMSPM0.o (.bss.DMATransfer)
                  20201600    0000001c                                : DMAMSPM0.o (.bss.hwiFxnArgs)
                  2020161c    0000001c                                : DMAMSPM0.o (.bss.hwiFxnHandlers)
                  20201638    00000018                                : UARTMSPM0.o (.bss.dlDMACfg)
                  20201650    00000014     freertos_builds_LP_MSPM0G3507_release_ticlang.lib : timers.o (.bss.xActiveTimerList1)
                  20201664    00000014                                                       : timers.o (.bss.xActiveTimerList2)
                  20201678    00000014                                                       : tasks.o (.bss.xDelayedTaskList1)
                  2020168c    00000014                                                       : tasks.o (.bss.xDelayedTaskList2)
                  202016a0    00000014                                                       : tasks.o (.bss.xPendingReadyList)
                  202016b4    00000014                                                       : tasks.o (.bss.xSuspendedTaskList)
                  202016c8    00000014                                                       : tasks.o (.bss.xTasksWaitingTermination)
                  202016dc    00000010     (.common:message1)
                  202016ec    00000008                                                       : heap_4.o (.bss.xStart)
                  202016f4    00000004     drivers_mspm0g1x0x_g3x0x.a : UARTMSPM0.o (.bss.UARTMSP_interruptHandler.dstAddr)
                  202016f8    00000004                                : UART.o (.bss.UART_writeCallback.dstAddr)
                  202016fc    00000004                                : DMAMSPM0.o (.bss.hwiHandle)
                  20201700    00000004     freertos_builds_LP_MSPM0G3507_release_ticlang.lib : aeabi_portable.o (.bss.main_reent)
                  20201704    00000004                                                       : timers.o (.bss.pxCurrentTimerList)
                  20201708    00000004                                                       : tasks.o (.bss.pxDelayedTaskList)
                  2020170c    00000004                                                       : tasks.o (.bss.pxOverflowDelayedTaskList)
                  20201710    00000004                                                       : timers.o (.bss.pxOverflowTimerList)
                  20201714    00000004                                                       : tasks.o (.bss.xIdleTaskHandles)
                  20201718    00000004     (.common:sin_cos1)
                  2020171c    00000004     (.common:sin_cos2)
                  20201720    00000003     (.common:txBuffer1)
                  20201723    00000003     (.common:txBuffer2)
                  20201726    00000002     (.common:rxBuffer1)
                  20201728    00000002     (.common:rxBuffer2)
                  2020172a    00000001     (.common:hall_value1)
                  2020172b    00000001     (.common:hall_value2)
                  2020172c    00000001     (.common:rxComBuffer)
                  2020172d    00000001     (.common:status1)
                  2020172e    00000001     (.common:status2)
                  2020172f    00000001     (.common:txComBuffer)

.data      0    20201730    00000302     
                  20201730    000000f0     ti_drivers_config.o (.data.gpioPinConfigs)
                  20201820    000000c0     freertos_builds_LP_MSPM0G3507_release_ticlang.lib : HwiPMSPM0_freertos.o (.data.HwiP_dispatchTable)
                  202018e0    00000098     ti_drivers_config.o (.data.UARTObject)
                  20201978    00000030     ti_drivers_config.o (.data.DMAObject)
                  202019a8    00000014     freertos_builds_LP_MSPM0G3507_release_ticlang.lib : pthread.o (.data.defaultPthreadAttrs)
                  202019bc    00000004                                                       : HwiPMSPM0_freertos.o (.data.HwiP_swiPIntNum)
                  202019c0    00000004     drivers_mspm0g1x0x_g3x0x.a : DMAMSPM0.o (.data.chTransferSet)
                  202019c4    00000004                                : DMAMSPM0.o (.data.channelsInUse)
                  202019c8    00000004                                : DMAMSPM0.o (.data.dmaIntRefCount)
                  202019cc    00000004                                : DMAMSPM0.o (.data.interruptSetupLock)
                  202019d0    00000004     freertos_builds_LP_MSPM0G3507_release_ticlang.lib : timers.o (.data.prvSampleTimeNow.xLastTime)
                  202019d4    00000004                                                       : tasks.o (.data.pxCurrentTCB)
                  202019d8    00000004                                                       : heap_4.o (.data.pxEnd)
                  202019dc    00000004                                                       : port.o (.data.ulCriticalNesting)
                  202019e0    00000004                                                       : port.o (.data.ulStoppedTimerCompensation)
                  202019e4    00000004                                                       : port.o (.data.ulTimerCountsForOneTick)
                  202019e8    00000004                                                       : tasks.o (.data.uxCurrentNumberOfTasks)
                  202019ec    00000004                                                       : tasks.o (.data.uxDeletedTasksWaitingCleanUp)
                  202019f0    00000004                                                       : tasks.o (.data.uxSchedulerSuspended)
                  202019f4    00000004                                                       : tasks.o (.data.uxTaskNumber)
                  202019f8    00000004                                                       : tasks.o (.data.uxTopReadyPriority)
                  202019fc    00000004                                                       : heap_4.o (.data.xFreeBytesRemaining)
                  20201a00    00000004                                                       : port.o (.data.xMaximumPossibleSuppressedTicks)
                  20201a04    00000004                                                       : heap_4.o (.data.xMinimumEverFreeBytesRemaining)
                  20201a08    00000004                                                       : tasks.o (.data.xNextTaskUnblockTime)
                  20201a0c    00000004                                                       : tasks.o (.data.xNumOfOverflows)
                  20201a10    00000004                                                       : heap_4.o (.data.xNumberOfSuccessfulAllocations)
                  20201a14    00000004                                                       : heap_4.o (.data.xNumberOfSuccessfulFrees)
                  20201a18    00000004                                                       : tasks.o (.data.xPendedTicks)
                  20201a1c    00000004                                                       : tasks.o (.data.xSchedulerRunning)
                  20201a20    00000004                                                       : tasks.o (.data.xTickCount)
                  20201a24    00000004                                                       : timers.o (.data.xTimerQueue)
                  20201a28    00000004                                                       : timers.o (.data.xTimerTaskHandle)
                  20201a2c    00000004                                                       : tasks.o (.data.xYieldPendings)
                  20201a30    00000001     drivers_mspm0g1x0x_g3x0x.a : DMAMSPM0.o (.data.dmaInitialized)
                  20201a31    00000001                                : GPIOMSPM0.o (.data.portHwiCreatedBitMask)

.stack     0    20207e00    00000200     UNINITIALIZED
                  20207e00    00000004     libc.a : boot_cortex_m.c.obj (.stack)
                  20207e04    000001fc     --HOLE--

__llvm_prf_cnts 
*          0    20200000    00000000     UNINITIALIZED

__llvm_prf_bits 
*          0    20200000    00000000     UNINITIALIZED

MODULE SUMMARY

       Module                         code    ro data   rw data
       ------                         ----    -------   -------
    Debug/
       ti_msp_dl_config.o             1688    270       152    
       ti_drivers_config.o            30      123       1168   
       MAS_I2C.o                      790     0         12     
       MAS_CAN.o                      320     0         16     
       startup_mspm0g350x_ticlang.o   96      192       0      
       MAS_GPIO.o                     182     0         0      
       main_freertos.o                144     0         0      
       i2ccontroller.o                80      0         12     
    +--+------------------------------+-------+---------+---------+
       Total:                         3330    585       1360   
                                                               
    /Applications/ti/ccs2030/ccs/tools/compiler/ti-cgt-armllvm_4.0.3.LTS/lib/armv6m-ti-none-eabi/c/libc.a
       boot_cortex_m.c.obj            32      0         0      
       memcpy16.S.obj                 18      0         0      
       memset16.S.obj                 14      0         0      
       exit.c.obj                     6       0         0      
       pre_init.c.obj                 4       0         0      
    +--+------------------------------+-------+---------+---------+
       Total:                         74      0         0      
                                                               
    /Applications/ti/ccs2030/ccs/tools/compiler/ti-cgt-armllvm_4.0.3.LTS/lib/armv6m-ti-none-eabi/c/libsysbm.a
       hostexit.c.obj                 4       0         0      
    +--+------------------------------+-------+---------+---------+
       Total:                         4       0         0      
                                                               
    /Applications/ti/ccs2030/ccs/tools/compiler/ti-cgt-armllvm_4.0.3.LTS/lib/armv6m-ti-none-eabi/libclang_rt.builtins.a
       udivmoddi4.S.obj               162     0         0      
       clzsi2.c.obj                   88      0         0      
       aeabi_uidivmod.S.obj           64      0         0      
       muldsi3.S.obj                  58      0         0      
       muldi3.S.obj                   36      0         0      
       ashldi3.S.obj                  30      0         0      
       aeabi_memset.S.obj             26      0         0      
       aeabi_uldivmod.S.obj           20      0         0      
       aeabi_memcpy.S.obj             8       0         0      
       aeabi_div0.c.obj               4       0         0      
    +--+------------------------------+-------+---------+---------+
       Total:                         496     0         0      
                                                               
    /Users/krisztiancsuta/ti/mspm0_sdk_2_06_00_05/source/ti/driverlib/lib/ticlang/m0p/mspm0g1x0x_g3x0x/driverlib.a
       dl_mcan.o                      1704    96        0      
       dl_interrupt.o                 164     0         192    
       dl_i2c.o                       240     0         0      
       dl_sysctl_mspm0g1x0x_g3x0x.o   220     0         0      
       dl_uart.o                      218     0         0      
       dl_dma.o                       76      0         0      
       dl_common.o                    10      0         0      
    +--+------------------------------+-------+---------+---------+
       Total:                         2632    96        192    
                                                               
    /Users/krisztiancsuta/ti/mspm0_sdk_2_06_00_05/source/ti/drivers/lib/ticlang/m0p/drivers_mspm0g1x0x_g3x0x.a
       UARTMSPM0.o                    2336    48        76     
       I2CMSPM0.o                     1864    16        0      
       DMAMSPM0.o                     1304    48        77     
       GPIOMSPM0.o                    948     32        1      
       RingBuf.o                      918     0         0      
       UART.o                         640     0         4      
       I2C.o                          370     0         0      
    +--+------------------------------+-------+---------+---------+
       Total:                         8380    144       158    
                                                               
    freertos_builds_LP_MSPM0G3507_release_ticlang/Debug/freertos_builds_LP_MSPM0G3507_release_ticlang.lib
       tasks.o                        6344    9         360    
       heap_4.o                       1336    0         3100   
       queue.o                        3248    0         0      
       timers.o                       1200    8         260    
       StaticAllocs_freertos.o        80      0         1232   
       port.o                         1138    0         16     
       HwiPMSPM0_freertos.o           806     0         196    
       pthread.o                      914     2         20     
       SemaphoreP_freertos.o          318     0         0      
       list.o                         296     0         0      
       memory.o                       258     0         0      
       portasm.o                      170     0         0      
       PTLS.o                         88      0         0      
       aeabi_portable.o               84      0         4      
       ClockP_freertos.o              6       0         0      
    +--+------------------------------+-------+---------+---------+
       Total:                         16286   19        5188   
                                                               
       Stack:                         0       0         512    
    +--+------------------------------+-------+---------+---------+
       Grand Total:                   31202   844       7410   


GLOBAL SYMBOLS: SORTED ALPHABETICALLY BY Name 

address   name                               
-------   ----                               
0000740d  ADC0_IRQHandler                    
0000740d  ADC1_IRQHandler                    
0000740d  AES_IRQHandler                     
000079ac  C$$EXIT                            
0000740d  CANFD0_IRQHandler                  
00004a01  CAN_transfer                       
00007aa7  ClockP_getSystemTickPeriod         
0000740d  DAC0_IRQHandler                    
00007a85  DL_Common_delayCycles              
00006379  DL_DMA_initChannel                 
00005ed9  DL_I2C_fillControllerTXFIFO        
00006de9  DL_I2C_flushControllerRXFIFO       
0000696d  DL_I2C_flushControllerTXFIFO       
0000727b  DL_I2C_setClockConfig              
00005155  DL_Interrupt_registerInterrupt     
00007831  DL_Interrupt_unregisterInterrupt   
00006c15  DL_MCAN_TXBufAddReq                
00003cb1  DL_MCAN_config                     
0000792d  DL_MCAN_getOpMode                  
00006651  DL_MCAN_getRevisionId              
00003f5d  DL_MCAN_init                       
0000793d  DL_MCAN_isMemInitDone              
00000b11  DL_MCAN_msgRAMConfig               
000041f1  DL_MCAN_setBitTime                 
00007311  DL_MCAN_setClockConfig             
00006c49  DL_MCAN_setExtIDAndMask            
00007749  DL_MCAN_setOpMode                  
00003ad1  DL_MCAN_writeMsgRam                
00004039  DL_SYSCTL_configSYSPLL             
000056b1  DL_UART_configBaudRate             
000064a5  DL_UART_init                       
000078f7  DL_UART_setClockConfig             
00007d18  DMAMSPM0_Config                    
00005419  DMAMSPM0_close                     
00006f65  DMAMSPM0_disableChannel            
0000795d  DMAMSPM0_getCurrTransferSize       
00004115  DMAMSPM0_init                      
00004469  DMAMSPM0_open                      
000051e5  DMAMSPM0_setupTransfer             
20201978  DMAObject                          
00007b94  DMA_Ch_defaultParams               
0000740d  DMA_IRQHandler                     
000048b1  DMA_Init                           
0000740d  Default_Handler                    
00007cf0  GPIO_config                        
000037e9  GPIO_hwiIntFxn                     
00007d3d  GPIO_pinLowerBound                 
00007d4a  GPIO_pinUpperBound                 
00000d25  GPIO_setConfigAndMux               
00004805  GPIO_setInterruptConfig            
0000740d  GROUP0_IRQHandler                  
0000740d  GROUP1_IRQHandler                  
000079ad  HOSTexit                           
00007475  HardFault_Handler                  
00007335  HwiP_Params_init                   
00004529  HwiP_construct                     
00006695  HwiP_create                        
00007807  HwiP_delete                        
00007495  HwiP_destruct                      
00006c7d  HwiP_disable                       
00007859  HwiP_disableInterrupt              
00006a59  HwiP_dispatch                      
0000786d  HwiP_enableInterrupt               
00006e19  HwiP_inISR                         
00007359  HwiP_restore                       
202019bc  HwiP_swiPIntNum                    
0000740d  I2C0_IRQHandler                    
0000740d  I2C1_IRQHandler                    
00007c18  I2CMSPM0HWAttrs                    
20201000  I2CMSPM0Objects                    
00007881  I2CSupport_controllerFinish        
0000170f  I2CSupport_powerRelConstraint      
00001abf  I2CSupport_powerSetConstraint      
00005b0d  I2CSupport_primeTransfer           
00007a31  I2C_Params_init                    
0000718d  I2C_cancel                         
00007d20  I2C_config                         
00007d4b  I2C_count                          
000030b7  I2C_init                           
0000133d  I2C_open                           
0000796d  I2C_transfer                       
000026a9  I2C_transferTimeout                
0000740d  NMI_Handler                        
000075dd  PTLS_getBuf                        
000075f7  PTLS_setBuf                        
0000737d  PTLS_taskDeleteHook                
000066e1  PendSV_Handler                     
0000740d  RTC_IRQHandler                     
00007ab9  Reset_Handler                      
000079d1  RingBuf_construct                  
000067f1  RingBuf_get                        
00006cb1  RingBuf_getConsume                 
000072a1  RingBuf_getPointer                 
00002c65  RingBuf_getn                       
000065c5  RingBuf_put                        
000068b5  RingBuf_putAdvance                 
00006a91  RingBuf_putPointer                 
00002d7f  RingBuf_putn                       
0000740d  SPI0_IRQHandler                    
0000740d  SPI1_IRQHandler                    
000073a1  SVC_Handler                        
0000502d  SYSCFG_DL_GPIO_init                
00004e65  SYSCFG_DL_I2C_0_init               
00004959  SYSCFG_DL_MCAN0_init               
00007791  SYSCFG_DL_SYSCTL_CLK_init          
00006f91  SYSCFG_DL_SYSCTL_init              
000071b5  SYSCFG_DL_init                     
00006725  SYSCFG_DL_initPower                
00006833  SemaphoreP_constructBinary         
00006ac9  SemaphoreP_createBinary            
0000797d  SemaphoreP_delete                  
0000538d  SemaphoreP_pend                    
00006fbd  SemaphoreP_post                    
00006e49  SysTick_Handler                    
0000740d  TIMA0_IRQHandler                   
0000740d  TIMA1_IRQHandler                   
0000740d  TIMG0_IRQHandler                   
0000740d  TIMG12_IRQHandler                  
0000740d  TIMG6_IRQHandler                   
0000740d  TIMG7_IRQHandler                   
0000740d  TIMG8_IRQHandler                   
0000791b  TI_memcpy_small                    
00007a09  TI_memset_small                    
0000798d  UART0_IRQHandler                   
0000740d  UART1_IRQHandler                   
0000740d  UART2_IRQHandler                   
0000740d  UART3_IRQHandler                   
00007cdc  UARTMSPSupportFxns                 
000036ed  UARTMSP_dmaRx                      
00005a1d  UARTMSP_enableInts                 
000079df  UARTMSP_eventCallback              
000000c1  UARTMSP_interruptHandler           
202018e0  UARTObject                         
00007d28  UART_config                        
000039d9  UART_readFullFeatured              
00004efd  UART_writeBuffered                 
0000469d  UART_writeCallback                 
000068f3  UART_writeFullFeatured             
20208000  __STACK_END                        
00000200  __STACK_SIZE                       
00000000  __TI_ATRegion0_region_sz           
00000000  __TI_ATRegion0_src_addr            
00000000  __TI_ATRegion0_trg_addr            
00000000  __TI_ATRegion1_region_sz           
00000000  __TI_ATRegion1_src_addr            
00000000  __TI_ATRegion1_trg_addr            
00000000  __TI_ATRegion2_region_sz           
00000000  __TI_ATRegion2_src_addr            
00000000  __TI_ATRegion2_trg_addr            
ffffffff  __TI_pprof_out_hndl                
ffffffff  __TI_prof_data_size                
ffffffff  __TI_prof_data_start               
00000000  __TI_static_base__                 
000060a1  __aeabi_errno_addr                 
000036eb  __aeabi_idiv0                      
00003acf  __aeabi_ldiv0                      
000074f5  __aeabi_llsl                       
000073c5  __aeabi_lmul                       
00007a3d  __aeabi_memclr                     
00007a3d  __aeabi_memclr4                    
00007a3d  __aeabi_memclr8                    
000066d9  __aeabi_memcpy                     
000066d9  __aeabi_memcpy4                    
000066d9  __aeabi_memcpy8                    
000079ed  __aeabi_memset                     
000079ed  __aeabi_memset4                    
000079ed  __aeabi_memset8                    
00006875  __aeabi_uidiv                      
00006875  __aeabi_uidivmod                   
00007895  __aeabi_uldivmod                   
000074f5  __ashldi3                          
ffffffff  __binit__                          
00005fef  __clzsi2                           
UNDEFED   __mpu_init                         
000073c5  __muldi3                           
000069e5  __muldsi3                          
20207e00  __stack                            
20200000  __start___llvm_prf_bits            
20200000  __start___llvm_prf_cnts            
20200000  __stop___llvm_prf_bits             
20200000  __stop___llvm_prf_cnts             
00004b49  __udivmoddi4                       
000074d5  _c_int00_noinit_noargs             
00007015  _pthread_cleanup_pop               
00007abd  _system_pre_init                   
00007ab3  abort                              
000078a9  aligned_alloc                      
ffffffff  binit                              
000057b1  calloc                             
00004dc9  can_send                           
0000582d  eTaskConfirmSleepModeStatus        
0000799d  free                               
202013a0  gMCAN0Backup                       
202010f8  gpioCallbackFunctions              
20201730  gpioPinConfigs                     
202011e8  gpioUserArgs                       
2020172a  hall_value1                        
2020172b  hall_value2                        
00000000  interruptVectors                   
000058a9  main                               
00006199  mainThread                         
0000645b  malloc                             
00007a49  memalign                           
202016dc  message1                           
00006b39  prvGetRegistersFromStack           
000075c1  pthread_attr_init                  
00006f07  pthread_attr_setdetachstate        
00006d19  pthread_attr_setschedparam         
00007909  pthread_attr_setstacksize          
00002419  pthread_create                     
00005bf5  pthread_exit                       
000077a9  pthread_self                       
00005f95  pthread_setcancelstate             
0000087d  pvPortMalloc                       
00005e79  pvTaskGetThreadLocalStoragePointer 
000073e9  pvTaskIncrementMutexHeldCount      
202019d4  pxCurrentTCB                       
00002e95  pxPortInitialiseStack              
000062d9  read_hall_sensor_1                 
00006329  read_hall_sensor_2                 
000005b9  read_i2c_values                    
00007a55  realloc                            
20201726  rxBuffer1                          
20201728  rxBuffer2                          
2020172c  rxComBuffer                        
20201718  sin_cos1                           
2020171c  sin_cos2                           
2020172d  status1                            
2020172e  status2                            
20201720  txBuffer1                          
20201723  txBuffer2                          
2020172f  txComBuffer                        
00007a9f  ulSetInterruptMask                 
000064ed  uxListRemove                       
00007a61  uxTaskGetNumberOfTasks             
00007205  vApplicationGetIdleTaskMemory      
0000722d  vApplicationGetTimerTaskMemory     
00007a6d  vApplicationStackOverflowHook      
00007aad  vClearInterruptMask                
00007041  vListInitialise                    
000079fb  vListInitialiseItem                
00005cd1  vListInsert                        
00006a1f  vListInsertEnd                     
000077c1  vPortEnterCritical                 
0000706d  vPortExitCritical                  
000038e1  vPortFree                          
00006f35  vPortSVCHandler_C                  
000060f5  vPortSetupTimerInterrupt           
00001e0d  vPortSuppressTicksAndSleep         
000077d9  vPortYield                         
00006db5  vQueueDelete                       
00005d3d  vQueueWaitForMessageRestricted     
00007411  vRestoreContextOfFirstTask         
000079b1  vStartFirstTask                    
00002b49  vTaskDelete                        
000074b5  vTaskInternalSetTimeOutState       
00007a79  vTaskMissedYield                   
00006d4d  vTaskPlaceOnEventList              
00005b81  vTaskPlaceOnEventListRestricted    
00002565  vTaskPriorityDisinheritAfterTimeout
00006d81  vTaskSetApplicationTaskTag         
00006049  vTaskSetThreadLocalStoragePointer  
00005e11  vTaskStartScheduler                
0000562d  vTaskStepTick                      
00002a25  vTaskSuspend                       
000079c1  vTaskSuspendAll                    
000031c5  vTaskSwitchContext                 
00005731  xPortStartScheduler                
000050c1  xQueueGenericCreate                
00004c8d  xQueueGenericCreateStatic          
00003e79  xQueueGenericReset                 
000018ed  xQueueGenericSend                  
00002fa9  xQueueGiveFromISR                  
00001c69  xQueueReceive                      
000034e1  xQueueReceiveFromISR               
00001531  xQueueSemaphoreTake                
00004751  xTaskCheckForTimeOut               
00006535  xTaskCreate                        
000063c5  xTaskCreateStatic                  
0000657d  xTaskGetApplicationTaskTag         
000078bd  xTaskGetCurrentTaskHandle          
00006b71  xTaskGetSchedulerState             
000078d1  xTaskGetTickCount                  
00000f35  xTaskIncrementTick                 
000033d9  xTaskPriorityDisinherit            
000028fd  xTaskPriorityInherit               
00001fad  xTaskRemoveFromEventList           
00001145  xTaskResumeAll                     
000059a1  xTimerCreateTimerTask              


GLOBAL SYMBOLS: SORTED BY Symbol Address 

address   name                               
-------   ----                               
00000000  __TI_ATRegion0_region_sz           
00000000  __TI_ATRegion0_src_addr            
00000000  __TI_ATRegion0_trg_addr            
00000000  __TI_ATRegion1_region_sz           
00000000  __TI_ATRegion1_src_addr            
00000000  __TI_ATRegion1_trg_addr            
00000000  __TI_ATRegion2_region_sz           
00000000  __TI_ATRegion2_src_addr            
00000000  __TI_ATRegion2_trg_addr            
00000000  __TI_static_base__                 
00000000  interruptVectors                   
000000c1  UARTMSP_interruptHandler           
00000200  __STACK_SIZE                       
000005b9  read_i2c_values                    
0000087d  pvPortMalloc                       
00000b11  DL_MCAN_msgRAMConfig               
00000d25  GPIO_setConfigAndMux               
00000f35  xTaskIncrementTick                 
00001145  xTaskResumeAll                     
0000133d  I2C_open                           
00001531  xQueueSemaphoreTake                
0000170f  I2CSupport_powerRelConstraint      
000018ed  xQueueGenericSend                  
00001abf  I2CSupport_powerSetConstraint      
00001c69  xQueueReceive                      
00001e0d  vPortSuppressTicksAndSleep         
00001fad  xTaskRemoveFromEventList           
00002419  pthread_create                     
00002565  vTaskPriorityDisinheritAfterTimeout
000026a9  I2C_transferTimeout                
000028fd  xTaskPriorityInherit               
00002a25  vTaskSuspend                       
00002b49  vTaskDelete                        
00002c65  RingBuf_getn                       
00002d7f  RingBuf_putn                       
00002e95  pxPortInitialiseStack              
00002fa9  xQueueGiveFromISR                  
000030b7  I2C_init                           
000031c5  vTaskSwitchContext                 
000033d9  xTaskPriorityDisinherit            
000034e1  xQueueReceiveFromISR               
000036eb  __aeabi_idiv0                      
000036ed  UARTMSP_dmaRx                      
000037e9  GPIO_hwiIntFxn                     
000038e1  vPortFree                          
000039d9  UART_readFullFeatured              
00003acf  __aeabi_ldiv0                      
00003ad1  DL_MCAN_writeMsgRam                
00003cb1  DL_MCAN_config                     
00003e79  xQueueGenericReset                 
00003f5d  DL_MCAN_init                       
00004039  DL_SYSCTL_configSYSPLL             
00004115  DMAMSPM0_init                      
000041f1  DL_MCAN_setBitTime                 
00004469  DMAMSPM0_open                      
00004529  HwiP_construct                     
0000469d  UART_writeCallback                 
00004751  xTaskCheckForTimeOut               
00004805  GPIO_setInterruptConfig            
000048b1  DMA_Init                           
00004959  SYSCFG_DL_MCAN0_init               
00004a01  CAN_transfer                       
00004b49  __udivmoddi4                       
00004c8d  xQueueGenericCreateStatic          
00004dc9  can_send                           
00004e65  SYSCFG_DL_I2C_0_init               
00004efd  UART_writeBuffered                 
0000502d  SYSCFG_DL_GPIO_init                
000050c1  xQueueGenericCreate                
00005155  DL_Interrupt_registerInterrupt     
000051e5  DMAMSPM0_setupTransfer             
0000538d  SemaphoreP_pend                    
00005419  DMAMSPM0_close                     
0000562d  vTaskStepTick                      
000056b1  DL_UART_configBaudRate             
00005731  xPortStartScheduler                
000057b1  calloc                             
0000582d  eTaskConfirmSleepModeStatus        
000058a9  main                               
000059a1  xTimerCreateTimerTask              
00005a1d  UARTMSP_enableInts                 
00005b0d  I2CSupport_primeTransfer           
00005b81  vTaskPlaceOnEventListRestricted    
00005bf5  pthread_exit                       
00005cd1  vListInsert                        
00005d3d  vQueueWaitForMessageRestricted     
00005e11  vTaskStartScheduler                
00005e79  pvTaskGetThreadLocalStoragePointer 
00005ed9  DL_I2C_fillControllerTXFIFO        
00005f95  pthread_setcancelstate             
00005fef  __clzsi2                           
00006049  vTaskSetThreadLocalStoragePointer  
000060a1  __aeabi_errno_addr                 
000060f5  vPortSetupTimerInterrupt           
00006199  mainThread                         
000062d9  read_hall_sensor_1                 
00006329  read_hall_sensor_2                 
00006379  DL_DMA_initChannel                 
000063c5  xTaskCreateStatic                  
0000645b  malloc                             
000064a5  DL_UART_init                       
000064ed  uxListRemove                       
00006535  xTaskCreate                        
0000657d  xTaskGetApplicationTaskTag         
000065c5  RingBuf_put                        
00006651  DL_MCAN_getRevisionId              
00006695  HwiP_create                        
000066d9  __aeabi_memcpy                     
000066d9  __aeabi_memcpy4                    
000066d9  __aeabi_memcpy8                    
000066e1  PendSV_Handler                     
00006725  SYSCFG_DL_initPower                
000067f1  RingBuf_get                        
00006833  SemaphoreP_constructBinary         
00006875  __aeabi_uidiv                      
00006875  __aeabi_uidivmod                   
000068b5  RingBuf_putAdvance                 
000068f3  UART_writeFullFeatured             
0000696d  DL_I2C_flushControllerTXFIFO       
000069e5  __muldsi3                          
00006a1f  vListInsertEnd                     
00006a59  HwiP_dispatch                      
00006a91  RingBuf_putPointer                 
00006ac9  SemaphoreP_createBinary            
00006b39  prvGetRegistersFromStack           
00006b71  xTaskGetSchedulerState             
00006c15  DL_MCAN_TXBufAddReq                
00006c49  DL_MCAN_setExtIDAndMask            
00006c7d  HwiP_disable                       
00006cb1  RingBuf_getConsume                 
00006d19  pthread_attr_setschedparam         
00006d4d  vTaskPlaceOnEventList              
00006d81  vTaskSetApplicationTaskTag         
00006db5  vQueueDelete                       
00006de9  DL_I2C_flushControllerRXFIFO       
00006e19  HwiP_inISR                         
00006e49  SysTick_Handler                    
00006f07  pthread_attr_setdetachstate        
00006f35  vPortSVCHandler_C                  
00006f65  DMAMSPM0_disableChannel            
00006f91  SYSCFG_DL_SYSCTL_init              
00006fbd  SemaphoreP_post                    
00007015  _pthread_cleanup_pop               
00007041  vListInitialise                    
0000706d  vPortExitCritical                  
0000718d  I2C_cancel                         
000071b5  SYSCFG_DL_init                     
00007205  vApplicationGetIdleTaskMemory      
0000722d  vApplicationGetTimerTaskMemory     
0000727b  DL_I2C_setClockConfig              
000072a1  RingBuf_getPointer                 
00007311  DL_MCAN_setClockConfig             
00007335  HwiP_Params_init                   
00007359  HwiP_restore                       
0000737d  PTLS_taskDeleteHook                
000073a1  SVC_Handler                        
000073c5  __aeabi_lmul                       
000073c5  __muldi3                           
000073e9  pvTaskIncrementMutexHeldCount      
0000740d  ADC0_IRQHandler                    
0000740d  ADC1_IRQHandler                    
0000740d  AES_IRQHandler                     
0000740d  CANFD0_IRQHandler                  
0000740d  DAC0_IRQHandler                    
0000740d  DMA_IRQHandler                     
0000740d  Default_Handler                    
0000740d  GROUP0_IRQHandler                  
0000740d  GROUP1_IRQHandler                  
0000740d  I2C0_IRQHandler                    
0000740d  I2C1_IRQHandler                    
0000740d  NMI_Handler                        
0000740d  RTC_IRQHandler                     
0000740d  SPI0_IRQHandler                    
0000740d  SPI1_IRQHandler                    
0000740d  TIMA0_IRQHandler                   
0000740d  TIMA1_IRQHandler                   
0000740d  TIMG0_IRQHandler                   
0000740d  TIMG12_IRQHandler                  
0000740d  TIMG6_IRQHandler                   
0000740d  TIMG7_IRQHandler                   
0000740d  TIMG8_IRQHandler                   
0000740d  UART1_IRQHandler                   
0000740d  UART2_IRQHandler                   
0000740d  UART3_IRQHandler                   
00007411  vRestoreContextOfFirstTask         
00007475  HardFault_Handler                  
00007495  HwiP_destruct                      
000074b5  vTaskInternalSetTimeOutState       
000074d5  _c_int00_noinit_noargs             
000074f5  __aeabi_llsl                       
000074f5  __ashldi3                          
000075c1  pthread_attr_init                  
000075dd  PTLS_getBuf                        
000075f7  PTLS_setBuf                        
00007749  DL_MCAN_setOpMode                  
00007791  SYSCFG_DL_SYSCTL_CLK_init          
000077a9  pthread_self                       
000077c1  vPortEnterCritical                 
000077d9  vPortYield                         
00007807  HwiP_delete                        
00007831  DL_Interrupt_unregisterInterrupt   
00007859  HwiP_disableInterrupt              
0000786d  HwiP_enableInterrupt               
00007881  I2CSupport_controllerFinish        
00007895  __aeabi_uldivmod                   
000078a9  aligned_alloc                      
000078bd  xTaskGetCurrentTaskHandle          
000078d1  xTaskGetTickCount                  
000078f7  DL_UART_setClockConfig             
00007909  pthread_attr_setstacksize          
0000791b  TI_memcpy_small                    
0000792d  DL_MCAN_getOpMode                  
0000793d  DL_MCAN_isMemInitDone              
0000795d  DMAMSPM0_getCurrTransferSize       
0000796d  I2C_transfer                       
0000797d  SemaphoreP_delete                  
0000798d  UART0_IRQHandler                   
0000799d  free                               
000079ac  C$$EXIT                            
000079ad  HOSTexit                           
000079b1  vStartFirstTask                    
000079c1  vTaskSuspendAll                    
000079d1  RingBuf_construct                  
000079df  UARTMSP_eventCallback              
000079ed  __aeabi_memset                     
000079ed  __aeabi_memset4                    
000079ed  __aeabi_memset8                    
000079fb  vListInitialiseItem                
00007a09  TI_memset_small                    
00007a31  I2C_Params_init                    
00007a3d  __aeabi_memclr                     
00007a3d  __aeabi_memclr4                    
00007a3d  __aeabi_memclr8                    
00007a49  memalign                           
00007a55  realloc                            
00007a61  uxTaskGetNumberOfTasks             
00007a6d  vApplicationStackOverflowHook      
00007a79  vTaskMissedYield                   
00007a85  DL_Common_delayCycles              
00007a9f  ulSetInterruptMask                 
00007aa7  ClockP_getSystemTickPeriod         
00007aad  vClearInterruptMask                
00007ab3  abort                              
00007ab9  Reset_Handler                      
00007abd  _system_pre_init                   
00007b94  DMA_Ch_defaultParams               
00007c18  I2CMSPM0HWAttrs                    
00007cdc  UARTMSPSupportFxns                 
00007cf0  GPIO_config                        
00007d18  DMAMSPM0_Config                    
00007d20  I2C_config                         
00007d28  UART_config                        
00007d3d  GPIO_pinLowerBound                 
00007d4a  GPIO_pinUpperBound                 
00007d4b  I2C_count                          
20200000  __start___llvm_prf_bits            
20200000  __start___llvm_prf_cnts            
20200000  __stop___llvm_prf_bits             
20200000  __stop___llvm_prf_cnts             
20201000  I2CMSPM0Objects                    
202010f8  gpioCallbackFunctions              
202011e8  gpioUserArgs                       
202013a0  gMCAN0Backup                       
202016dc  message1                           
20201718  sin_cos1                           
2020171c  sin_cos2                           
20201720  txBuffer1                          
20201723  txBuffer2                          
20201726  rxBuffer1                          
20201728  rxBuffer2                          
2020172a  hall_value1                        
2020172b  hall_value2                        
2020172c  rxComBuffer                        
2020172d  status1                            
2020172e  status2                            
2020172f  txComBuffer                        
20201730  gpioPinConfigs                     
202018e0  UARTObject                         
20201978  DMAObject                          
202019bc  HwiP_swiPIntNum                    
202019d4  pxCurrentTCB                       
20207e00  __stack                            
20208000  __STACK_END                        
ffffffff  __TI_pprof_out_hndl                
ffffffff  __TI_prof_data_size                
ffffffff  __TI_prof_data_start               
ffffffff  __binit__                          
ffffffff  binit                              
UNDEFED   __mpu_init                         

[289 symbols]
